Archive member included to satisfy reference by file (symbol)

d:/progra~2/gbuarm~1/bin/../lib/gcc/arm-none-eabi/10.3.1/thumb/v6-m/nofp\libgcc.a(_dvmd_tls.o)
                              CMakeFiles/main.dir/C_/Users/Daniel/Desktop/pico/pico-sdk/src/rp2_common/pico_divider/divider.S.obj (__aeabi_idiv0)
d:/progra~2/gbuarm~1/bin/../lib/gcc/arm-none-eabi/10.3.1/../../../../arm-none-eabi/lib/thumb/v6-m/nofp\libg.a(lib_a-calloc.o)
                              CMakeFiles/main.dir/C_/Users/Daniel/Desktop/pico/pico-sdk/src/rp2_common/pico_malloc/pico_malloc.c.obj (calloc)
d:/progra~2/gbuarm~1/bin/../lib/gcc/arm-none-eabi/10.3.1/../../../../arm-none-eabi/lib/thumb/v6-m/nofp\libg.a(lib_a-callocr.o)
                              d:/progra~2/gbuarm~1/bin/../lib/gcc/arm-none-eabi/10.3.1/../../../../arm-none-eabi/lib/thumb/v6-m/nofp\libg.a(lib_a-calloc.o) (_calloc_r)
d:/progra~2/gbuarm~1/bin/../lib/gcc/arm-none-eabi/10.3.1/../../../../arm-none-eabi/lib/thumb/v6-m/nofp\libg.a(lib_a-ctype_.o)
                              CMakeFiles/main.dir/C_/Users/Daniel/Desktop/pico/pico-sdk/lib/tinyusb/src/tusb.c.obj (_ctype_)
d:/progra~2/gbuarm~1/bin/../lib/gcc/arm-none-eabi/10.3.1/../../../../arm-none-eabi/lib/thumb/v6-m/nofp\libg.a(lib_a-errno.o)
                              d:/progra~2/gbuarm~1/bin/../lib/gcc/arm-none-eabi/10.3.1/../../../../arm-none-eabi/lib/thumb/v6-m/nofp\libg.a(lib_a-callocr.o) (__errno)
d:/progra~2/gbuarm~1/bin/../lib/gcc/arm-none-eabi/10.3.1/../../../../arm-none-eabi/lib/thumb/v6-m/nofp\libg.a(lib_a-impure.o)
                              d:/progra~2/gbuarm~1/bin/../lib/gcc/arm-none-eabi/10.3.1/../../../../arm-none-eabi/lib/thumb/v6-m/nofp\libg.a(lib_a-calloc.o) (_impure_ptr)
d:/progra~2/gbuarm~1/bin/../lib/gcc/arm-none-eabi/10.3.1/../../../../arm-none-eabi/lib/thumb/v6-m/nofp\libg.a(lib_a-init.o)
                              d:/progra~2/gbuarm~1/bin/../lib/gcc/arm-none-eabi/10.3.1/../../../../arm-none-eabi/lib/thumb/v6-m/nofp/crt0.o (__libc_init_array)
d:/progra~2/gbuarm~1/bin/../lib/gcc/arm-none-eabi/10.3.1/../../../../arm-none-eabi/lib/thumb/v6-m/nofp\libg.a(lib_a-malloc.o)
                              CMakeFiles/main.dir/C_/Users/Daniel/Desktop/pico/pico-sdk/src/rp2_common/pico_malloc/pico_malloc.c.obj (malloc)
d:/progra~2/gbuarm~1/bin/../lib/gcc/arm-none-eabi/10.3.1/../../../../arm-none-eabi/lib/thumb/v6-m/nofp\libg.a(lib_a-mallocr.o)
                              d:/progra~2/gbuarm~1/bin/../lib/gcc/arm-none-eabi/10.3.1/../../../../arm-none-eabi/lib/thumb/v6-m/nofp\libg.a(lib_a-callocr.o) (_malloc_r)
d:/progra~2/gbuarm~1/bin/../lib/gcc/arm-none-eabi/10.3.1/../../../../arm-none-eabi/lib/thumb/v6-m/nofp\libg.a(lib_a-mlock.o)
                              d:/progra~2/gbuarm~1/bin/../lib/gcc/arm-none-eabi/10.3.1/../../../../arm-none-eabi/lib/thumb/v6-m/nofp\libg.a(lib_a-mallocr.o) (__malloc_lock)
d:/progra~2/gbuarm~1/bin/../lib/gcc/arm-none-eabi/10.3.1/../../../../arm-none-eabi/lib/thumb/v6-m/nofp\libg.a(lib_a-sbrkr.o)
                              d:/progra~2/gbuarm~1/bin/../lib/gcc/arm-none-eabi/10.3.1/../../../../arm-none-eabi/lib/thumb/v6-m/nofp\libg.a(lib_a-mallocr.o) (_sbrk_r)
d:/progra~2/gbuarm~1/bin/../lib/gcc/arm-none-eabi/10.3.1/../../../../arm-none-eabi/lib/thumb/v6-m/nofp\libg.a(lib_a-strlen-stub.o)
                              CMakeFiles/main.dir/C_/Users/Daniel/Desktop/pico/pico-sdk/src/rp2_common/pico_stdio/stdio.c.obj (strlen)
d:/progra~2/gbuarm~1/bin/../lib/gcc/arm-none-eabi/10.3.1/../../../../arm-none-eabi/lib/thumb/v6-m/nofp\libg.a(lib_a-freer.o)
                              d:/progra~2/gbuarm~1/bin/../lib/gcc/arm-none-eabi/10.3.1/../../../../arm-none-eabi/lib/thumb/v6-m/nofp\libg.a(lib_a-malloc.o) (_free_r)
d:/progra~2/gbuarm~1/bin/../lib/gcc/arm-none-eabi/10.3.1/../../../../arm-none-eabi/lib/thumb/v6-m/nofp\libg.a(lib_a-lock.o)
                              d:/progra~2/gbuarm~1/bin/../lib/gcc/arm-none-eabi/10.3.1/../../../../arm-none-eabi/lib/thumb/v6-m/nofp\libg.a(lib_a-mlock.o) (__retarget_lock_acquire_recursive)
d:/progra~2/gbuarm~1/bin/../lib/gcc/arm-none-eabi/10.3.1/../../../../arm-none-eabi/lib/thumb/v6-m/nofp\libg.a(lib_a-reent.o)
                              d:/progra~2/gbuarm~1/bin/../lib/gcc/arm-none-eabi/10.3.1/../../../../arm-none-eabi/lib/thumb/v6-m/nofp\libg.a(lib_a-sbrkr.o) (errno)

Discarded input sections

 .text          0x00000000        0x0 d:/progra~2/gbuarm~1/bin/../lib/gcc/arm-none-eabi/10.3.1/thumb/v6-m/nofp/crti.o
 .data          0x00000000        0x0 d:/progra~2/gbuarm~1/bin/../lib/gcc/arm-none-eabi/10.3.1/thumb/v6-m/nofp/crti.o
 .bss           0x00000000        0x0 d:/progra~2/gbuarm~1/bin/../lib/gcc/arm-none-eabi/10.3.1/thumb/v6-m/nofp/crti.o
 .data          0x00000000        0x4 d:/progra~2/gbuarm~1/bin/../lib/gcc/arm-none-eabi/10.3.1/thumb/v6-m/nofp/crtbegin.o
 .rodata        0x00000000       0x24 d:/progra~2/gbuarm~1/bin/../lib/gcc/arm-none-eabi/10.3.1/thumb/v6-m/nofp/crtbegin.o
[...]
Memory Configuration

Name             Origin             Length             Attributes
FLASH            0x10000000         0x00200000         xr
RAM              0x20000000         0x00040000         xrw
SCRATCH_X        0x20040000         0x00001000         xrw
SCRATCH_Y        0x20041000         0x00001000         xrw
*default*        0x00000000         0xffffffff

Linker script and memory map

LOAD d:/progra~2/gbuarm~1/bin/../lib/gcc/arm-none-eabi/10.3.1/thumb/v6-m/nofp/crti.o
LOAD d:/progra~2/gbuarm~1/bin/../lib/gcc/arm-none-eabi/10.3.1/thumb/v6-m/nofp/crtbegin.o
LOAD d:/progra~2/gbuarm~1/bin/../lib/gcc/arm-none-eabi/10.3.1/../../../../arm-none-eabi/lib/thumb/v6-m/nofp/crt0.o

.flash_begin    0x10000000        0x0
                0x10000000                __flash_binary_start = .

.boot2          0x10000000      0x100
                0x10000000                __boot2_start__ = .
 *(.boot2)
 .boot2         0x10000000      0x100 C:\Users\Daniel\AppData\Local\Temp\ccSrkanY.o
                0x10000100                __boot2_end__ = .
                0x00000001                ASSERT (((__boot2_end__ - __boot2_start__) == 0x100), ERROR: Pico second stage bootloader must be 256 bytes in size)

.text           0x10000100     0x7240
                0x10000100                __logical_binary_start = .
 *(.vectors)
 .vectors       0x10000100       0xd4 CMakeFiles/main.dir/C_/Users/Daniel/Desktop/pico/pico-sdk/src/rp2_common/pico_standard_link/crt0.S.obj
                0x10000100                __VECTOR_TABLE
                0x10000100                __vectors
                0x100001c0                isr_invalid
                0x100001c0                __default_isrs_start
                0x100001c2                isr_nmi
                0x100001c4                isr_hardfault
                0x100001c6                isr_svcall
                0x100001c8                isr_pendsv
                0x100001ca                isr_systick
                0x100001cc                isr_irq23
                0x100001cc                isr_irq18
                0x100001cc                isr_irq11
                0x100001cc                isr_irq28
                0x100001cc                isr_irq19
                0x100001cc                isr_irq0
                0x100001cc                isr_irq6
                0x100001cc                isr_irq5
                0x100001cc                isr_irq12
                0x100001cc                isr_irq22
                0x100001cc                isr_irq31
                0x100001cc                isr_irq17
                0x100001cc                isr_irq27
                0x100001cc                isr_irq30
                0x100001cc                isr_irq2
                0x100001cc                isr_irq10
                0x100001cc                isr_irq8
                0x100001cc                isr_irq24
                0x100001cc                isr_irq1
                0x100001cc                isr_irq7
                0x100001cc                isr_irq21
                0x100001cc                isr_irq20
                0x100001cc                isr_irq15
                0x100001cc                isr_irq25
                0x100001cc                isr_irq13
                0x100001cc                __unhandled_user_irq
                0x100001cc                isr_irq4
                0x100001cc                isr_irq16
                0x100001cc                isr_irq29
                0x100001cc                isr_irq26
                0x100001cc                __default_isrs_end
                0x100001cc                isr_irq3
                0x100001cc                isr_irq14
                0x100001cc                isr_irq9
                0x100001d2                unhandled_user_irq_num_in_r0
 *(.binary_info_header)
 .binary_info_header
                0x100001d4       0x14 CMakeFiles/main.dir/C_/Users/Daniel/Desktop/pico/pico-sdk/src/rp2_common/pico_standard_link/crt0.S.obj
                0x100001e8                __binary_info_header_end = .
 *(.reset)
 .reset         0x100001e8       0xa8 CMakeFiles/main.dir/C_/Users/Daniel/Desktop/pico/pico-sdk/src/rp2_common/pico_standard_link/crt0.S.obj
                0x100001e8                _entry_point
                0x10000266                __get_current_exception
 .reset         0x10000290       0x30 CMakeFiles/main.dir/C_/Users/Daniel/Desktop/pico/pico-sdk/src/rp2_common/pico_standard_link/binary_info.c.obj
 *(.init)
 .init          0x100002c0        0x4 d:/progra~2/gbuarm~1/bin/../lib/gcc/arm-none-eabi/10.3.1/thumb/v6-m/nofp/crti.o
                0x100002c0                _init
 *(EXCLUDE_FILE(*libm.a: *libc.a:*lib_a-mem*.o *libgcc.a:) .text*)
 .text          0x100002c4       0x48 d:/progra~2/gbuarm~1/bin/../lib/gcc/arm-none-eabi/10.3.1/thumb/v6-m/nofp/crtbegin.o
 .text.pio_get_default_sm_config
                0x1000030c       0x28 CMakeFiles/main.dir/main.c.obj
 .text.main     0x10000334      0x178 CMakeFiles/main.dir/main.c.obj
                0x10000334                main
 .text.gpio_set_function
                0x100004ac       0x30 CMakeFiles/main.dir/C_/Users/Daniel/Desktop/pico/pico-sdk/src/rp2_common/hardware_gpio/gpio.c.obj
                0x100004ac                gpio_set_function
 .text.gpio_set_outover
                0x100004dc       0x24 CMakeFiles/main.dir/C_/Users/Daniel/Desktop/pico/pico-sdk/src/rp2_common/hardware_gpio/gpio.c.obj
                0x100004dc                gpio_set_outover
 .text.gpio_init
                0x10000500       0x16 CMakeFiles/main.dir/C_/Users/Daniel/Desktop/pico/pico-sdk/src/rp2_common/hardware_gpio/gpio.c.obj
                0x10000500                gpio_init
 *fill*         0x10000516        0x2 
 .text.hw_claim_lock
                0x10000518       0x18 CMakeFiles/main.dir/C_/Users/Daniel/Desktop/pico/pico-sdk/src/rp2_common/hardware_claim/claim.c.obj
                0x10000518                hw_claim_lock
 .text.hw_claim_unlock
                0x10000530       0x14 CMakeFiles/main.dir/C_/Users/Daniel/Desktop/pico/pico-sdk/src/rp2_common/hardware_claim/claim.c.obj
                0x10000530                hw_claim_unlock
 .text.hw_claim_or_assert
                0x10000544       0x32 CMakeFiles/main.dir/C_/Users/Daniel/Desktop/pico/pico-sdk/src/rp2_common/hardware_claim/claim.c.obj
                0x10000544                hw_claim_or_assert
 .text.hw_claim_unused_from_range
                0x10000576       0x50 CMakeFiles/main.dir/C_/Users/Daniel/Desktop/pico/pico-sdk/src/rp2_common/hardware_claim/claim.c.obj
                0x10000576                hw_claim_unused_from_range
 *fill*         0x100005c6        0x2 
 .text.running_on_fpga
                0x100005c8       0x14 CMakeFiles/main.dir/C_/Users/Daniel/Desktop/pico/pico-sdk/src/rp2_common/pico_platform/platform.c.obj
                0x100005c8                running_on_fpga
 .text.spin_locks_reset
                0x100005dc       0x20 CMakeFiles/main.dir/C_/Users/Daniel/Desktop/pico/pico-sdk/src/rp2_common/hardware_sync/sync.c.obj
                0x100005dc                spin_locks_reset
 .text.next_striped_spin_lock_num
                0x100005fc       0x1c CMakeFiles/main.dir/C_/Users/Daniel/Desktop/pico/pico-sdk/src/rp2_common/hardware_sync/sync.c.obj
                0x100005fc                next_striped_spin_lock_num
 .text.spin_lock_claim_unused
                0x10000618       0x20 CMakeFiles/main.dir/C_/Users/Daniel/Desktop/pico/pico-sdk/src/rp2_common/hardware_sync/sync.c.obj
                0x10000618                spin_lock_claim_unused
 .text.alarm_pool_post_alloc_init
                0x10000638       0x40 CMakeFiles/main.dir/C_/Users/Daniel/Desktop/pico/pico-sdk/src/common/pico_time/time.c.obj
 .text.sleep_until_callback
                0x10000678       0x30 CMakeFiles/main.dir/C_/Users/Daniel/Desktop/pico/pico-sdk/src/common/pico_time/time.c.obj
 .text.timer_pool_entry_comparator
                0x100006a8       0x7c CMakeFiles/main.dir/C_/Users/Daniel/Desktop/pico/pico-sdk/src/common/pico_time/time.c.obj
                0x100006a8                timer_pool_entry_comparator
 .text.ph_add_child_node
                0x10000724       0xa4 CMakeFiles/main.dir/C_/Users/Daniel/Desktop/pico/pico-sdk/src/common/pico_time/time.c.obj
 .text.ph_merge_nodes
                0x100007c8       0x3e CMakeFiles/main.dir/C_/Users/Daniel/Desktop/pico/pico-sdk/src/common/pico_time/time.c.obj
 *fill*         0x10000806        0x2 
 .text.add_alarm_under_lock
                0x10000808      0x174 CMakeFiles/main.dir/C_/Users/Daniel/Desktop/pico/pico-sdk/src/common/pico_time/time.c.obj
 .text.alarm_pool_alarm_callback
                0x1000097c      0x328 CMakeFiles/main.dir/C_/Users/Daniel/Desktop/pico/pico-sdk/src/common/pico_time/time.c.obj
 .text.alarm_pool_init_default
                0x10000ca4       0x38 CMakeFiles/main.dir/C_/Users/Daniel/Desktop/pico/pico-sdk/src/common/pico_time/time.c.obj
                0x10000ca4                alarm_pool_init_default
 .text.alarm_pool_get_default
                0x10000cdc       0x2c CMakeFiles/main.dir/C_/Users/Daniel/Desktop/pico/pico-sdk/src/common/pico_time/time.c.obj
                0x10000cdc                alarm_pool_get_default
 .text.alarm_pool_add_alarm_at
                0x10000d08      0x170 CMakeFiles/main.dir/C_/Users/Daniel/Desktop/pico/pico-sdk/src/common/pico_time/time.c.obj
                0x10000d08                alarm_pool_add_alarm_at
 .text.alarm_pool_cancel_alarm
                0x10000e78       0xf0 CMakeFiles/main.dir/C_/Users/Daniel/Desktop/pico/pico-sdk/src/common/pico_time/time.c.obj
                0x10000e78                alarm_pool_cancel_alarm
 .text.best_effort_wfe_or_timeout
                0x10000f68       0x80 CMakeFiles/main.dir/C_/Users/Daniel/Desktop/pico/pico-sdk/src/common/pico_time/time.c.obj
                0x10000f68                best_effort_wfe_or_timeout
 .text.hardware_alarm_irq_handler
                0x10000fe8       0x8c CMakeFiles/main.dir/C_/Users/Daniel/Desktop/pico/pico-sdk/src/rp2_common/hardware_timer/timer.c.obj
 .text.hardware_alarm_claim
                0x10001074       0x18 CMakeFiles/main.dir/C_/Users/Daniel/Desktop/pico/pico-sdk/src/rp2_common/hardware_timer/timer.c.obj
                0x10001074                hardware_alarm_claim
 .text.time_us_64
                0x1000108c       0x18 CMakeFiles/main.dir/C_/Users/Daniel/Desktop/pico/pico-sdk/src/rp2_common/hardware_timer/timer.c.obj
                0x1000108c                time_us_64
 .text.hardware_alarm_set_callback
                0x100010a4       0x90 CMakeFiles/main.dir/C_/Users/Daniel/Desktop/pico/pico-sdk/src/rp2_common/hardware_timer/timer.c.obj
                0x100010a4                hardware_alarm_set_callback
 .text.hardware_alarm_set_target
                0x10001134       0xe8 CMakeFiles/main.dir/C_/Users/Daniel/Desktop/pico/pico-sdk/src/rp2_common/hardware_timer/timer.c.obj
                0x10001134                hardware_alarm_set_target
 .text.hardware_alarm_cancel
                0x1000121c       0x40 CMakeFiles/main.dir/C_/Users/Daniel/Desktop/pico/pico-sdk/src/rp2_common/hardware_timer/timer.c.obj
                0x1000121c                hardware_alarm_cancel
 .text.lock_init
                0x1000125c       0x10 CMakeFiles/main.dir/C_/Users/Daniel/Desktop/pico/pico-sdk/src/common/pico_sync/lock_core.c.obj
                0x1000125c                lock_init
 .text.mutex_init
                0x1000126c       0x1a CMakeFiles/main.dir/C_/Users/Daniel/Desktop/pico/pico-sdk/src/common/pico_sync/mutex.c.obj
                0x1000126c                mutex_init
 .text.recursive_mutex_init
                0x10001286       0x1e CMakeFiles/main.dir/C_/Users/Daniel/Desktop/pico/pico-sdk/src/common/pico_sync/mutex.c.obj
                0x10001286                recursive_mutex_init
 .text.critical_section_init_with_lock_num
                0x100012a4       0x14 CMakeFiles/main.dir/C_/Users/Daniel/Desktop/pico/pico-sdk/src/common/pico_sync/critical_section.c.obj
                0x100012a4                critical_section_init_with_lock_num
 .text.critical_section_init
                0x100012b8       0x14 CMakeFiles/main.dir/C_/Users/Daniel/Desktop/pico/pico-sdk/src/common/pico_sync/critical_section.c.obj
                0x100012b8                critical_section_init
 .text.ph_add_child_node
                0x100012cc       0xa4 CMakeFiles/main.dir/C_/Users/Daniel/Desktop/pico/pico-sdk/src/common/pico_util/pheap.c.obj
 .text.ph_merge_nodes
                0x10001370       0x3e CMakeFiles/main.dir/C_/Users/Daniel/Desktop/pico/pico-sdk/src/common/pico_util/pheap.c.obj
 *fill*         0x100013ae        0x2 
 .text.ph_clear
                0x100013b0       0x70 CMakeFiles/main.dir/C_/Users/Daniel/Desktop/pico/pico-sdk/src/common/pico_util/pheap.c.obj
                0x100013b0                ph_clear
 .text.ph_post_alloc_init
                0x10001420        0xe CMakeFiles/main.dir/C_/Users/Daniel/Desktop/pico/pico-sdk/src/common/pico_util/pheap.c.obj
                0x10001420                ph_post_alloc_init
 *fill*         0x1000142e        0x2 
 .text.ph_merge_two_pass
                0x10001430       0xa8 CMakeFiles/main.dir/C_/Users/Daniel/Desktop/pico/pico-sdk/src/common/pico_util/pheap.c.obj
                0x10001430                ph_merge_two_pass
 .text.ph_remove_any_head
                0x100014d8      0x108 CMakeFiles/main.dir/C_/Users/Daniel/Desktop/pico/pico-sdk/src/common/pico_util/pheap.c.obj
 .text.ph_remove_head
                0x100015e0       0x14 CMakeFiles/main.dir/C_/Users/Daniel/Desktop/pico/pico-sdk/src/common/pico_util/pheap.c.obj
                0x100015e0                ph_remove_head
 .text.ph_remove_and_free_node
                0x100015f4       0xf8 CMakeFiles/main.dir/C_/Users/Daniel/Desktop/pico/pico-sdk/src/common/pico_util/pheap.c.obj
                0x100015f4                ph_remove_and_free_node
 .text._exit    0x100016ec        0x4 CMakeFiles/main.dir/C_/Users/Daniel/Desktop/pico/pico-sdk/src/rp2_common/pico_runtime/runtime.c.obj
                0x100016ec                _exit
 .text.exit     0x100016f0        0x6 CMakeFiles/main.dir/C_/Users/Daniel/Desktop/pico/pico-sdk/src/rp2_common/pico_runtime/runtime.c.obj
                0x100016f0                exit
 *fill*         0x100016f6        0x2 
 .text.__assert_func
                0x100016f8       0x3c CMakeFiles/main.dir/C_/Users/Daniel/Desktop/pico/pico-sdk/src/rp2_common/pico_runtime/runtime.c.obj
                0x100016f8                __assert_func
 .text.runtime_init
                0x10001734       0xf8 CMakeFiles/main.dir/C_/Users/Daniel/Desktop/pico/pico-sdk/src/rp2_common/pico_runtime/runtime.c.obj
                0x10001734                runtime_init
 .text.panic    0x1000182c       0x30 CMakeFiles/main.dir/C_/Users/Daniel/Desktop/pico/pico-sdk/src/rp2_common/pico_runtime/runtime.c.obj
                0x1000182c                panic
 .text.clock_configure
                0x1000185c      0x104 CMakeFiles/main.dir/C_/Users/Daniel/Desktop/pico/pico-sdk/src/rp2_common/hardware_clocks/clocks.c.obj
                0x1000185c                clock_configure
 .text.clocks_init
                0x10001960      0x100 CMakeFiles/main.dir/C_/Users/Daniel/Desktop/pico/pico-sdk/src/rp2_common/hardware_clocks/clocks.c.obj
                0x10001960                clocks_init
 .text.set_raw_irq_handler_and_unlock
                0x10001a60       0x28 CMakeFiles/main.dir/C_/Users/Daniel/Desktop/pico/pico-sdk/src/rp2_common/hardware_irq/irq.c.obj
 .text.make_branch
                0x10001a88       0x34 CMakeFiles/main.dir/C_/Users/Daniel/Desktop/pico/pico-sdk/src/rp2_common/hardware_irq/irq.c.obj
 .text.insert_branch_and_link
                0x10001abc       0x40 CMakeFiles/main.dir/C_/Users/Daniel/Desktop/pico/pico-sdk/src/rp2_common/hardware_irq/irq.c.obj
 .text.irq_is_enabled
                0x10001afc       0x18 CMakeFiles/main.dir/C_/Users/Daniel/Desktop/pico/pico-sdk/src/rp2_common/hardware_irq/irq.c.obj
                0x10001afc                irq_is_enabled
 .text.irq_set_mask_enabled
                0x10001b14       0x20 CMakeFiles/main.dir/C_/Users/Daniel/Desktop/pico/pico-sdk/src/rp2_common/hardware_irq/irq.c.obj
                0x10001b14                irq_set_mask_enabled
 .text.irq_set_enabled
                0x10001b34        0xe CMakeFiles/main.dir/C_/Users/Daniel/Desktop/pico/pico-sdk/src/rp2_common/hardware_irq/irq.c.obj
                0x10001b34                irq_set_enabled
 *fill*         0x10001b42        0x2 
 .text.irq_set_pending
                0x10001b44       0x10 CMakeFiles/main.dir/C_/Users/Daniel/Desktop/pico/pico-sdk/src/rp2_common/hardware_irq/irq.c.obj
                0x10001b44                irq_set_pending
 .text.irq_get_vtable_handler
                0x10001b54       0x10 CMakeFiles/main.dir/C_/Users/Daniel/Desktop/pico/pico-sdk/src/rp2_common/hardware_irq/irq.c.obj
                0x10001b54                irq_get_vtable_handler
 .text.irq_set_exclusive_handler
                0x10001b64       0x54 CMakeFiles/main.dir/C_/Users/Daniel/Desktop/pico/pico-sdk/src/rp2_common/hardware_irq/irq.c.obj
                0x10001b64                irq_set_exclusive_handler
 .text.irq_remove_handler
                0x10001bb8      0x1ac CMakeFiles/main.dir/C_/Users/Daniel/Desktop/pico/pico-sdk/src/rp2_common/hardware_irq/irq.c.obj
                0x10001bb8                irq_remove_handler
 .text.irq_add_tail_to_free_list
                0x10001d64       0xf0 CMakeFiles/main.dir/C_/Users/Daniel/Desktop/pico/pico-sdk/src/rp2_common/hardware_irq/irq.c.obj
                0x10001d64                irq_add_tail_to_free_list
 .text.irq_init_priorities
                0x10001e54       0x1c CMakeFiles/main.dir/C_/Users/Daniel/Desktop/pico/pico-sdk/src/rp2_common/hardware_irq/irq.c.obj
                0x10001e54                irq_init_priorities
 .text.pll_init
                0x10001e70      0x118 CMakeFiles/main.dir/C_/Users/Daniel/Desktop/pico/pico-sdk/src/rp2_common/hardware_pll/pll.c.obj
                0x10001e70                pll_init
 .text.watchdog_start_tick
                0x10001f88       0x10 CMakeFiles/main.dir/C_/Users/Daniel/Desktop/pico/pico-sdk/src/rp2_common/hardware_watchdog/watchdog.c.obj
                0x10001f88                watchdog_start_tick
 .text.watchdog_update
                0x10001f98       0x14 CMakeFiles/main.dir/C_/Users/Daniel/Desktop/pico/pico-sdk/src/rp2_common/hardware_watchdog/watchdog.c.obj
                0x10001f98                watchdog_update
 .text._watchdog_enable
                0x10001fac       0x78 CMakeFiles/main.dir/C_/Users/Daniel/Desktop/pico/pico-sdk/src/rp2_common/hardware_watchdog/watchdog.c.obj
                0x10001fac                _watchdog_enable
 .text.watchdog_reboot
                0x10002024       0x48 CMakeFiles/main.dir/C_/Users/Daniel/Desktop/pico/pico-sdk/src/rp2_common/hardware_watchdog/watchdog.c.obj
                0x10002024                watchdog_reboot
 .text.xosc_init
                0x1000206c       0x28 CMakeFiles/main.dir/C_/Users/Daniel/Desktop/pico/pico-sdk/src/rp2_common/hardware_xosc/xosc.c.obj
                0x1000206c                xosc_init
 .text._out_null
                0x10002094        0x2 CMakeFiles/main.dir/C_/Users/Daniel/Desktop/pico/pico-sdk/src/rp2_common/pico_printf/printf.c.obj
 .text._out_fct
                0x10002096        0xe CMakeFiles/main.dir/C_/Users/Daniel/Desktop/pico/pico-sdk/src/rp2_common/pico_printf/printf.c.obj
 .text._atoi    0x100020a4       0x24 CMakeFiles/main.dir/C_/Users/Daniel/Desktop/pico/pico-sdk/src/rp2_common/pico_printf/printf.c.obj
 .text._out_rev
                0x100020c8       0xae CMakeFiles/main.dir/C_/Users/Daniel/Desktop/pico/pico-sdk/src/rp2_common/pico_printf/printf.c.obj
 .text._ntoa_format
                0x10002176      0x112 CMakeFiles/main.dir/C_/Users/Daniel/Desktop/pico/pico-sdk/src/rp2_common/pico_printf/printf.c.obj
 .text._ntoa_long
                0x10002288       0xbc CMakeFiles/main.dir/C_/Users/Daniel/Desktop/pico/pico-sdk/src/rp2_common/pico_printf/printf.c.obj
 .text._ntoa_long_long
                0x10002344       0xe2 CMakeFiles/main.dir/C_/Users/Daniel/Desktop/pico/pico-sdk/src/rp2_common/pico_printf/printf.c.obj
 *fill*         0x10002426        0x2 
 .text._etoa    0x10002428      0x414 CMakeFiles/main.dir/C_/Users/Daniel/Desktop/pico/pico-sdk/src/rp2_common/pico_printf/printf.c.obj
 .text._ftoa    0x1000283c      0x354 CMakeFiles/main.dir/C_/Users/Daniel/Desktop/pico/pico-sdk/src/rp2_common/pico_printf/printf.c.obj
 .text._vsnprintf
                0x10002b90      0x624 CMakeFiles/main.dir/C_/Users/Daniel/Desktop/pico/pico-sdk/src/rp2_common/pico_printf/printf.c.obj
 .text.vfctprintf
                0x100031b4       0x20 CMakeFiles/main.dir/C_/Users/Daniel/Desktop/pico/pico-sdk/src/rp2_common/pico_printf/printf.c.obj
                0x100031b4                vfctprintf
 .text          0x100031d4       0x10 CMakeFiles/main.dir/C_/Users/Daniel/Desktop/pico/pico-sdk/src/rp2_common/pico_bit_ops/bit_ops_aeabi.S.obj
 .text.ctzsi    0x100031e4        0xc CMakeFiles/main.dir/C_/Users/Daniel/Desktop/pico/pico-sdk/src/rp2_common/pico_bit_ops/bit_ops_aeabi.S.obj
                0x100031e4                __wrap___ctzsi2
 .text.rom_func_lookup
                0x100031f0       0x10 CMakeFiles/main.dir/C_/Users/Daniel/Desktop/pico/pico-sdk/src/rp2_common/pico_bootrom/bootrom.c.obj
                0x100031f0                rom_func_lookup
 .text.rom_data_lookup
                0x10003200       0x10 CMakeFiles/main.dir/C_/Users/Daniel/Desktop/pico/pico-sdk/src/rp2_common/pico_bootrom/bootrom.c.obj
                0x10003200                rom_data_lookup
 .text.rom_funcs_lookup
                0x10003210       0x36 CMakeFiles/main.dir/C_/Users/Daniel/Desktop/pico/pico-sdk/src/rp2_common/pico_bootrom/bootrom.c.obj
                0x10003210                rom_funcs_lookup
 *fill*         0x10003246        0x2 
 .text.__wrap___aeabi_idiv
                0x10003248       0x50 CMakeFiles/main.dir/C_/Users/Daniel/Desktop/pico/pico-sdk/src/rp2_common/pico_divider/divider.S.obj
                0x10003248                __wrap___aeabi_idivmod
                0x10003248                divmod_s32s32
                0x10003248                div_s32s32
                0x10003248                __wrap___aeabi_idiv
                0x10003250                divmod_s32s32_unsafe
                0x1000327c                divmod_s32s32_savestate
 .text.__wrap___aeabi_uidiv
                0x10003298       0x4c CMakeFiles/main.dir/C_/Users/Daniel/Desktop/pico/pico-sdk/src/rp2_common/pico_divider/divider.S.obj
                0x10003298                __wrap___aeabi_uidiv
                0x10003298                __wrap___aeabi_uidivmod
                0x10003298                div_u32u32
                0x10003298                divmod_u32u32
                0x100032a0                divmod_u32u32_unsafe
                0x100032c8                divmod_u32u32_savestate
 .text.__wrap___aeabi_ldiv
                0x100032e4      0x434 CMakeFiles/main.dir/C_/Users/Daniel/Desktop/pico/pico-sdk/src/rp2_common/pico_divider/divider.S.obj
                0x100032e4                div_s64s64
                0x100032e4                divmod_s64s64
                0x100032e4                __wrap___aeabi_ldivmod
                0x1000331c                divmod_u64u64
                0x1000331c                div_u64u64
                0x1000331c                __wrap___aeabi_uldivmod
                0x1000332c                divmod_u64u64_savestate
                0x10003354                divmod_s64s64_unsafe
                0x100033dc                divmod_u64u64_unsafe
 .text.__wrap___aeabi_darithmetic
                0x10003718       0x80 CMakeFiles/main.dir/C_/Users/Daniel/Desktop/pico/pico-sdk/src/rp2_common/pico_double/double_aeabi.S.obj
                0x10003718                __wrap___aeabi_drsub
                0x1000371e                __wrap___aeabi_dsub
                0x10003730                __wrap___aeabi_dadd
                0x10003742                __wrap___aeabi_ddiv
                0x1000377e                __wrap___aeabi_dmul
 .text.__wrap___aeabi_cdcmple
                0x10003798       0x6c CMakeFiles/main.dir/C_/Users/Daniel/Desktop/pico/pico-sdk/src/rp2_common/pico_double/double_aeabi.S.obj
                0x10003798                __wrap___aeabi_cdrcmple
                0x100037a8                __wrap___aeabi_cdcmpeq
                0x100037a8                __wrap___aeabi_cdcmple
 .text.__wrap___aeabi_dcmplt
                0x10003804        0xc CMakeFiles/main.dir/C_/Users/Daniel/Desktop/pico/pico-sdk/src/rp2_common/pico_double/double_aeabi.S.obj
                0x10003804                __wrap___aeabi_dcmplt
 .text.__wrap___aeabi_dcmple
                0x10003810       0x10 CMakeFiles/main.dir/C_/Users/Daniel/Desktop/pico/pico-sdk/src/rp2_common/pico_double/double_aeabi.S.obj
                0x10003810                __wrap___aeabi_dcmple
 .text.__wrap___aeabi_dcmpge
                0x10003820       0x10 CMakeFiles/main.dir/C_/Users/Daniel/Desktop/pico/pico-sdk/src/rp2_common/pico_double/double_aeabi.S.obj
                0x10003820                __wrap___aeabi_dcmpge
 .text.__wrap___aeabi_dcmpgt
                0x10003830        0xa CMakeFiles/main.dir/C_/Users/Daniel/Desktop/pico/pico-sdk/src/rp2_common/pico_double/double_aeabi.S.obj
                0x10003830                __wrap___aeabi_dcmpgt
 .text.__wrap___aeabi_dcmpun
                0x1000383a       0x1c CMakeFiles/main.dir/C_/Users/Daniel/Desktop/pico/pico-sdk/src/rp2_common/pico_double/double_aeabi.S.obj
                0x1000383a                __wrap___aeabi_dcmpun
 *fill*         0x10003856        0x2 
 .text.__wrap___aeabi_i2d
                0x10003858       0x38 CMakeFiles/main.dir/C_/Users/Daniel/Desktop/pico/pico-sdk/src/rp2_common/pico_double/double_aeabi.S.obj
                0x10003858                __wrap___aeabi_ui2d
                0x10003860                __wrap___aeabi_i2d
 .text.__wrap___aeabi_d2iz
                0x10003890       0x48 CMakeFiles/main.dir/C_/Users/Daniel/Desktop/pico/pico-sdk/src/rp2_common/pico_double/double_aeabi.S.obj
                0x10003890                double2int_z
                0x10003890                __wrap___aeabi_d2iz
 .text.__wrap___aeabi_d2uiz
                0x100038d8       0x18 CMakeFiles/main.dir/C_/Users/Daniel/Desktop/pico/pico-sdk/src/rp2_common/pico_double/double_aeabi.S.obj
                0x100038d8                __wrap___aeabi_d2uiz
                0x100038d8                double2uint
 .text.__aeabi_double_init
                0x100038f0       0xc8 CMakeFiles/main.dir/C_/Users/Daniel/Desktop/pico/pico-sdk/src/rp2_common/pico_double/double_init_rom.c.obj
                0x100038f0                __aeabi_double_init
 .text.double_table_shim_on_use_helper
                0x100039b8       0x34 CMakeFiles/main.dir/C_/Users/Daniel/Desktop/pico/pico-sdk/src/rp2_common/pico_double/double_v1_rom_shim.S.obj
                0x100039b8                double_table_shim_on_use_helper
 .text.__wrap___aeabi_dsub
                0x100039ec       0x10 CMakeFiles/main.dir/C_/Users/Daniel/Desktop/pico/pico-sdk/src/rp2_common/pico_double/double_v1_rom_shim.S.obj
                0x100039ec                drsub_shim
                0x100039f2                dsub_shim
 .text.dadd_shim
                0x100039fc      0x15c CMakeFiles/main.dir/C_/Users/Daniel/Desktop/pico/pico-sdk/src/rp2_common/pico_double/double_v1_rom_shim.S.obj
                0x100039fc                dadd_shim
 .text.dmul_shim
                0x10003b58      0x15c CMakeFiles/main.dir/C_/Users/Daniel/Desktop/pico/pico-sdk/src/rp2_common/pico_double/double_v1_rom_shim.S.obj
                0x10003b58                dmul_shim
 .text.ddiv_shim
                0x10003cb4      0x1b0 CMakeFiles/main.dir/C_/Users/Daniel/Desktop/pico/pico-sdk/src/rp2_common/pico_double/double_v1_rom_shim.S.obj
                0x10003cb4                ddiv_shim
 .text.double2uint_shim
                0x10003e64        0xe CMakeFiles/main.dir/C_/Users/Daniel/Desktop/pico/pico-sdk/src/rp2_common/pico_double/double_v1_rom_shim.S.obj
                0x10003e64                double2uint_shim
                0x10003e66                double2ufix_shim
 *fill*         0x10003e72        0x2 
 .text.double2uint64_shim
                0x10003e74       0x70 CMakeFiles/main.dir/C_/Users/Daniel/Desktop/pico/pico-sdk/src/rp2_common/pico_double/double_v1_rom_shim.S.obj
                0x10003e74                double2uint64_shim
                0x10003e76                double2ufix64_shim
                0x10003e96                d2fix_a
 .text.dunpacks
                0x10003ee4       0x3c CMakeFiles/main.dir/C_/Users/Daniel/Desktop/pico/pico-sdk/src/rp2_common/pico_double/double_v1_rom_shim.S.obj
                0x10003ee4                dunpacks
 .text.__aeabi_lmul
                0x10003f20       0x32 CMakeFiles/main.dir/C_/Users/Daniel/Desktop/pico/pico-sdk/src/rp2_common/pico_int64_ops/pico_int64_ops_aeabi.S.obj
                0x10003f20                __wrap___aeabi_lmul
 *fill*         0x10003f52        0x2 
 .text.__aeabi_float_init
                0x10003f54       0xfc CMakeFiles/main.dir/C_/Users/Daniel/Desktop/pico/pico-sdk/src/rp2_common/pico_float/float_init_rom.c.obj
                0x10003f54                __aeabi_float_init
 .text.float_table_shim_on_use_helper
                0x10004050       0x34 CMakeFiles/main.dir/C_/Users/Daniel/Desktop/pico/pico-sdk/src/rp2_common/pico_float/float_v1_rom_shim.S.obj
                0x10004050                float_table_shim_on_use_helper
 .text          0x10004084       0x10 CMakeFiles/main.dir/C_/Users/Daniel/Desktop/pico/pico-sdk/src/rp2_common/pico_mem_ops/mem_ops_aeabi.S.obj
                0x10004084                __aeabi_mem_init
 .text.memset   0x10004094        0xc CMakeFiles/main.dir/C_/Users/Daniel/Desktop/pico/pico-sdk/src/rp2_common/pico_mem_ops/mem_ops_aeabi.S.obj
                0x10004094                __wrap_memset
 .text.memcpy   0x100040a0        0xc CMakeFiles/main.dir/C_/Users/Daniel/Desktop/pico/pico-sdk/src/rp2_common/pico_mem_ops/mem_ops_aeabi.S.obj
                0x100040a0                __wrap_memcpy
                0x100040a0                __wrap___aeabi_memcpy
 .text.stdio_out_chars_no_crlf
                0x100040ac        0xe CMakeFiles/main.dir/C_/Users/Daniel/Desktop/pico/pico-sdk/src/rp2_common/pico_stdio/stdio.c.obj
 *fill*         0x100040ba        0x2 
 .text.stdio_out_chars_crlf
                0x100040bc       0x80 CMakeFiles/main.dir/C_/Users/Daniel/Desktop/pico/pico-sdk/src/rp2_common/pico_stdio/stdio.c.obj
 .text.stdio_stack_buffer_flush
                0x1000413c       0x44 CMakeFiles/main.dir/C_/Users/Daniel/Desktop/pico/pico-sdk/src/rp2_common/pico_stdio/stdio.c.obj
 .text.stdio_buffered_printer
                0x10004180       0x20 CMakeFiles/main.dir/C_/Users/Daniel/Desktop/pico/pico-sdk/src/rp2_common/pico_stdio/stdio.c.obj
 .text.stdout_serialize_begin
                0x100041a0       0x30 CMakeFiles/main.dir/C_/Users/Daniel/Desktop/pico/pico-sdk/src/rp2_common/pico_stdio/stdio.c.obj
                0x100041a0                stdout_serialize_begin
 .text.stdout_serialize_end
                0x100041d0       0x10 CMakeFiles/main.dir/C_/Users/Daniel/Desktop/pico/pico-sdk/src/rp2_common/pico_stdio/stdio.c.obj
                0x100041d0                stdout_serialize_end
 .text.stdio_put_string
                0x100041e0       0x98 CMakeFiles/main.dir/C_/Users/Daniel/Desktop/pico/pico-sdk/src/rp2_common/pico_stdio/stdio.c.obj
 .text.__wrap_putchar
                0x10004278       0x1c CMakeFiles/main.dir/C_/Users/Daniel/Desktop/pico/pico-sdk/src/rp2_common/pico_stdio/stdio.c.obj
                0x10004278                __wrap_putchar
 .text.stdio_set_driver_enabled
                0x10004294       0x38 CMakeFiles/main.dir/C_/Users/Daniel/Desktop/pico/pico-sdk/src/rp2_common/pico_stdio/stdio.c.obj
                0x10004294                stdio_set_driver_enabled
 .text.stdio_flush
                0x100042cc       0x20 CMakeFiles/main.dir/C_/Users/Daniel/Desktop/pico/pico-sdk/src/rp2_common/pico_stdio/stdio.c.obj
                0x100042cc                stdio_flush
 .text.__wrap_puts
                0x100042ec       0x1e CMakeFiles/main.dir/C_/Users/Daniel/Desktop/pico/pico-sdk/src/rp2_common/pico_stdio/stdio.c.obj
                0x100042ec                __wrap_puts
 *fill*         0x1000430a        0x2 
 .text.__wrap_vprintf
                0x1000430c       0x44 CMakeFiles/main.dir/C_/Users/Daniel/Desktop/pico/pico-sdk/src/rp2_common/pico_stdio/stdio.c.obj
                0x1000430c                __wrap_vprintf
 .text.__wrap_printf
                0x10004350       0x18 CMakeFiles/main.dir/C_/Users/Daniel/Desktop/pico/pico-sdk/src/rp2_common/pico_stdio/stdio.c.obj
                0x10004350                __wrap_printf
 .text.stdio_init_all
                0x10004368        0x8 CMakeFiles/main.dir/C_/Users/Daniel/Desktop/pico/pico-sdk/src/rp2_common/pico_stdio/stdio.c.obj
                0x10004368                stdio_init_all
 .text.stdio_set_translate_crlf
                0x10004370       0x10 CMakeFiles/main.dir/C_/Users/Daniel/Desktop/pico/pico-sdk/src/rp2_common/pico_stdio/stdio.c.obj
                0x10004370                stdio_set_translate_crlf
 .text.resetd_init
                0x10004380        0x2 CMakeFiles/main.dir/C_/Users/Daniel/Desktop/pico/pico-sdk/src/rp2_common/pico_stdio_usb/reset_interface.c.obj
 *fill*         0x10004382        0x2 
 .text.resetd_reset
                0x10004384        0xc CMakeFiles/main.dir/C_/Users/Daniel/Desktop/pico/pico-sdk/src/rp2_common/pico_stdio_usb/reset_interface.c.obj
 .text.resetd_open
                0x10004390       0x34 CMakeFiles/main.dir/C_/Users/Daniel/Desktop/pico/pico-sdk/src/rp2_common/pico_stdio_usb/reset_interface.c.obj
 .text.resetd_xfer_cb
                0x100043c4        0x4 CMakeFiles/main.dir/C_/Users/Daniel/Desktop/pico/pico-sdk/src/rp2_common/pico_stdio_usb/reset_interface.c.obj
 .text.reset_usb_boot
                0x100043c8       0x18 CMakeFiles/main.dir/C_/Users/Daniel/Desktop/pico/pico-sdk/src/rp2_common/pico_stdio_usb/reset_interface.c.obj
 .text.resetd_control_xfer_cb
                0x100043e0       0x5c CMakeFiles/main.dir/C_/Users/Daniel/Desktop/pico/pico-sdk/src/rp2_common/pico_stdio_usb/reset_interface.c.obj
 .text.usbd_app_driver_get_cb
                0x1000443c        0xc CMakeFiles/main.dir/C_/Users/Daniel/Desktop/pico/pico-sdk/src/rp2_common/pico_stdio_usb/reset_interface.c.obj
                0x1000443c                usbd_app_driver_get_cb
 .text.tud_cdc_line_coding_cb
                0x10004448       0x28 CMakeFiles/main.dir/C_/Users/Daniel/Desktop/pico/pico-sdk/src/rp2_common/pico_stdio_usb/reset_interface.c.obj
                0x10004448                tud_cdc_line_coding_cb
 .text.stdio_usb_in_chars
                0x10004470       0x70 CMakeFiles/main.dir/C_/Users/Daniel/Desktop/pico/pico-sdk/src/rp2_common/pico_stdio_usb/stdio_usb.c.obj
                0x10004470                stdio_usb_in_chars
 .text.low_priority_worker_irq
                0x100044e0       0x20 CMakeFiles/main.dir/C_/Users/Daniel/Desktop/pico/pico-sdk/src/rp2_common/pico_stdio_usb/stdio_usb.c.obj
 .text.stdio_usb_out_chars
                0x10004500       0xd4 CMakeFiles/main.dir/C_/Users/Daniel/Desktop/pico/pico-sdk/src/rp2_common/pico_stdio_usb/stdio_usb.c.obj
 .text.timer_task
                0x100045d4       0x10 CMakeFiles/main.dir/C_/Users/Daniel/Desktop/pico/pico-sdk/src/rp2_common/pico_stdio_usb/stdio_usb.c.obj
 .text.stdio_usb_init
                0x100045e4       0xb8 CMakeFiles/main.dir/C_/Users/Daniel/Desktop/pico/pico-sdk/src/rp2_common/pico_stdio_usb/stdio_usb.c.obj
                0x100045e4                stdio_usb_init
 .text.tud_descriptor_device_cb
                0x1000469c        0x8 CMakeFiles/main.dir/C_/Users/Daniel/Desktop/pico/pico-sdk/src/rp2_common/pico_stdio_usb/stdio_usb_descriptors.c.obj
                0x1000469c                tud_descriptor_device_cb
 .text.tud_descriptor_configuration_cb
                0x100046a4        0x8 CMakeFiles/main.dir/C_/Users/Daniel/Desktop/pico/pico-sdk/src/rp2_common/pico_stdio_usb/stdio_usb_descriptors.c.obj
                0x100046a4                tud_descriptor_configuration_cb
 .text.tud_descriptor_string_cb
                0x100046ac       0x6c CMakeFiles/main.dir/C_/Users/Daniel/Desktop/pico/pico-sdk/src/rp2_common/pico_stdio_usb/stdio_usb_descriptors.c.obj
                0x100046ac                tud_descriptor_string_cb
 .text.hw_endpoint_get_by_addr
                0x10004718       0x18 CMakeFiles/main.dir/C_/Users/Daniel/Desktop/pico/pico-sdk/lib/tinyusb/src/portable/raspberrypi/rp2040/dcd_rp2040.c.obj
 .text.reset_ep0_pid
                0x10004730       0x28 CMakeFiles/main.dir/C_/Users/Daniel/Desktop/pico/pico-sdk/lib/tinyusb/src/portable/raspberrypi/rp2040/dcd_rp2040.c.obj
 .text._hw_endpoint_alloc
                0x10004758       0x70 CMakeFiles/main.dir/C_/Users/Daniel/Desktop/pico/pico-sdk/lib/tinyusb/src/portable/raspberrypi/rp2040/dcd_rp2040.c.obj
 .text.hw_endpoint_init
                0x100047c8       0x88 CMakeFiles/main.dir/C_/Users/Daniel/Desktop/pico/pico-sdk/lib/tinyusb/src/portable/raspberrypi/rp2040/dcd_rp2040.c.obj
 .text.reset_non_control_endpoints
                0x10004850       0x40 CMakeFiles/main.dir/C_/Users/Daniel/Desktop/pico/pico-sdk/lib/tinyusb/src/portable/raspberrypi/rp2040/dcd_rp2040.c.obj
 .text.hw_handle_buff_status
                0x10004890       0x8c CMakeFiles/main.dir/C_/Users/Daniel/Desktop/pico/pico-sdk/lib/tinyusb/src/portable/raspberrypi/rp2040/dcd_rp2040.c.obj
 .text.dcd_rp2040_irq
                0x1000491c       0xc0 CMakeFiles/main.dir/C_/Users/Daniel/Desktop/pico/pico-sdk/lib/tinyusb/src/portable/raspberrypi/rp2040/dcd_rp2040.c.obj
 .text.hw_endpoint_xfer
                0x100049dc       0x14 CMakeFiles/main.dir/C_/Users/Daniel/Desktop/pico/pico-sdk/lib/tinyusb/src/portable/raspberrypi/rp2040/dcd_rp2040.c.obj
 .text.dcd_int_enable
                0x100049f0       0x2c CMakeFiles/main.dir/C_/Users/Daniel/Desktop/pico/pico-sdk/lib/tinyusb/src/portable/raspberrypi/rp2040/dcd_rp2040.c.obj
                0x100049f0                dcd_int_enable
 .text.dcd_set_address
                0x10004a1c       0x2c CMakeFiles/main.dir/C_/Users/Daniel/Desktop/pico/pico-sdk/lib/tinyusb/src/portable/raspberrypi/rp2040/dcd_rp2040.c.obj
                0x10004a1c                dcd_set_address
 .text.dcd_connect
                0x10004a48       0x10 CMakeFiles/main.dir/C_/Users/Daniel/Desktop/pico/pico-sdk/lib/tinyusb/src/portable/raspberrypi/rp2040/dcd_rp2040.c.obj
                0x10004a48                dcd_connect
 .text.dcd_init
                0x10004a58       0x7c CMakeFiles/main.dir/C_/Users/Daniel/Desktop/pico/pico-sdk/lib/tinyusb/src/portable/raspberrypi/rp2040/dcd_rp2040.c.obj
                0x10004a58                dcd_init
 .text.dcd_edpt0_status_complete
                0x10004ad4       0x1c CMakeFiles/main.dir/C_/Users/Daniel/Desktop/pico/pico-sdk/lib/tinyusb/src/portable/raspberrypi/rp2040/dcd_rp2040.c.obj
                0x10004ad4                dcd_edpt0_status_complete
 .text.dcd_edpt_open
                0x10004af0       0x40 CMakeFiles/main.dir/C_/Users/Daniel/Desktop/pico/pico-sdk/lib/tinyusb/src/portable/raspberrypi/rp2040/dcd_rp2040.c.obj
                0x10004af0                dcd_edpt_open
 .text.dcd_edpt_close_all
                0x10004b30        0x8 CMakeFiles/main.dir/C_/Users/Daniel/Desktop/pico/pico-sdk/lib/tinyusb/src/portable/raspberrypi/rp2040/dcd_rp2040.c.obj
                0x10004b30                dcd_edpt_close_all
 .text.dcd_edpt_xfer
                0x10004b38       0x30 CMakeFiles/main.dir/C_/Users/Daniel/Desktop/pico/pico-sdk/lib/tinyusb/src/portable/raspberrypi/rp2040/dcd_rp2040.c.obj
                0x10004b38                dcd_edpt_xfer
 .text.dcd_edpt_stall
                0x10004b68       0x2c CMakeFiles/main.dir/C_/Users/Daniel/Desktop/pico/pico-sdk/lib/tinyusb/src/portable/raspberrypi/rp2040/dcd_rp2040.c.obj
                0x10004b68                dcd_edpt_stall
 .text.dcd_edpt_clear_stall
                0x10004b94       0x20 CMakeFiles/main.dir/C_/Users/Daniel/Desktop/pico/pico-sdk/lib/tinyusb/src/portable/raspberrypi/rp2040/dcd_rp2040.c.obj
                0x10004b94                dcd_edpt_clear_stall
 .text.prepare_ep_buffer
                0x10004bb4       0x70 CMakeFiles/main.dir/C_/Users/Daniel/Desktop/pico/pico-sdk/lib/tinyusb/src/portable/raspberrypi/rp2040/rp2040_usb.c.obj
 .text.sync_ep_buffer
                0x10004c24       0x7c CMakeFiles/main.dir/C_/Users/Daniel/Desktop/pico/pico-sdk/lib/tinyusb/src/portable/raspberrypi/rp2040/rp2040_usb.c.obj
 .text._hw_endpoint_xfer_sync
                0x10004ca0       0x28 CMakeFiles/main.dir/C_/Users/Daniel/Desktop/pico/pico-sdk/lib/tinyusb/src/portable/raspberrypi/rp2040/rp2040_usb.c.obj
 .text.rp2040_usb_init
                0x10004cc8       0x4c CMakeFiles/main.dir/C_/Users/Daniel/Desktop/pico/pico-sdk/lib/tinyusb/src/portable/raspberrypi/rp2040/rp2040_usb.c.obj
                0x10004cc8                rp2040_usb_init
 .text.hw_endpoint_reset_transfer
                0x10004d14        0xc CMakeFiles/main.dir/C_/Users/Daniel/Desktop/pico/pico-sdk/lib/tinyusb/src/portable/raspberrypi/rp2040/rp2040_usb.c.obj
                0x10004d14                hw_endpoint_reset_transfer
 .text._hw_endpoint_buffer_control_update32
                0x10004d20       0x58 CMakeFiles/main.dir/C_/Users/Daniel/Desktop/pico/pico-sdk/lib/tinyusb/src/portable/raspberrypi/rp2040/rp2040_usb.c.obj
                0x10004d20                _hw_endpoint_buffer_control_update32
 .text._hw_endpoint_start_next_buffer
                0x10004d78       0x74 CMakeFiles/main.dir/C_/Users/Daniel/Desktop/pico/pico-sdk/lib/tinyusb/src/portable/raspberrypi/rp2040/rp2040_usb.c.obj
 .text.hw_endpoint_xfer_start
                0x10004dec       0x48 CMakeFiles/main.dir/C_/Users/Daniel/Desktop/pico/pico-sdk/lib/tinyusb/src/portable/raspberrypi/rp2040/rp2040_usb.c.obj
                0x10004dec                hw_endpoint_xfer_start
 .text.hw_endpoint_xfer_continue
                0x10004e34       0x38 CMakeFiles/main.dir/C_/Users/Daniel/Desktop/pico/pico-sdk/lib/tinyusb/src/portable/raspberrypi/rp2040/rp2040_usb.c.obj
                0x10004e34                hw_endpoint_xfer_continue
 .text.configuration_reset
                0x10004e6c       0x84 CMakeFiles/main.dir/C_/Users/Daniel/Desktop/pico/pico-sdk/lib/tinyusb/src/device/usbd.c.obj
 .text.usbd_reset
                0x10004ef0        0xc CMakeFiles/main.dir/C_/Users/Daniel/Desktop/pico/pico-sdk/lib/tinyusb/src/device/usbd.c.obj
 .text.invoke_class_control
                0x10004efc       0x1a CMakeFiles/main.dir/C_/Users/Daniel/Desktop/pico/pico-sdk/lib/tinyusb/src/device/usbd.c.obj
 *fill*         0x10004f16        0x2 
 .text.process_set_config
                0x10004f18      0x1b0 CMakeFiles/main.dir/C_/Users/Daniel/Desktop/pico/pico-sdk/lib/tinyusb/src/device/usbd.c.obj
 .text.process_get_descriptor
                0x100050c8       0xec CMakeFiles/main.dir/C_/Users/Daniel/Desktop/pico/pico-sdk/lib/tinyusb/src/device/usbd.c.obj
 .text.tud_mounted
                0x100051b4       0x10 CMakeFiles/main.dir/C_/Users/Daniel/Desktop/pico/pico-sdk/lib/tinyusb/src/device/usbd.c.obj
                0x100051b4                tud_mounted
 .text.tud_suspended
                0x100051c4       0x10 CMakeFiles/main.dir/C_/Users/Daniel/Desktop/pico/pico-sdk/lib/tinyusb/src/device/usbd.c.obj
                0x100051c4                tud_suspended
 .text.tud_inited
                0x100051d4        0xc CMakeFiles/main.dir/C_/Users/Daniel/Desktop/pico/pico-sdk/lib/tinyusb/src/device/usbd.c.obj
                0x100051d4                tud_inited
 .text.tud_init
                0x100051e0       0xcc CMakeFiles/main.dir/C_/Users/Daniel/Desktop/pico/pico-sdk/lib/tinyusb/src/device/usbd.c.obj
                0x100051e0                tud_init
 .text.dcd_event_handler
                0x100052ac      0x1e0 CMakeFiles/main.dir/C_/Users/Daniel/Desktop/pico/pico-sdk/lib/tinyusb/src/device/usbd.c.obj
                0x100052ac                dcd_event_handler
 .text.dcd_event_bus_signal
                0x1000548c       0x26 CMakeFiles/main.dir/C_/Users/Daniel/Desktop/pico/pico-sdk/lib/tinyusb/src/device/usbd.c.obj
                0x1000548c                dcd_event_bus_signal
 .text.dcd_event_bus_reset
                0x100054b2       0x2a CMakeFiles/main.dir/C_/Users/Daniel/Desktop/pico/pico-sdk/lib/tinyusb/src/device/usbd.c.obj
                0x100054b2                dcd_event_bus_reset
 .text.dcd_event_setup_received
                0x100054dc       0x34 CMakeFiles/main.dir/C_/Users/Daniel/Desktop/pico/pico-sdk/lib/tinyusb/src/device/usbd.c.obj
                0x100054dc                dcd_event_setup_received
 .text.dcd_event_xfer_complete
                0x10005510       0x44 CMakeFiles/main.dir/C_/Users/Daniel/Desktop/pico/pico-sdk/lib/tinyusb/src/device/usbd.c.obj
                0x10005510                dcd_event_xfer_complete
 .text.usbd_edpt_open
                0x10005554       0x58 CMakeFiles/main.dir/C_/Users/Daniel/Desktop/pico/pico-sdk/lib/tinyusb/src/device/usbd.c.obj
                0x10005554                usbd_edpt_open
 .text.usbd_open_edpt_pair
                0x100055ac       0x8c CMakeFiles/main.dir/C_/Users/Daniel/Desktop/pico/pico-sdk/lib/tinyusb/src/device/usbd.c.obj
                0x100055ac                usbd_open_edpt_pair
 .text.usbd_edpt_claim
                0x10005638       0x8c CMakeFiles/main.dir/C_/Users/Daniel/Desktop/pico/pico-sdk/lib/tinyusb/src/device/usbd.c.obj
                0x10005638                usbd_edpt_claim
 .text.usbd_edpt_release
                0x100056c4       0x68 CMakeFiles/main.dir/C_/Users/Daniel/Desktop/pico/pico-sdk/lib/tinyusb/src/device/usbd.c.obj
                0x100056c4                usbd_edpt_release
 .text.usbd_edpt_xfer
                0x1000572c       0x80 CMakeFiles/main.dir/C_/Users/Daniel/Desktop/pico/pico-sdk/lib/tinyusb/src/device/usbd.c.obj
                0x1000572c                usbd_edpt_xfer
 .text.usbd_edpt_stall
                0x100057ac       0x40 CMakeFiles/main.dir/C_/Users/Daniel/Desktop/pico/pico-sdk/lib/tinyusb/src/device/usbd.c.obj
                0x100057ac                usbd_edpt_stall
 .text.usbd_edpt_clear_stall
                0x100057ec       0x40 CMakeFiles/main.dir/C_/Users/Daniel/Desktop/pico/pico-sdk/lib/tinyusb/src/device/usbd.c.obj
                0x100057ec                usbd_edpt_clear_stall
 .text.usbd_edpt_stalled
                0x1000582c       0x1c CMakeFiles/main.dir/C_/Users/Daniel/Desktop/pico/pico-sdk/lib/tinyusb/src/device/usbd.c.obj
                0x1000582c                usbd_edpt_stalled
 .text.process_control_request
                0x10005848      0x3b8 CMakeFiles/main.dir/C_/Users/Daniel/Desktop/pico/pico-sdk/lib/tinyusb/src/device/usbd.c.obj
 .text.tud_task
                0x10005c00      0x218 CMakeFiles/main.dir/C_/Users/Daniel/Desktop/pico/pico-sdk/lib/tinyusb/src/device/usbd.c.obj
                0x10005c00                tud_task
 .text._data_stage_xact
                0x10005e18       0x58 CMakeFiles/main.dir/C_/Users/Daniel/Desktop/pico/pico-sdk/lib/tinyusb/src/device/usbd_control.c.obj
 .text.tud_control_status
                0x10005e70       0x38 CMakeFiles/main.dir/C_/Users/Daniel/Desktop/pico/pico-sdk/lib/tinyusb/src/device/usbd_control.c.obj
                0x10005e70                tud_control_status
 .text.tud_control_xfer
                0x10005ea8       0xa8 CMakeFiles/main.dir/C_/Users/Daniel/Desktop/pico/pico-sdk/lib/tinyusb/src/device/usbd_control.c.obj
                0x10005ea8                tud_control_xfer
 .text.usbd_control_reset
                0x10005f50       0x14 CMakeFiles/main.dir/C_/Users/Daniel/Desktop/pico/pico-sdk/lib/tinyusb/src/device/usbd_control.c.obj
                0x10005f50                usbd_control_reset
 .text.usbd_control_set_complete_callback
                0x10005f64        0xc CMakeFiles/main.dir/C_/Users/Daniel/Desktop/pico/pico-sdk/lib/tinyusb/src/device/usbd_control.c.obj
                0x10005f64                usbd_control_set_complete_callback
 .text.usbd_control_set_request
                0x10005f70       0x1c CMakeFiles/main.dir/C_/Users/Daniel/Desktop/pico/pico-sdk/lib/tinyusb/src/device/usbd_control.c.obj
                0x10005f70                usbd_control_set_request
 .text.usbd_control_xfer_cb
                0x10005f8c       0xfc CMakeFiles/main.dir/C_/Users/Daniel/Desktop/pico/pico-sdk/lib/tinyusb/src/device/usbd_control.c.obj
                0x10005f8c                usbd_control_xfer_cb
 .text._prep_out_transaction
                0x10006088       0x46 CMakeFiles/main.dir/C_/Users/Daniel/Desktop/pico/pico-sdk/lib/tinyusb/src/class/cdc/cdc_device.c.obj
 *fill*         0x100060ce        0x2 
 .text.tud_cdc_n_connected
                0x100060d0       0x44 CMakeFiles/main.dir/C_/Users/Daniel/Desktop/pico/pico-sdk/lib/tinyusb/src/class/cdc/cdc_device.c.obj
                0x100060d0                tud_cdc_n_connected
 .text.tud_cdc_n_available
                0x10006114       0x18 CMakeFiles/main.dir/C_/Users/Daniel/Desktop/pico/pico-sdk/lib/tinyusb/src/class/cdc/cdc_device.c.obj
                0x10006114                tud_cdc_n_available
 .text.tud_cdc_n_read
                0x1000612c       0x28 CMakeFiles/main.dir/C_/Users/Daniel/Desktop/pico/pico-sdk/lib/tinyusb/src/class/cdc/cdc_device.c.obj
                0x1000612c                tud_cdc_n_read
 .text.tud_cdc_n_write_flush
                0x10006154       0xcc CMakeFiles/main.dir/C_/Users/Daniel/Desktop/pico/pico-sdk/lib/tinyusb/src/class/cdc/cdc_device.c.obj
                0x10006154                tud_cdc_n_write_flush
 .text.tud_cdc_n_write
                0x10006220       0x38 CMakeFiles/main.dir/C_/Users/Daniel/Desktop/pico/pico-sdk/lib/tinyusb/src/class/cdc/cdc_device.c.obj
                0x10006220                tud_cdc_n_write
 .text.tud_cdc_n_write_available
                0x10006258       0x1c CMakeFiles/main.dir/C_/Users/Daniel/Desktop/pico/pico-sdk/lib/tinyusb/src/class/cdc/cdc_device.c.obj
                0x10006258                tud_cdc_n_write_available
 .text.cdcd_init
                0x10006274       0xbc CMakeFiles/main.dir/C_/Users/Daniel/Desktop/pico/pico-sdk/lib/tinyusb/src/class/cdc/cdc_device.c.obj
                0x10006274                cdcd_init
 .text.cdcd_reset
                0x10006330       0x44 CMakeFiles/main.dir/C_/Users/Daniel/Desktop/pico/pico-sdk/lib/tinyusb/src/class/cdc/cdc_device.c.obj
                0x10006330                cdcd_reset
 .text.cdcd_open
                0x10006374       0xf8 CMakeFiles/main.dir/C_/Users/Daniel/Desktop/pico/pico-sdk/lib/tinyusb/src/class/cdc/cdc_device.c.obj
                0x10006374                cdcd_open
 .text.cdcd_control_xfer_cb
                0x1000646c      0x134 CMakeFiles/main.dir/C_/Users/Daniel/Desktop/pico/pico-sdk/lib/tinyusb/src/class/cdc/cdc_device.c.obj
                0x1000646c                cdcd_control_xfer_cb
 .text.cdcd_xfer_cb
                0x100065a0      0x144 CMakeFiles/main.dir/C_/Users/Daniel/Desktop/pico/pico-sdk/lib/tinyusb/src/class/cdc/cdc_device.c.obj
                0x100065a0                cdcd_xfer_cb
 .text.tusb_init
                0x100066e4       0x24 CMakeFiles/main.dir/C_/Users/Daniel/Desktop/pico/pico-sdk/lib/tinyusb/src/tusb.c.obj
                0x100066e4                tusb_init
 .text.tusb_inited
                0x10006708        0xe CMakeFiles/main.dir/C_/Users/Daniel/Desktop/pico/pico-sdk/lib/tinyusb/src/tusb.c.obj
                0x10006708                tusb_inited
 *fill*         0x10006716        0x2 
 .text.tu_edpt_validate
                0x10006718       0xa8 CMakeFiles/main.dir/C_/Users/Daniel/Desktop/pico/pico-sdk/lib/tinyusb/src/tusb.c.obj
                0x10006718                tu_edpt_validate
 .text.tu_edpt_bind_driver
                0x100067c0       0x2a CMakeFiles/main.dir/C_/Users/Daniel/Desktop/pico/pico-sdk/lib/tinyusb/src/tusb.c.obj
                0x100067c0                tu_edpt_bind_driver
 .text.advance_pointer
                0x100067ea       0x18 CMakeFiles/main.dir/C_/Users/Daniel/Desktop/pico/pico-sdk/lib/tinyusb/src/common/tusb_fifo.c.obj
 .text.backward_pointer
                0x10006802       0x1e CMakeFiles/main.dir/C_/Users/Daniel/Desktop/pico/pico-sdk/lib/tinyusb/src/common/tusb_fifo.c.obj
 .text.get_relative_pointer
                0x10006820       0x10 CMakeFiles/main.dir/C_/Users/Daniel/Desktop/pico/pico-sdk/lib/tinyusb/src/common/tusb_fifo.c.obj
 .text._tu_fifo_peek
                0x10006830       0x50 CMakeFiles/main.dir/C_/Users/Daniel/Desktop/pico/pico-sdk/lib/tinyusb/src/common/tusb_fifo.c.obj
 .text._ff_pull_const_addr
                0x10006880       0x4c CMakeFiles/main.dir/C_/Users/Daniel/Desktop/pico/pico-sdk/lib/tinyusb/src/common/tusb_fifo.c.obj
 .text._ff_pull_n
                0x100068cc      0x10c CMakeFiles/main.dir/C_/Users/Daniel/Desktop/pico/pico-sdk/lib/tinyusb/src/common/tusb_fifo.c.obj
 .text._tu_fifo_peek_n
                0x100069d8       0x5e CMakeFiles/main.dir/C_/Users/Daniel/Desktop/pico/pico-sdk/lib/tinyusb/src/common/tusb_fifo.c.obj
 .text._tu_fifo_read_n
                0x10006a36       0x4e CMakeFiles/main.dir/C_/Users/Daniel/Desktop/pico/pico-sdk/lib/tinyusb/src/common/tusb_fifo.c.obj
 .text._ff_push_const_addr
                0x10006a84       0x40 CMakeFiles/main.dir/C_/Users/Daniel/Desktop/pico/pico-sdk/lib/tinyusb/src/common/tusb_fifo.c.obj
 .text._ff_push_n
                0x10006ac4      0x108 CMakeFiles/main.dir/C_/Users/Daniel/Desktop/pico/pico-sdk/lib/tinyusb/src/common/tusb_fifo.c.obj
 .text._tu_fifo_write_n
                0x10006bcc       0x9e CMakeFiles/main.dir/C_/Users/Daniel/Desktop/pico/pico-sdk/lib/tinyusb/src/common/tusb_fifo.c.obj
 .text.tu_fifo_config
                0x10006c6a       0x72 CMakeFiles/main.dir/C_/Users/Daniel/Desktop/pico/pico-sdk/lib/tinyusb/src/common/tusb_fifo.c.obj
                0x10006c6a                tu_fifo_config
 .text.tu_fifo_count
                0x10006cdc       0x26 CMakeFiles/main.dir/C_/Users/Daniel/Desktop/pico/pico-sdk/lib/tinyusb/src/common/tusb_fifo.c.obj
                0x10006cdc                tu_fifo_count
 .text.tu_fifo_empty
                0x10006d02       0x10 CMakeFiles/main.dir/C_/Users/Daniel/Desktop/pico/pico-sdk/lib/tinyusb/src/common/tusb_fifo.c.obj
                0x10006d02                tu_fifo_empty
 .text.tu_fifo_remaining
                0x10006d12       0x20 CMakeFiles/main.dir/C_/Users/Daniel/Desktop/pico/pico-sdk/lib/tinyusb/src/common/tusb_fifo.c.obj
                0x10006d12                tu_fifo_remaining
 .text.tu_fifo_read
                0x10006d32       0x42 CMakeFiles/main.dir/C_/Users/Daniel/Desktop/pico/pico-sdk/lib/tinyusb/src/common/tusb_fifo.c.obj
                0x10006d32                tu_fifo_read
 .text.tu_fifo_read_n
                0x10006d74        0xa CMakeFiles/main.dir/C_/Users/Daniel/Desktop/pico/pico-sdk/lib/tinyusb/src/common/tusb_fifo.c.obj
                0x10006d74                tu_fifo_read_n
 .text.tu_fifo_write
                0x10006d7e       0x6c CMakeFiles/main.dir/C_/Users/Daniel/Desktop/pico/pico-sdk/lib/tinyusb/src/common/tusb_fifo.c.obj
                0x10006d7e                tu_fifo_write
 .text.tu_fifo_write_n
                0x10006dea        0xa CMakeFiles/main.dir/C_/Users/Daniel/Desktop/pico/pico-sdk/lib/tinyusb/src/common/tusb_fifo.c.obj
                0x10006dea                tu_fifo_write_n
 .text.tu_fifo_clear
                0x10006df4       0x4c CMakeFiles/main.dir/C_/Users/Daniel/Desktop/pico/pico-sdk/lib/tinyusb/src/common/tusb_fifo.c.obj
                0x10006df4                tu_fifo_clear
 .text.tu_fifo_set_overwritable
                0x10006e40       0x3c CMakeFiles/main.dir/C_/Users/Daniel/Desktop/pico/pico-sdk/lib/tinyusb/src/common/tusb_fifo.c.obj
                0x10006e40                tu_fifo_set_overwritable
 .text._retrieve_unique_id_on_boot
                0x10006e7c       0x10 CMakeFiles/main.dir/C_/Users/Daniel/Desktop/pico/pico-sdk/src/rp2_common/pico_unique_id/unique_id.c.obj
 .text.pico_get_unique_board_id_string
                0x10006e8c       0x60 CMakeFiles/main.dir/C_/Users/Daniel/Desktop/pico/pico-sdk/src/rp2_common/pico_unique_id/unique_id.c.obj
                0x10006e8c                pico_get_unique_board_id_string
 .text.flash_get_unique_id
                0x10006eec       0x46 CMakeFiles/main.dir/C_/Users/Daniel/Desktop/pico/pico-sdk/src/rp2_common/hardware_flash/flash.c.obj
                0x10006eec                flash_get_unique_id
 *fill*         0x10006f32        0x2 
 .text._pio_can_add_program_at_offset
                0x10006f34       0x3c CMakeFiles/main.dir/C_/Users/Daniel/Desktop/pico/pico-sdk/src/rp2_common/hardware_pio/pio.c.obj
 .text._pio_find_offset_for_program
                0x10006f70       0x7c CMakeFiles/main.dir/C_/Users/Daniel/Desktop/pico/pico-sdk/src/rp2_common/hardware_pio/pio.c.obj
 .text._pio_add_program_at_offset
                0x10006fec       0x78 CMakeFiles/main.dir/C_/Users/Daniel/Desktop/pico/pico-sdk/src/rp2_common/hardware_pio/pio.c.obj
 .text.pio_add_program
                0x10007064       0x38 CMakeFiles/main.dir/C_/Users/Daniel/Desktop/pico/pico-sdk/src/rp2_common/hardware_pio/pio.c.obj
                0x10007064                pio_add_program
 .text.pio_sm_set_pins_with_mask
                0x1000709c       0x6c CMakeFiles/main.dir/C_/Users/Daniel/Desktop/pico/pico-sdk/src/rp2_common/hardware_pio/pio.c.obj
                0x1000709c                pio_sm_set_pins_with_mask
 .text.pio_sm_set_pindirs_with_mask
                0x10007108       0x70 CMakeFiles/main.dir/C_/Users/Daniel/Desktop/pico/pico-sdk/src/rp2_common/hardware_pio/pio.c.obj
                0x10007108                pio_sm_set_pindirs_with_mask
 .text.pio_sm_init
                0x10007178       0xe4 CMakeFiles/main.dir/C_/Users/Daniel/Desktop/pico/pico-sdk/src/rp2_common/hardware_pio/pio.c.obj
                0x10007178                pio_sm_init
 .text.strlen   0x1000725c       0x5c d:/progra~2/gbuarm~1/bin/../lib/gcc/arm-none-eabi/10.3.1/../../../../arm-none-eabi/lib/thumb/v6-m/nofp\libg.a(lib_a-strlen-stub.o)
                0x1000725c                strlen
 *(.fini)
 .fini          0x100072b8        0x4 d:/progra~2/gbuarm~1/bin/../lib/gcc/arm-none-eabi/10.3.1/thumb/v6-m/nofp/crti.o
                0x100072b8                _fini
 *fill*         0x100072bc        0x4 
 .fini.__stub   0x100072c0       0x80 linker stubs
 *crtbegin.o(.ctors)
 *crtbegin?.o(.ctors)
 *(EXCLUDE_FILE(*crtend.o *crtend?.o) .ctors)
 *(SORT_BY_NAME(.ctors.*))
 *(.ctors)
 *crtbegin.o(.dtors)
 *crtbegin?.o(.dtors)
 *(EXCLUDE_FILE(*crtend.o *crtend?.o) .dtors)
 *(SORT_BY_NAME(.dtors.*))
 *(.dtors)
 *(.eh_frame*)
 .eh_frame      0x10007340        0x0 d:/progra~2/gbuarm~1/bin/../lib/gcc/arm-none-eabi/10.3.1/thumb/v6-m/nofp/crtbegin.o
                0x10007340                . = ALIGN (0x4)

.glue_7         0x10007340        0x0
 .glue_7        0x10007340        0x0 linker stubs

.glue_7t        0x10007340        0x0
 .glue_7t       0x10007340        0x0 linker stubs

.vfp11_veneer   0x10007340        0x0
 .vfp11_veneer  0x10007340        0x0 linker stubs

.v4_bx          0x10007340        0x0
 .v4_bx         0x10007340        0x0 linker stubs

.iplt           0x10007340        0x0
 .iplt          0x10007340        0x0 d:/progra~2/gbuarm~1/bin/../lib/gcc/arm-none-eabi/10.3.1/thumb/v6-m/nofp/crtbegin.o

.rodata         0x10007340     0x16a0
 *(EXCLUDE_FILE(*libm.a: *libc.a:*lib_a-mem*.o *libgcc.a:) .rodata*)
 .rodata.spi_cpha1_program
                0x10007340        0x6 CMakeFiles/main.dir/main.c.obj
 *fill*         0x10007346        0x2 
 .rodata.spi_cpha1_program_instructions
                0x10007348        0x6 CMakeFiles/main.dir/main.c.obj
 *fill*         0x1000734e        0x2 
 .rodata.spin_lock_claim_unused.str1.4
                0x10007350       0x1b CMakeFiles/main.dir/C_/Users/Daniel/Desktop/pico/pico-sdk/src/rp2_common/hardware_sync/sync.c.obj
 *fill*         0x1000736b        0x1 
 .rodata.repeating_timer_callback.str1.4
                0x1000736c       0x56 CMakeFiles/main.dir/C_/Users/Daniel/Desktop/pico/pico-sdk/src/common/pico_time/time.c.obj
 *fill*         0x100073c2        0x2 
 .rodata.alarm_pool_dump_key.str1.4
                0x100073c4       0x33 CMakeFiles/main.dir/C_/Users/Daniel/Desktop/pico/pico-sdk/src/common/pico_time/time.c.obj
 *fill*         0x100073f7        0x1 
 .rodata.ph_add_child_node.str1.4
                0x100073f8       0xa2 CMakeFiles/main.dir/C_/Users/Daniel/Desktop/pico/pico-sdk/src/common/pico_time/time.c.obj
 *fill*         0x1000749a        0x2 
 .rodata.add_alarm_under_lock.str1.4
                0x1000749c       0x28 CMakeFiles/main.dir/C_/Users/Daniel/Desktop/pico/pico-sdk/src/common/pico_time/time.c.obj
                                 0x2b (size before relaxing)
 .rodata.alarm_pool_alarm_callback.str1.4
                0x100074c4       0xee CMakeFiles/main.dir/C_/Users/Daniel/Desktop/pico/pico-sdk/src/common/pico_time/time.c.obj
 *fill*         0x100075b2        0x2 
 .rodata.alarm_pool_get_default.str1.4
                0x100075b4       0x21 CMakeFiles/main.dir/C_/Users/Daniel/Desktop/pico/pico-sdk/src/common/pico_time/time.c.obj
 *fill*         0x100075d5        0x3 
 .rodata.alarm_pool_cancel_alarm.str1.4
                0x100075d8       0x27 CMakeFiles/main.dir/C_/Users/Daniel/Desktop/pico/pico-sdk/src/common/pico_time/time.c.obj
 *fill*         0x100075ff        0x1 
 .rodata.__func__.1
                0x10007600       0x18 CMakeFiles/main.dir/C_/Users/Daniel/Desktop/pico/pico-sdk/src/common/pico_time/time.c.obj
 .rodata.__func__.10
                0x10007618       0x15 CMakeFiles/main.dir/C_/Users/Daniel/Desktop/pico/pico-sdk/src/common/pico_time/time.c.obj
 *fill*         0x1000762d        0x3 
 .rodata.__func__.11
                0x10007630       0x1a CMakeFiles/main.dir/C_/Users/Daniel/Desktop/pico/pico-sdk/src/common/pico_time/time.c.obj
 *fill*         0x1000764a        0x2 
 .rodata.__func__.12
                0x1000764c        0xa CMakeFiles/main.dir/C_/Users/Daniel/Desktop/pico/pico-sdk/src/common/pico_time/time.c.obj
 *fill*         0x10007656        0x2 
 .rodata.__func__.3
                0x10007658       0x17 CMakeFiles/main.dir/C_/Users/Daniel/Desktop/pico/pico-sdk/src/common/pico_time/time.c.obj
 *fill*         0x1000766f        0x1 
 .rodata.__func__.4
                0x10007670       0x12 CMakeFiles/main.dir/C_/Users/Daniel/Desktop/pico/pico-sdk/src/common/pico_time/time.c.obj
 *fill*         0x10007682        0x2 
 .rodata.__func__.5
                0x10007684        0xd CMakeFiles/main.dir/C_/Users/Daniel/Desktop/pico/pico-sdk/src/common/pico_time/time.c.obj
 *fill*         0x10007691        0x3 
 .rodata.__func__.6
                0x10007694       0x12 CMakeFiles/main.dir/C_/Users/Daniel/Desktop/pico/pico-sdk/src/common/pico_time/time.c.obj
 *fill*         0x100076a6        0x2 
 .rodata.__func__.7
                0x100076a8        0xf CMakeFiles/main.dir/C_/Users/Daniel/Desktop/pico/pico-sdk/src/common/pico_time/time.c.obj
 *fill*         0x100076b7        0x1 
 .rodata.__func__.8
                0x100076b8        0xc CMakeFiles/main.dir/C_/Users/Daniel/Desktop/pico/pico-sdk/src/common/pico_time/time.c.obj
 .rodata.__func__.9
                0x100076c4       0x15 CMakeFiles/main.dir/C_/Users/Daniel/Desktop/pico/pico-sdk/src/common/pico_time/time.c.obj
 *fill*         0x100076d9        0x3 
 .rodata.hardware_alarm_claim.str1.4
                0x100076dc       0x22 CMakeFiles/main.dir/C_/Users/Daniel/Desktop/pico/pico-sdk/src/rp2_common/hardware_timer/timer.c.obj
 *fill*         0x100076fe        0x2 
 .rodata.hardware_alarm_set_target.str1.4
                0x10007700       0x70 CMakeFiles/main.dir/C_/Users/Daniel/Desktop/pico/pico-sdk/src/rp2_common/hardware_timer/timer.c.obj
 .rodata.__func__.0
                0x10007770       0x1a CMakeFiles/main.dir/C_/Users/Daniel/Desktop/pico/pico-sdk/src/rp2_common/hardware_timer/timer.c.obj
 *fill*         0x1000778a        0x2 
 .rodata.str1.4
                0x1000778c       0x95 CMakeFiles/main.dir/C_/Users/Daniel/Desktop/pico/pico-sdk/src/common/pico_sync/mutex.c.obj
                                0x101 (size before relaxing)
 *fill*         0x10007821        0x3 
 .rodata.__func__.1
                0x10007824        0xb CMakeFiles/main.dir/C_/Users/Daniel/Desktop/pico/pico-sdk/src/common/pico_sync/mutex.c.obj
 *fill*         0x1000782f        0x1 
 .rodata.__func__.3
                0x10007830       0x18 CMakeFiles/main.dir/C_/Users/Daniel/Desktop/pico/pico-sdk/src/common/pico_sync/mutex.c.obj
 .rodata.__func__.4
                0x10007848       0x15 CMakeFiles/main.dir/C_/Users/Daniel/Desktop/pico/pico-sdk/src/common/pico_sync/mutex.c.obj
 .rodata.ph_add_child_node.str1.4
                0x1000785d       0xa2 CMakeFiles/main.dir/C_/Users/Daniel/Desktop/pico/pico-sdk/src/common/pico_util/pheap.c.obj
 *fill*         0x1000785d        0x3 
 .rodata.ph_remove_any_head.str1.4
                0x10007860       0x98 CMakeFiles/main.dir/C_/Users/Daniel/Desktop/pico/pico-sdk/src/common/pico_util/pheap.c.obj
 .rodata.ph_remove_and_free_node.str1.4
                0x100078f8       0x26 CMakeFiles/main.dir/C_/Users/Daniel/Desktop/pico/pico-sdk/src/common/pico_util/pheap.c.obj
 *fill*         0x1000791e        0x2 
 .rodata.__func__.0
                0x10007920       0x18 CMakeFiles/main.dir/C_/Users/Daniel/Desktop/pico/pico-sdk/src/common/pico_util/pheap.c.obj
 .rodata.__func__.1
                0x10007938       0x13 CMakeFiles/main.dir/C_/Users/Daniel/Desktop/pico/pico-sdk/src/common/pico_util/pheap.c.obj
 *fill*         0x1000794b        0x1 
 .rodata.__func__.2
                0x1000794c       0x12 CMakeFiles/main.dir/C_/Users/Daniel/Desktop/pico/pico-sdk/src/common/pico_util/pheap.c.obj
 *fill*         0x1000795e        0x2 
 .rodata.__func__.3
                0x10007960        0xc CMakeFiles/main.dir/C_/Users/Daniel/Desktop/pico/pico-sdk/src/common/pico_util/pheap.c.obj
 .rodata.__assert_func.str1.4
                0x1000796c       0x3f CMakeFiles/main.dir/C_/Users/Daniel/Desktop/pico/pico-sdk/src/rp2_common/pico_runtime/runtime.c.obj
                                 0x43 (size before relaxing)
 *fill*         0x100079ab        0x1 
 .rodata.runtime_init.str1.4
                0x100079ac       0x6c CMakeFiles/main.dir/C_/Users/Daniel/Desktop/pico/pico-sdk/src/rp2_common/pico_runtime/runtime.c.obj
 .rodata.panic.str1.4
                0x10007a18       0x12 CMakeFiles/main.dir/C_/Users/Daniel/Desktop/pico/pico-sdk/src/rp2_common/pico_runtime/runtime.c.obj
 *fill*         0x10007a2a        0x2 
 .rodata.__func__.1
                0x10007a2c        0xd CMakeFiles/main.dir/C_/Users/Daniel/Desktop/pico/pico-sdk/src/rp2_common/pico_runtime/runtime.c.obj
 *fill*         0x10007a39        0x3 
 .rodata.clock_configure.str1.4
                0x10007a3c       0x62 CMakeFiles/main.dir/C_/Users/Daniel/Desktop/pico/pico-sdk/src/rp2_common/hardware_clocks/clocks.c.obj
 *fill*         0x10007a9e        0x2 
 .rodata.__func__.1
                0x10007aa0       0x10 CMakeFiles/main.dir/C_/Users/Daniel/Desktop/pico/pico-sdk/src/rp2_common/hardware_clocks/clocks.c.obj
 .rodata.make_branch.str1.4
                0x10007ab0       0x58 CMakeFiles/main.dir/C_/Users/Daniel/Desktop/pico/pico-sdk/src/rp2_common/hardware_irq/irq.c.obj
 .rodata.irq_set_exclusive_handler.str1.4
                0x10007b08       0x36 CMakeFiles/main.dir/C_/Users/Daniel/Desktop/pico/pico-sdk/src/rp2_common/hardware_irq/irq.c.obj
 *fill*         0x10007b3e        0x2 
 .rodata.irq_add_shared_handler.str1.4
                0x10007b40       0xd9 CMakeFiles/main.dir/C_/Users/Daniel/Desktop/pico/pico-sdk/src/rp2_common/hardware_irq/irq.c.obj
 *fill*         0x10007c19        0x3 
 .rodata.irq_remove_handler.str1.4
                0x10007c1c       0x2a CMakeFiles/main.dir/C_/Users/Daniel/Desktop/pico/pico-sdk/src/rp2_common/hardware_irq/irq.c.obj
 *fill*         0x10007c46        0x2 
 .rodata.irq_add_tail_to_free_list.str1.4
                0x10007c48       0x32 CMakeFiles/main.dir/C_/Users/Daniel/Desktop/pico/pico-sdk/src/rp2_common/hardware_irq/irq.c.obj
                                 0x3a (size before relaxing)
 *fill*         0x10007c7a        0x2 
 .rodata.__func__.0
                0x10007c7c       0x1a CMakeFiles/main.dir/C_/Users/Daniel/Desktop/pico/pico-sdk/src/rp2_common/hardware_irq/irq.c.obj
 *fill*         0x10007c96        0x2 
 .rodata.__func__.1
                0x10007c98       0x17 CMakeFiles/main.dir/C_/Users/Daniel/Desktop/pico/pico-sdk/src/rp2_common/hardware_irq/irq.c.obj
 *fill*         0x10007caf        0x1 
 .rodata.__func__.2
                0x10007cb0       0x13 CMakeFiles/main.dir/C_/Users/Daniel/Desktop/pico/pico-sdk/src/rp2_common/hardware_irq/irq.c.obj
 *fill*         0x10007cc3        0x1 
 .rodata.__func__.3
                0x10007cc4        0xc CMakeFiles/main.dir/C_/Users/Daniel/Desktop/pico/pico-sdk/src/rp2_common/hardware_irq/irq.c.obj
 .rodata.__func__.4
                0x10007cd0        0xf CMakeFiles/main.dir/C_/Users/Daniel/Desktop/pico/pico-sdk/src/rp2_common/hardware_irq/irq.c.obj
 *fill*         0x10007cdf        0x1 
 .rodata.__func__.6
                0x10007ce0       0x1a CMakeFiles/main.dir/C_/Users/Daniel/Desktop/pico/pico-sdk/src/rp2_common/hardware_irq/irq.c.obj
 *fill*         0x10007cfa        0x2 
 .rodata.pll_init.str1.4
                0x10007cfc       0xe3 CMakeFiles/main.dir/C_/Users/Daniel/Desktop/pico/pico-sdk/src/rp2_common/hardware_pll/pll.c.obj
 *fill*         0x10007ddf        0x1 
 .rodata.__func__.0
                0x10007de0        0x9 CMakeFiles/main.dir/C_/Users/Daniel/Desktop/pico/pico-sdk/src/rp2_common/hardware_pll/pll.c.obj
 *fill*         0x10007de9        0x3 
 .rodata._ftoa.str1.4
                0x10007dec       0x15 CMakeFiles/main.dir/C_/Users/Daniel/Desktop/pico/pico-sdk/src/rp2_common/pico_printf/printf.c.obj
 *fill*         0x10007e01        0x3 
 .rodata._vsnprintf
                0x10007e04      0x1e0 CMakeFiles/main.dir/C_/Users/Daniel/Desktop/pico/pico-sdk/src/rp2_common/pico_printf/printf.c.obj
 *fill*         0x10007fe4        0x4 
 .rodata.pow10.0
                0x10007fe8       0x50 CMakeFiles/main.dir/C_/Users/Daniel/Desktop/pico/pico-sdk/src/rp2_common/pico_printf/printf.c.obj
 .rodata.__aeabi_double_init.str1.4
                0x10008038       0xb3 CMakeFiles/main.dir/C_/Users/Daniel/Desktop/pico/pico-sdk/src/rp2_common/pico_double/double_init_rom.c.obj
 *fill*         0x100080eb        0x1 
 .rodata.__func__.0
                0x100080ec       0x14 CMakeFiles/main.dir/C_/Users/Daniel/Desktop/pico/pico-sdk/src/rp2_common/pico_double/double_init_rom.c.obj
 .rodata.__aeabi_float_init.str1.4
                0x10008100       0x85 CMakeFiles/main.dir/C_/Users/Daniel/Desktop/pico/pico-sdk/src/rp2_common/pico_float/float_init_rom.c.obj
                                 0x89 (size before relaxing)
 *fill*         0x10008185        0x3 
 .rodata.__func__.0
                0x10008188       0x13 CMakeFiles/main.dir/C_/Users/Daniel/Desktop/pico/pico-sdk/src/rp2_common/pico_float/float_init_rom.c.obj
 *fill*         0x1000819b        0x1 
 .rodata.str1.4
                0x1000819c       0x3c CMakeFiles/main.dir/C_/Users/Daniel/Desktop/pico/pico-sdk/src/rp2_common/pico_standard_link/binary_info.c.obj
 .rodata.__bi_44
                0x100081d8        0xc CMakeFiles/main.dir/C_/Users/Daniel/Desktop/pico/pico-sdk/src/rp2_common/pico_standard_link/binary_info.c.obj
 .rodata.__bi_75
                0x100081e4        0xc CMakeFiles/main.dir/C_/Users/Daniel/Desktop/pico/pico-sdk/src/rp2_common/pico_standard_link/binary_info.c.obj
 .rodata.__bi_81
                0x100081f0        0xc CMakeFiles/main.dir/C_/Users/Daniel/Desktop/pico/pico-sdk/src/rp2_common/pico_standard_link/binary_info.c.obj
 .rodata.crlf_str.3
                0x100081fc        0x2 CMakeFiles/main.dir/C_/Users/Daniel/Desktop/pico/pico-sdk/src/rp2_common/pico_stdio/stdio.c.obj
 *fill*         0x100081fe        0x2 
 .rodata._resetd_driver
                0x10008200       0x18 CMakeFiles/main.dir/C_/Users/Daniel/Desktop/pico/pico-sdk/src/rp2_common/pico_stdio_usb/reset_interface.c.obj
 .rodata.stdio_usb_init.str1.4
                0x10008218       0x6c CMakeFiles/main.dir/C_/Users/Daniel/Desktop/pico/pico-sdk/src/rp2_common/pico_stdio_usb/stdio_usb.c.obj
 .rodata.str1.4
                0x10008218       0x13 CMakeFiles/main.dir/C_/Users/Daniel/Desktop/pico/pico-sdk/src/rp2_common/pico_stdio_usb/stdio_usb.c.obj
 *fill*         0x1000822b        0x1 
 .rodata.__bi_93.1
                0x1000822c        0xc CMakeFiles/main.dir/C_/Users/Daniel/Desktop/pico/pico-sdk/src/rp2_common/pico_stdio_usb/stdio_usb.c.obj
 .rodata.__func__.0
                0x10008238       0x15 CMakeFiles/main.dir/C_/Users/Daniel/Desktop/pico/pico-sdk/src/rp2_common/pico_stdio_usb/stdio_usb.c.obj
 *fill*         0x1000824d        0x3 
 .rodata.str1.4
                0x10008250       0x2a CMakeFiles/main.dir/C_/Users/Daniel/Desktop/pico/pico-sdk/src/rp2_common/pico_stdio_usb/stdio_usb_descriptors.c.obj
 *fill*         0x1000827a        0x2 
 .rodata.usbd_desc_cfg
                0x1000827c       0x54 CMakeFiles/main.dir/C_/Users/Daniel/Desktop/pico/pico-sdk/src/rp2_common/pico_stdio_usb/stdio_usb_descriptors.c.obj
 .rodata.usbd_desc_device
                0x100082d0       0x12 CMakeFiles/main.dir/C_/Users/Daniel/Desktop/pico/pico-sdk/src/rp2_common/pico_stdio_usb/stdio_usb_descriptors.c.obj
 *fill*         0x100082e2        0x2 
 .rodata.usbd_desc_str
                0x100082e4       0x18 CMakeFiles/main.dir/C_/Users/Daniel/Desktop/pico/pico-sdk/src/rp2_common/pico_stdio_usb/stdio_usb_descriptors.c.obj
 .rodata._hw_endpoint_alloc.str1.4
                0x100082fc       0xc1 CMakeFiles/main.dir/C_/Users/Daniel/Desktop/pico/pico-sdk/lib/tinyusb/src/portable/raspberrypi/rp2040/dcd_rp2040.c.obj
 *fill*         0x100083bd        0x3 
 .rodata.dcd_rp2040_irq.str1.4
                0x100083c0       0x14 CMakeFiles/main.dir/C_/Users/Daniel/Desktop/pico/pico-sdk/lib/tinyusb/src/portable/raspberrypi/rp2040/dcd_rp2040.c.obj
 .rodata.dcd_int_enable.str1.4
                0x100083d4        0xc CMakeFiles/main.dir/C_/Users/Daniel/Desktop/pico/pico-sdk/lib/tinyusb/src/portable/raspberrypi/rp2040/dcd_rp2040.c.obj
 .rodata.__func__.0
                0x100083e0        0xe CMakeFiles/main.dir/C_/Users/Daniel/Desktop/pico/pico-sdk/lib/tinyusb/src/portable/raspberrypi/rp2040/dcd_rp2040.c.obj
 *fill*         0x100083ee        0x2 
 .rodata.__func__.1
                0x100083f0        0xe CMakeFiles/main.dir/C_/Users/Daniel/Desktop/pico/pico-sdk/lib/tinyusb/src/portable/raspberrypi/rp2040/dcd_rp2040.c.obj
 *fill*         0x100083fe        0x2 
 .rodata.__func__.3
                0x10008400       0x10 CMakeFiles/main.dir/C_/Users/Daniel/Desktop/pico/pico-sdk/lib/tinyusb/src/portable/raspberrypi/rp2040/dcd_rp2040.c.obj
 .rodata.__func__.5
                0x10008410        0xf CMakeFiles/main.dir/C_/Users/Daniel/Desktop/pico/pico-sdk/lib/tinyusb/src/portable/raspberrypi/rp2040/dcd_rp2040.c.obj
 *fill*         0x1000841f        0x1 
 .rodata.__func__.6
                0x10008420       0x13 CMakeFiles/main.dir/C_/Users/Daniel/Desktop/pico/pico-sdk/lib/tinyusb/src/portable/raspberrypi/rp2040/dcd_rp2040.c.obj
 *fill*         0x10008433        0x1 
 .rodata.__func__.7
                0x10008434        0x9 CMakeFiles/main.dir/C_/Users/Daniel/Desktop/pico/pico-sdk/lib/tinyusb/src/portable/raspberrypi/rp2040/dcd_rp2040.c.obj
 *fill*         0x1000843d        0x3 
 .rodata.sync_ep_buffer.str1.4
                0x10008440       0x9d CMakeFiles/main.dir/C_/Users/Daniel/Desktop/pico/pico-sdk/lib/tinyusb/src/portable/raspberrypi/rp2040/rp2040_usb.c.obj
 *fill*         0x100084dd        0x3 
 .rodata._hw_endpoint_buffer_control_update32.str1.4
                0x100084e0       0x1f CMakeFiles/main.dir/C_/Users/Daniel/Desktop/pico/pico-sdk/lib/tinyusb/src/portable/raspberrypi/rp2040/rp2040_usb.c.obj
 *fill*         0x100084ff        0x1 
 .rodata.hw_endpoint_xfer_start.str1.4
                0x10008500       0x38 CMakeFiles/main.dir/C_/Users/Daniel/Desktop/pico/pico-sdk/lib/tinyusb/src/portable/raspberrypi/rp2040/rp2040_usb.c.obj
 .rodata.hw_endpoint_xfer_continue.str1.4
                0x10008538       0x29 CMakeFiles/main.dir/C_/Users/Daniel/Desktop/pico/pico-sdk/lib/tinyusb/src/portable/raspberrypi/rp2040/rp2040_usb.c.obj
 *fill*         0x10008561        0x3 
 .rodata.str1.4
                0x10008564        0x7 CMakeFiles/main.dir/C_/Users/Daniel/Desktop/pico/pico-sdk/lib/tinyusb/src/portable/raspberrypi/rp2040/rp2040_usb.c.obj
 *fill*         0x1000856b        0x1 
 .rodata.__func__.0
                0x1000856c        0xf CMakeFiles/main.dir/C_/Users/Daniel/Desktop/pico/pico-sdk/lib/tinyusb/src/portable/raspberrypi/rp2040/rp2040_usb.c.obj
 *fill*         0x1000857b        0x1 
 .rodata.process_set_config.str1.4
                0x1000857c       0x17 CMakeFiles/main.dir/C_/Users/Daniel/Desktop/pico/pico-sdk/lib/tinyusb/src/device/usbd.c.obj
 *fill*         0x10008593        0x1 
 .rodata.process_get_descriptor
                0x10008594       0x40 CMakeFiles/main.dir/C_/Users/Daniel/Desktop/pico/pico-sdk/lib/tinyusb/src/device/usbd.c.obj
 .rodata.process_control_request
                0x100085d4       0x28 CMakeFiles/main.dir/C_/Users/Daniel/Desktop/pico/pico-sdk/lib/tinyusb/src/device/usbd.c.obj
 .rodata.tud_task
                0x100085fc       0x24 CMakeFiles/main.dir/C_/Users/Daniel/Desktop/pico/pico-sdk/lib/tinyusb/src/device/usbd.c.obj
 .rodata.__func__.2
                0x10008620        0xf CMakeFiles/main.dir/C_/Users/Daniel/Desktop/pico/pico-sdk/lib/tinyusb/src/device/usbd.c.obj
 *fill*         0x1000862f        0x1 
 .rodata.__func__.3
                0x10008630        0xf CMakeFiles/main.dir/C_/Users/Daniel/Desktop/pico/pico-sdk/lib/tinyusb/src/device/usbd.c.obj
 *fill*         0x1000863f        0x1 
 .rodata.__func__.4
                0x10008640       0x14 CMakeFiles/main.dir/C_/Users/Daniel/Desktop/pico/pico-sdk/lib/tinyusb/src/device/usbd.c.obj
 .rodata.__func__.5
                0x10008654       0x10 CMakeFiles/main.dir/C_/Users/Daniel/Desktop/pico/pico-sdk/lib/tinyusb/src/device/usbd.c.obj
 .rodata.__func__.6
                0x10008664       0x17 CMakeFiles/main.dir/C_/Users/Daniel/Desktop/pico/pico-sdk/lib/tinyusb/src/device/usbd.c.obj
 *fill*         0x1000867b        0x1 
 .rodata.__func__.7
                0x1000867c       0x13 CMakeFiles/main.dir/C_/Users/Daniel/Desktop/pico/pico-sdk/lib/tinyusb/src/device/usbd.c.obj
 *fill*         0x1000868f        0x1 
 .rodata.__func__.8
                0x10008690       0x18 CMakeFiles/main.dir/C_/Users/Daniel/Desktop/pico/pico-sdk/lib/tinyusb/src/device/usbd.c.obj
 .rodata.__func__.9
                0x100086a8        0x9 CMakeFiles/main.dir/C_/Users/Daniel/Desktop/pico/pico-sdk/lib/tinyusb/src/device/usbd.c.obj
 *fill*         0x100086b1        0x3 
 .rodata._usbd_driver
                0x100086b4       0x18 CMakeFiles/main.dir/C_/Users/Daniel/Desktop/pico/pico-sdk/lib/tinyusb/src/device/usbd.c.obj
 .rodata.tud_control_xfer.str1.4
                0x100086cc       0x17 CMakeFiles/main.dir/C_/Users/Daniel/Desktop/pico/pico-sdk/lib/tinyusb/src/device/usbd_control.c.obj
 .rodata.__func__.0
                0x100086cc       0x15 CMakeFiles/main.dir/C_/Users/Daniel/Desktop/pico/pico-sdk/lib/tinyusb/src/device/usbd_control.c.obj
 *fill*         0x100086e1        0x3 
 .rodata.__func__.1
                0x100086e4       0x11 CMakeFiles/main.dir/C_/Users/Daniel/Desktop/pico/pico-sdk/lib/tinyusb/src/device/usbd_control.c.obj
 .rodata.tud_cdc_n_write_flush.str1.4
                0x100086f5       0x17 CMakeFiles/main.dir/C_/Users/Daniel/Desktop/pico/pico-sdk/lib/tinyusb/src/class/cdc/cdc_device.c.obj
 *fill*         0x100086f5        0x3 
 .rodata.__func__.0
                0x100086f8        0xd CMakeFiles/main.dir/C_/Users/Daniel/Desktop/pico/pico-sdk/lib/tinyusb/src/class/cdc/cdc_device.c.obj
 *fill*         0x10008705        0x3 
 .rodata.__func__.1
                0x10008708        0xa CMakeFiles/main.dir/C_/Users/Daniel/Desktop/pico/pico-sdk/lib/tinyusb/src/class/cdc/cdc_device.c.obj
 *fill*         0x10008712        0x2 
 .rodata.__func__.2
                0x10008714       0x16 CMakeFiles/main.dir/C_/Users/Daniel/Desktop/pico/pico-sdk/lib/tinyusb/src/class/cdc/cdc_device.c.obj
 .rodata.tusb_init.str1.4
                0x1000872a       0x17 CMakeFiles/main.dir/C_/Users/Daniel/Desktop/pico/pico-sdk/lib/tinyusb/src/tusb.c.obj
 *fill*         0x1000872a        0x2 
 .rodata.__func__.0
                0x1000872c       0x11 CMakeFiles/main.dir/C_/Users/Daniel/Desktop/pico/pico-sdk/lib/tinyusb/src/tusb.c.obj
 *fill*         0x1000873d        0x3 
 .rodata.__func__.1
                0x10008740        0xa CMakeFiles/main.dir/C_/Users/Daniel/Desktop/pico/pico-sdk/lib/tinyusb/src/tusb.c.obj
 *fill*         0x1000874a        0x2 
 .rodata.pico_get_unique_board_id_string.str1.4
                0x1000874c       0x58 CMakeFiles/main.dir/C_/Users/Daniel/Desktop/pico/pico-sdk/src/rp2_common/pico_unique_id/unique_id.c.obj
 .rodata.__func__.0
                0x100087a4       0x20 CMakeFiles/main.dir/C_/Users/Daniel/Desktop/pico/pico-sdk/src/rp2_common/pico_unique_id/unique_id.c.obj
 .rodata.str1.4
                0x100087c4      0x162 CMakeFiles/main.dir/C_/Users/Daniel/Desktop/pico/pico-sdk/src/rp2_common/hardware_flash/flash.c.obj
 *fill*         0x10008926        0x2 
 .rodata.__func__.0
                0x10008928        0xd CMakeFiles/main.dir/C_/Users/Daniel/Desktop/pico/pico-sdk/src/rp2_common/hardware_flash/flash.c.obj
 *fill*         0x10008935        0x3 
 .rodata._pio_find_offset_for_program.str1.4
                0x10008938       0x74 CMakeFiles/main.dir/C_/Users/Daniel/Desktop/pico/pico-sdk/src/rp2_common/hardware_pio/pio.c.obj
 .rodata._pio_add_program_at_offset.str1.4
                0x100089ac       0x11 CMakeFiles/main.dir/C_/Users/Daniel/Desktop/pico/pico-sdk/src/rp2_common/hardware_pio/pio.c.obj
 *fill*         0x100089bd        0x3 
 .rodata.__func__.1
                0x100089c0       0x1d CMakeFiles/main.dir/C_/Users/Daniel/Desktop/pico/pico-sdk/src/rp2_common/hardware_pio/pio.c.obj
                0x100089e0                . = ALIGN (0x4)
 *fill*         0x100089dd        0x3 
 *(SORT_BY_ALIGNMENT(SORT_BY_NAME(.flashdata*)))
                0x100089e0                . = ALIGN (0x4)

.rel.dyn        0x100089e0        0x0
 .rel.iplt      0x100089e0        0x0 d:/progra~2/gbuarm~1/bin/../lib/gcc/arm-none-eabi/10.3.1/thumb/v6-m/nofp/crtbegin.o

.ARM.extab
 *(.ARM.extab* .gnu.linkonce.armextab.*)
                0x100089e0                __exidx_start = .

.ARM.exidx
 *(.ARM.exidx* .gnu.linkonce.armexidx.*)
                0x100089e0                __exidx_end = .
                0x100089e0                . = ALIGN (0x4)
                0x100089e0                __binary_info_start = .

.binary_info    0x100089e0       0x20
 *(.binary_info.keep.*)
 .binary_info.keep.__bi_ptr22
                0x100089e0        0x4 CMakeFiles/main.dir/C_/Users/Daniel/Desktop/pico/pico-sdk/src/rp2_common/pico_standard_link/binary_info.c.obj
 .binary_info.keep.__bi_ptr30
                0x100089e4        0x4 CMakeFiles/main.dir/C_/Users/Daniel/Desktop/pico/pico-sdk/src/rp2_common/pico_standard_link/binary_info.c.obj
 .binary_info.keep.__bi_ptr38
                0x100089e8        0x4 CMakeFiles/main.dir/C_/Users/Daniel/Desktop/pico/pico-sdk/src/rp2_common/pico_standard_link/binary_info.c.obj
 .binary_info.keep.__bi_ptr44
                0x100089ec        0x4 CMakeFiles/main.dir/C_/Users/Daniel/Desktop/pico/pico-sdk/src/rp2_common/pico_standard_link/binary_info.c.obj
 .binary_info.keep.__bi_ptr50
                0x100089f0        0x4 CMakeFiles/main.dir/C_/Users/Daniel/Desktop/pico/pico-sdk/src/rp2_common/pico_standard_link/binary_info.c.obj
 .binary_info.keep.__bi_ptr75
                0x100089f4        0x4 CMakeFiles/main.dir/C_/Users/Daniel/Desktop/pico/pico-sdk/src/rp2_common/pico_standard_link/binary_info.c.obj
 .binary_info.keep.__bi_ptr81
                0x100089f8        0x4 CMakeFiles/main.dir/C_/Users/Daniel/Desktop/pico/pico-sdk/src/rp2_common/pico_standard_link/binary_info.c.obj
 *(.binary_info.*)
 .binary_info.__bi_ptr93
                0x100089fc        0x4 CMakeFiles/main.dir/C_/Users/Daniel/Desktop/pico/pico-sdk/src/rp2_common/pico_stdio_usb/stdio_usb.c.obj
                0x10008a00                __binary_info_end = .
                0x10008a00                . = ALIGN (0x4)
                0x10008a00                __etext = .

.ram_vector_table
                0x20000000       0xc0
 *(.ram_vector_table)
 .ram_vector_table
                0x20000000       0xc0 CMakeFiles/main.dir/C_/Users/Daniel/Desktop/pico/pico-sdk/src/rp2_common/pico_runtime/runtime.c.obj
                0x20000000                ram_vector_table

.data           0x200000c0      0x4c0 load address 0x10008a00
                0x200000c0                __data_start__ = .
 *(vtable)
 *(.time_critical*)
 .time_critical.pio_spi_write8_read8_blocking
                0x200000c0       0x68 CMakeFiles/main.dir/pio_spi.c.obj
                0x200000c0                pio_spi_write8_read8_blocking
 .time_critical.mutex_enter_blocking
                0x20000128       0x48 CMakeFiles/main.dir/C_/Users/Daniel/Desktop/pico/pico-sdk/src/common/pico_sync/mutex.c.obj
                0x20000128                mutex_enter_blocking
 .time_critical.mutex_try_enter
                0x20000170       0x46 CMakeFiles/main.dir/C_/Users/Daniel/Desktop/pico/pico-sdk/src/common/pico_sync/mutex.c.obj
                0x20000170                mutex_try_enter
 *fill*         0x200001b6        0x2 
 .time_critical.mutex_enter_block_until
                0x200001b8       0x8c CMakeFiles/main.dir/C_/Users/Daniel/Desktop/pico/pico-sdk/src/common/pico_sync/mutex.c.obj
                0x200001b8                mutex_enter_block_until
 .time_critical.mutex_enter_timeout_ms
                0x20000244       0x74 CMakeFiles/main.dir/C_/Users/Daniel/Desktop/pico/pico-sdk/src/common/pico_sync/mutex.c.obj
                0x20000244                mutex_enter_timeout_ms
 .time_critical.mutex_exit
                0x200002b8       0x4c CMakeFiles/main.dir/C_/Users/Daniel/Desktop/pico/pico-sdk/src/common/pico_sync/mutex.c.obj
                0x200002b8                mutex_exit
 .time_critical.flash_init_boot2_copyout
                0x20000304       0x30 CMakeFiles/main.dir/C_/Users/Daniel/Desktop/pico/pico-sdk/src/rp2_common/hardware_flash/flash.c.obj
 .time_critical.flash_enable_xip_via_boot2
                0x20000334       0x10 CMakeFiles/main.dir/C_/Users/Daniel/Desktop/pico/pico-sdk/src/rp2_common/hardware_flash/flash.c.obj
 .time_critical.flash_cs_force
                0x20000344       0x28 CMakeFiles/main.dir/C_/Users/Daniel/Desktop/pico/pico-sdk/src/rp2_common/hardware_flash/flash.c.obj
 .time_critical.flash_do_cmd
                0x2000036c       0xd8 CMakeFiles/main.dir/C_/Users/Daniel/Desktop/pico/pico-sdk/src/rp2_common/hardware_flash/flash.c.obj
                0x2000036c                flash_do_cmd
 *(.text*)
 .text          0x20000444        0x4 d:/progra~2/gbuarm~1/bin/../lib/gcc/arm-none-eabi/10.3.1/thumb/v6-m/nofp\libgcc.a(_dvmd_tls.o)
                0x20000444                __aeabi_idiv0
                0x20000444                __aeabi_ldiv0
 .text.__stub   0x20000448       0x40 linker stubs
                0x20000488                . = ALIGN (0x4)
 *(.rodata*)
                0x20000488                . = ALIGN (0x4)
 *(.data*)
 .data.striped_spin_lock_num
                0x20000488        0x1 CMakeFiles/main.dir/C_/Users/Daniel/Desktop/pico/pico-sdk/src/rp2_common/hardware_sync/sync.c.obj
 *fill*         0x20000489        0x3 
 .data.default_alarm_pool
                0x2000048c       0x18 CMakeFiles/main.dir/C_/Users/Daniel/Desktop/pico/pico-sdk/src/common/pico_time/time.c.obj
 .data.default_alarm_pool_heap
                0x200004a4       0x10 CMakeFiles/main.dir/C_/Users/Daniel/Desktop/pico/pico-sdk/src/common/pico_time/time.c.obj
 .data          0x200004b4       0x48 CMakeFiles/main.dir/C_/Users/Daniel/Desktop/pico/pico-sdk/src/rp2_common/hardware_irq/irq_handler_chain.S.obj
                0x200004b4                irq_handler_chain_slots
                0x200004e4                irq_handler_chain_first_slot
                0x200004ee                irq_handler_chain_remove_tail
 *fill*         0x200004fc        0x4 
 .data.aeabi_bits_funcs
                0x20000500       0x10 CMakeFiles/main.dir/C_/Users/Daniel/Desktop/pico/pico-sdk/src/rp2_common/pico_bit_ops/bit_ops_aeabi.S.obj
                0x20000500                aeabi_bits_funcs
                0x20000510                aeabi_bits_funcs_end
 .data.aeabi_mem_funcs
                0x20000510       0x10 CMakeFiles/main.dir/C_/Users/Daniel/Desktop/pico/pico-sdk/src/rp2_common/pico_mem_ops/mem_ops_aeabi.S.obj
                0x20000510                aeabi_mem_funcs
                0x20000520                aeabi_mem_funcs_end
 .data.stdio_usb
                0x20000520       0x14 CMakeFiles/main.dir/C_/Users/Daniel/Desktop/pico/pico-sdk/src/rp2_common/pico_stdio_usb/stdio_usb.c.obj
                0x20000520                stdio_usb
 .data.ep_dir_string
                0x20000534        0x8 CMakeFiles/main.dir/C_/Users/Daniel/Desktop/pico/pico-sdk/lib/tinyusb/src/portable/raspberrypi/rp2040/rp2040_usb.c.obj
                0x20000534                ep_dir_string
 .data._usbd_qdef
                0x2000053c       0x24 CMakeFiles/main.dir/C_/Users/Daniel/Desktop/pico/pico-sdk/lib/tinyusb/src/device/usbd.c.obj
                0x2000053c                _usbd_qdef
                0x20000560                . = ALIGN (0x4)
 *(.after_data.*)
                0x20000560                . = ALIGN (0x4)
                0x20000560                PROVIDE (__mutex_array_start = .)
 *(SORT_BY_NAME(.mutex_array.*))
 *(.mutex_array)
 .mutex_array   0x20000560        0x8 CMakeFiles/main.dir/C_/Users/Daniel/Desktop/pico/pico-sdk/src/rp2_common/pico_stdio/stdio.c.obj
                0x20000568                PROVIDE (__mutex_array_end = .)
                0x20000568                . = ALIGN (0x4)
                0x20000568                PROVIDE (__preinit_array_start = .)
 *(SORT_BY_NAME(.preinit_array.*))
 .preinit_array.00001
                0x20000568        0x4 CMakeFiles/main.dir/C_/Users/Daniel/Desktop/pico/pico-sdk/src/rp2_common/pico_mem_ops/mem_ops_aeabi.S.obj
 .preinit_array.00010
                0x2000056c        0x4 CMakeFiles/main.dir/C_/Users/Daniel/Desktop/pico/pico-sdk/src/rp2_common/pico_bit_ops/bit_ops_aeabi.S.obj
 .preinit_array.00020
                0x20000570        0x4 CMakeFiles/main.dir/C_/Users/Daniel/Desktop/pico/pico-sdk/src/rp2_common/pico_double/double_aeabi.S.obj
 .preinit_array.00020
                0x20000574        0x4 CMakeFiles/main.dir/C_/Users/Daniel/Desktop/pico/pico-sdk/src/rp2_common/pico_float/float_aeabi.S.obj
 *(.preinit_array)
                0x20000578                PROVIDE (__preinit_array_end = .)
                0x20000578                . = ALIGN (0x4)
                0x20000578                PROVIDE (__init_array_start = .)
 *(SORT_BY_NAME(.init_array.*))
 *(.init_array)
 .init_array    0x20000578        0x4 d:/progra~2/gbuarm~1/bin/../lib/gcc/arm-none-eabi/10.3.1/thumb/v6-m/nofp/crtbegin.o
 .init_array    0x2000057c        0x4 CMakeFiles/main.dir/C_/Users/Daniel/Desktop/pico/pico-sdk/src/rp2_common/pico_unique_id/unique_id.c.obj
                0x20000580                PROVIDE (__init_array_end = .)
                0x20000580                . = ALIGN (0x4)
                [!provide]                PROVIDE (__fini_array_start = .)
 *(SORT_BY_NAME(.fini_array.*))
 *(.fini_array)
                [!provide]                PROVIDE (__fini_array_end = .)
 *(.jcr)
                0x20000580                . = ALIGN (0x4)
                0x20000580                __data_end__ = .

.igot.plt       0x20000580        0x0 load address 0x10008ec0
 .igot.plt      0x20000580        0x0 d:/progra~2/gbuarm~1/bin/../lib/gcc/arm-none-eabi/10.3.1/thumb/v6-m/nofp/crtbegin.o

.uninitialized_data
                0x20000580        0x0 load address 0x10008ec0
                0x20000580                . = ALIGN (0x4)
 *(.uninitialized_data*)

.scratch_x      0x20040000        0x0 load address 0x10008ec0
                0x20040000                __scratch_x_start__ = .
 *(.scratch_x.*)
                0x20040000                . = ALIGN (0x4)
                0x20040000                __scratch_x_end__ = .
                0x10008ec0                __scratch_x_source__ = LOADADDR (.scratch_x)

.scratch_y      0x20041000        0x0 load address 0x10008ec0
                0x20041000                __scratch_y_start__ = .
 *(.scratch_y.*)
                0x20041000                . = ALIGN (0x4)
                0x20041000                __scratch_y_end__ = .
                0x10008ec0                __scratch_y_source__ = LOADADDR (.scratch_y)

.bss            0x20000580      0xd84
                0x20000580                . = ALIGN (0x4)
                0x20000580                __bss_start__ = .
 *(SORT_BY_ALIGNMENT(SORT_BY_NAME(.bss*)))
 .bss.default_alarm_pool_entries
                0x20000580      0x100 CMakeFiles/main.dir/C_/Users/Daniel/Desktop/pico/pico-sdk/src/common/pico_time/time.c.obj
 .bss.last_avail_time.2
                0x20000680        0x8 CMakeFiles/main.dir/C_/Users/Daniel/Desktop/pico/pico-sdk/src/rp2_common/pico_stdio_usb/stdio_usb.c.obj
 .bss           0x20000688       0x1c d:/progra~2/gbuarm~1/bin/../lib/gcc/arm-none-eabi/10.3.1/thumb/v6-m/nofp/crtbegin.o
 .bss._app_driver
                0x200006a4        0x4 CMakeFiles/main.dir/C_/Users/Daniel/Desktop/pico/pico-sdk/lib/tinyusb/src/device/usbd.c.obj
 .bss._cdcd_itf
                0x200006a8      0x2d8 CMakeFiles/main.dir/C_/Users/Daniel/Desktop/pico/pico-sdk/lib/tinyusb/src/class/cdc/cdc_device.c.obj
 .bss._ctrl_xfer
                0x20000980       0x14 CMakeFiles/main.dir/C_/Users/Daniel/Desktop/pico/pico-sdk/lib/tinyusb/src/device/usbd_control.c.obj
 .bss._ubsd_mutexdef