Archive member included to satisfy reference by file (symbol)

d:/progra~2/gbuarm~1/bin/../lib/gcc/arm-none-eabi/10.3.1/thumb/v6-m/nofp\libgcc.a(_dvmd_tls.o)
                              CMakeFiles/main.dir/C_/Users/Daniel/Desktop/pico/pico-sdk/src/rp2_common/pico_divider/divider.S.obj (__aeabi_idiv0)
d:/progra~2/gbuarm~1/bin/../lib/gcc/arm-none-eabi/10.3.1/../../../../arm-none-eabi/lib/thumb/v6-m/nofp\libg.a(lib_a-calloc.o)
                              CMakeFiles/main.dir/C_/Users/Daniel/Desktop/pico/pico-sdk/src/rp2_common/pico_malloc/pico_malloc.c.obj (calloc)
d:/progra~2/gbuarm~1/bin/../lib/gcc/arm-none-eabi/10.3.1/../../../../arm-none-eabi/lib/thumb/v6-m/nofp\libg.a(lib_a-callocr.o)
                              d:/progra~2/gbuarm~1/bin/../lib/gcc/arm-none-eabi/10.3.1/../../../../arm-none-eabi/lib/thumb/v6-m/nofp\libg.a(lib_a-calloc.o) (_calloc_r)
d:/progra~2/gbuarm~1/bin/../lib/gcc/arm-none-eabi/10.3.1/../../../../arm-none-eabi/lib/thumb/v6-m/nofp\libg.a(lib_a-ctype_.o)
                              CMakeFiles/main.dir/C_/Users/Daniel/Desktop/pico/pico-sdk/lib/tinyusb/src/tusb.c.obj (_ctype_)
d:/progra~2/gbuarm~1/bin/../lib/gcc/arm-none-eabi/10.3.1/../../../../arm-none-eabi/lib/thumb/v6-m/nofp\libg.a(lib_a-errno.o)
                              d:/progra~2/gbuarm~1/bin/../lib/gcc/arm-none-eabi/10.3.1/../../../../arm-none-eabi/lib/thumb/v6-m/nofp\libg.a(lib_a-callocr.o) (__errno)
d:/progra~2/gbuarm~1/bin/../lib/gcc/arm-none-eabi/10.3.1/../../../../arm-none-eabi/lib/thumb/v6-m/nofp\libg.a(lib_a-impure.o)
                              d:/progra~2/gbuarm~1/bin/../lib/gcc/arm-none-eabi/10.3.1/../../../../arm-none-eabi/lib/thumb/v6-m/nofp\libg.a(lib_a-calloc.o) (_impure_ptr)
d:/progra~2/gbuarm~1/bin/../lib/gcc/arm-none-eabi/10.3.1/../../../../arm-none-eabi/lib/thumb/v6-m/nofp\libg.a(lib_a-init.o)
                              d:/progra~2/gbuarm~1/bin/../lib/gcc/arm-none-eabi/10.3.1/../../../../arm-none-eabi/lib/thumb/v6-m/nofp/crt0.o (__libc_init_array)
d:/progra~2/gbuarm~1/bin/../lib/gcc/arm-none-eabi/10.3.1/../../../../arm-none-eabi/lib/thumb/v6-m/nofp\libg.a(lib_a-malloc.o)
                              CMakeFiles/main.dir/C_/Users/Daniel/Desktop/pico/pico-sdk/src/rp2_common/pico_malloc/pico_malloc.c.obj (malloc)
d:/progra~2/gbuarm~1/bin/../lib/gcc/arm-none-eabi/10.3.1/../../../../arm-none-eabi/lib/thumb/v6-m/nofp\libg.a(lib_a-mallocr.o)
                              d:/progra~2/gbuarm~1/bin/../lib/gcc/arm-none-eabi/10.3.1/../../../../arm-none-eabi/lib/thumb/v6-m/nofp\libg.a(lib_a-callocr.o) (_malloc_r)
d:/progra~2/gbuarm~1/bin/../lib/gcc/arm-none-eabi/10.3.1/../../../../arm-none-eabi/lib/thumb/v6-m/nofp\libg.a(lib_a-mlock.o)
                              d:/progra~2/gbuarm~1/bin/../lib/gcc/arm-none-eabi/10.3.1/../../../../arm-none-eabi/lib/thumb/v6-m/nofp\libg.a(lib_a-mallocr.o) (__malloc_lock)
d:/progra~2/gbuarm~1/bin/../lib/gcc/arm-none-eabi/10.3.1/../../../../arm-none-eabi/lib/thumb/v6-m/nofp\libg.a(lib_a-sbrkr.o)
                              d:/progra~2/gbuarm~1/bin/../lib/gcc/arm-none-eabi/10.3.1/../../../../arm-none-eabi/lib/thumb/v6-m/nofp\libg.a(lib_a-mallocr.o) (_sbrk_r)
d:/progra~2/gbuarm~1/bin/../lib/gcc/arm-none-eabi/10.3.1/../../../../arm-none-eabi/lib/thumb/v6-m/nofp\libg.a(lib_a-strlen-stub.o)
                              CMakeFiles/main.dir/C_/Users/Daniel/Desktop/pico/pico-sdk/src/rp2_common/pico_stdio/stdio.c.obj (strlen)
d:/progra~2/gbuarm~1/bin/../lib/gcc/arm-none-eabi/10.3.1/../../../../arm-none-eabi/lib/thumb/v6-m/nofp\libg.a(lib_a-freer.o)
                              d:/progra~2/gbuarm~1/bin/../lib/gcc/arm-none-eabi/10.3.1/../../../../arm-none-eabi/lib/thumb/v6-m/nofp\libg.a(lib_a-malloc.o) (_free_r)
d:/progra~2/gbuarm~1/bin/../lib/gcc/arm-none-eabi/10.3.1/../../../../arm-none-eabi/lib/thumb/v6-m/nofp\libg.a(lib_a-lock.o)
                              d:/progra~2/gbuarm~1/bin/../lib/gcc/arm-none-eabi/10.3.1/../../../../arm-none-eabi/lib/thumb/v6-m/nofp\libg.a(lib_a-mlock.o) (__retarget_lock_acquire_recursive)
d:/progra~2/gbuarm~1/bin/../lib/gcc/arm-none-eabi/10.3.1/../../../../arm-none-eabi/lib/thumb/v6-m/nofp\libg.a(lib_a-reent.o)
                              d:/progra~2/gbuarm~1/bin/../lib/gcc/arm-none-eabi/10.3.1/../../../../arm-none-eabi/lib/thumb/v6-m/nofp\libg.a(lib_a-sbrkr.o) (errno)

Discarded input sections

 .text          0x00000000        0x0 d:/progra~2/gbuarm~1/bin/../lib/gcc/arm-none-eabi/10.3.1/thumb/v6-m/nofp/crti.o
 .data          0x00000000        0x0 d:/progra~2/gbuarm~1/bin/../lib/gcc/arm-none-eabi/10.3.1/thumb/v6-m/nofp/crti.o
 .bss           0x00000000        0x0 d:/progra~2/gbuarm~1/bin/../lib/gcc/arm-none-eabi/10.3.1/thumb/v6-m/nofp/crti.o
 .data          0x00000000        0x4 d:/progra~2/gbuarm~1/bin/../lib/gcc/arm-none-eabi/10.3.1/thumb/v6-m/nofp/crtbegin.o
 .rodata        0x00000000       0x24 d:/progra~2/gbuarm~1/bin/../lib/gcc/arm-none-eabi/10.3.1/thumb/v6-m/nofp/crtbegin.o
[...]
Memory Configuration

Name             Origin             Length             Attributes
FLASH            0x10000000         0x00200000         xr
RAM              0x20000000         0x00040000         xrw
SCRATCH_X        0x20040000         0x00001000         xrw
SCRATCH_Y        0x20041000         0x00001000         xrw
*default*        0x00000000         0xffffffff

Linker script and memory map

LOAD d:/progra~2/gbuarm~1/bin/../lib/gcc/arm-none-eabi/10.3.1/thumb/v6-m/nofp/crti.o
LOAD d:/progra~2/gbuarm~1/bin/../lib/gcc/arm-none-eabi/10.3.1/thumb/v6-m/nofp/crtbegin.o
LOAD d:/progra~2/gbuarm~1/bin/../lib/gcc/arm-none-eabi/10.3.1/../../../../arm-none-eabi/lib/thumb/v6-m/nofp/crt0.o

.flash_begin    0x10000000        0x0
                0x10000000                __flash_binary_start = .

.boot2          0x10000000      0x100
                0x10000000                __boot2_start__ = .
 *(.boot2)
 .boot2         0x10000000      0x100 C:\Users\Daniel\AppData\Local\Temp\ccSs6cui.o
                0x10000100                __boot2_end__ = .
                0x00000001                ASSERT (((__boot2_end__ - __boot2_start__) == 0x100), ERROR: Pico second stage bootloader must be 256 bytes in size)

.text           0x10000100     0x70e0
                0x10000100                __logical_binary_start = .
 *(.vectors)
 .vectors       0x10000100       0xd4 CMakeFiles/main.dir/C_/Users/Daniel/Desktop/pico/pico-sdk/src/rp2_common/pico_standard_link/crt0.S.obj
                0x10000100                __VECTOR_TABLE
                0x10000100                __vectors
                0x100001c0                isr_invalid
                0x100001c0                __default_isrs_start
                0x100001c2                isr_nmi
                0x100001c4                isr_hardfault
                0x100001c6                isr_svcall
                0x100001c8                isr_pendsv
                0x100001ca                isr_systick
                0x100001cc                isr_irq23
                0x100001cc                isr_irq18
                0x100001cc                isr_irq11
                0x100001cc                isr_irq28
                0x100001cc                isr_irq19
                0x100001cc                isr_irq0
                0x100001cc                isr_irq6
                0x100001cc                isr_irq5
                0x100001cc                isr_irq12
                0x100001cc                isr_irq22
                0x100001cc                isr_irq31
                0x100001cc                isr_irq17
                0x100001cc                isr_irq27
                0x100001cc                isr_irq30
                0x100001cc                isr_irq2
                0x100001cc                isr_irq10
                0x100001cc                isr_irq8
                0x100001cc                isr_irq24
                0x100001cc                isr_irq1
                0x100001cc                isr_irq7
                0x100001cc                isr_irq21
                0x100001cc                isr_irq20
                0x100001cc                isr_irq15
                0x100001cc                isr_irq25
                0x100001cc                isr_irq13
                0x100001cc                __unhandled_user_irq
                0x100001cc                isr_irq4
                0x100001cc                isr_irq16
                0x100001cc                isr_irq29
                0x100001cc                isr_irq26
                0x100001cc                __default_isrs_end
                0x100001cc                isr_irq3
                0x100001cc                isr_irq14
                0x100001cc                isr_irq9
                0x100001d2                unhandled_user_irq_num_in_r0
 *(.binary_info_header)
 .binary_info_header
                0x100001d4       0x14 CMakeFiles/main.dir/C_/Users/Daniel/Desktop/pico/pico-sdk/src/rp2_common/pico_standard_link/crt0.S.obj
                0x100001e8                __binary_info_header_end = .
 *(.reset)
 .reset         0x100001e8       0xa8 CMakeFiles/main.dir/C_/Users/Daniel/Desktop/pico/pico-sdk/src/rp2_common/pico_standard_link/crt0.S.obj
                0x100001e8                _entry_point
                0x10000266                __get_current_exception
 .reset         0x10000290       0x30 CMakeFiles/main.dir/C_/Users/Daniel/Desktop/pico/pico-sdk/src/rp2_common/pico_standard_link/binary_info.c.obj
 *(.init)
 .init          0x100002c0        0x4 d:/progra~2/gbuarm~1/bin/../lib/gcc/arm-none-eabi/10.3.1/thumb/v6-m/nofp/crti.o
                0x100002c0                _init
 *(EXCLUDE_FILE(*libm.a: *libc.a:*lib_a-mem*.o *libgcc.a:) .text*)
 .text          0x100002c4       0x48 d:/progra~2/gbuarm~1/bin/../lib/gcc/arm-none-eabi/10.3.1/thumb/v6-m/nofp/crtbegin.o
 .text.flash    0x1000030c       0x2a CMakeFiles/main.dir/main.c.obj
                0x1000030c                flash
 *fill*         0x10000336        0x2 
 .text.main     0x10000338       0x9c CMakeFiles/main.dir/main.c.obj
                0x10000338                main
 .text.gpio_set_function
                0x100003d4       0x30 CMakeFiles/main.dir/C_/Users/Daniel/Desktop/pico/pico-sdk/src/rp2_common/hardware_gpio/gpio.c.obj
                0x100003d4                gpio_set_function
 .text.gpio_init
                0x10000404       0x16 CMakeFiles/main.dir/C_/Users/Daniel/Desktop/pico/pico-sdk/src/rp2_common/hardware_gpio/gpio.c.obj
                0x10000404                gpio_init
 *fill*         0x1000041a        0x2 
 .text.hw_claim_lock
                0x1000041c       0x18 CMakeFiles/main.dir/C_/Users/Daniel/Desktop/pico/pico-sdk/src/rp2_common/hardware_claim/claim.c.obj
                0x1000041c                hw_claim_lock
 .text.hw_claim_unlock
                0x10000434       0x14 CMakeFiles/main.dir/C_/Users/Daniel/Desktop/pico/pico-sdk/src/rp2_common/hardware_claim/claim.c.obj
                0x10000434                hw_claim_unlock
 .text.hw_claim_or_assert
                0x10000448       0x32 CMakeFiles/main.dir/C_/Users/Daniel/Desktop/pico/pico-sdk/src/rp2_common/hardware_claim/claim.c.obj
                0x10000448                hw_claim_or_assert
 .text.hw_claim_unused_from_range
                0x1000047a       0x50 CMakeFiles/main.dir/C_/Users/Daniel/Desktop/pico/pico-sdk/src/rp2_common/hardware_claim/claim.c.obj
                0x1000047a                hw_claim_unused_from_range
 *fill*         0x100004ca        0x2 
 .text.running_on_fpga
                0x100004cc       0x14 CMakeFiles/main.dir/C_/Users/Daniel/Desktop/pico/pico-sdk/src/rp2_common/pico_platform/platform.c.obj
                0x100004cc                running_on_fpga
 .text.spin_locks_reset
                0x100004e0       0x20 CMakeFiles/main.dir/C_/Users/Daniel/Desktop/pico/pico-sdk/src/rp2_common/hardware_sync/sync.c.obj
                0x100004e0                spin_locks_reset
 .text.next_striped_spin_lock_num
                0x10000500       0x1c CMakeFiles/main.dir/C_/Users/Daniel/Desktop/pico/pico-sdk/src/rp2_common/hardware_sync/sync.c.obj
                0x10000500                next_striped_spin_lock_num
 .text.spin_lock_claim_unused
                0x1000051c       0x20 CMakeFiles/main.dir/C_/Users/Daniel/Desktop/pico/pico-sdk/src/rp2_common/hardware_sync/sync.c.obj
                0x1000051c                spin_lock_claim_unused
 .text.alarm_pool_post_alloc_init
                0x1000053c       0x40 CMakeFiles/main.dir/C_/Users/Daniel/Desktop/pico/pico-sdk/src/common/pico_time/time.c.obj
 .text.sleep_until_callback
                0x1000057c       0x30 CMakeFiles/main.dir/C_/Users/Daniel/Desktop/pico/pico-sdk/src/common/pico_time/time.c.obj
 .text.timer_pool_entry_comparator
                0x100005ac       0x7c CMakeFiles/main.dir/C_/Users/Daniel/Desktop/pico/pico-sdk/src/common/pico_time/time.c.obj
                0x100005ac                timer_pool_entry_comparator
 .text.ph_add_child_node
                0x10000628       0xa4 CMakeFiles/main.dir/C_/Users/Daniel/Desktop/pico/pico-sdk/src/common/pico_time/time.c.obj
 .text.ph_merge_nodes
                0x100006cc       0x3e CMakeFiles/main.dir/C_/Users/Daniel/Desktop/pico/pico-sdk/src/common/pico_time/time.c.obj
 *fill*         0x1000070a        0x2 
 .text.add_alarm_under_lock
                0x1000070c      0x174 CMakeFiles/main.dir/C_/Users/Daniel/Desktop/pico/pico-sdk/src/common/pico_time/time.c.obj
 .text.alarm_pool_alarm_callback
                0x10000880      0x328 CMakeFiles/main.dir/C_/Users/Daniel/Desktop/pico/pico-sdk/src/common/pico_time/time.c.obj
 .text.alarm_pool_init_default
                0x10000ba8       0x38 CMakeFiles/main.dir/C_/Users/Daniel/Desktop/pico/pico-sdk/src/common/pico_time/time.c.obj
                0x10000ba8                alarm_pool_init_default
 .text.alarm_pool_get_default
                0x10000be0       0x2c CMakeFiles/main.dir/C_/Users/Daniel/Desktop/pico/pico-sdk/src/common/pico_time/time.c.obj
                0x10000be0                alarm_pool_get_default
 .text.alarm_pool_add_alarm_at
                0x10000c0c      0x170 CMakeFiles/main.dir/C_/Users/Daniel/Desktop/pico/pico-sdk/src/common/pico_time/time.c.obj
                0x10000c0c                alarm_pool_add_alarm_at
 .text.alarm_pool_cancel_alarm
                0x10000d7c       0xf0 CMakeFiles/main.dir/C_/Users/Daniel/Desktop/pico/pico-sdk/src/common/pico_time/time.c.obj
                0x10000d7c                alarm_pool_cancel_alarm
 .text.sleep_until
                0x10000e6c       0xfc CMakeFiles/main.dir/C_/Users/Daniel/Desktop/pico/pico-sdk/src/common/pico_time/time.c.obj
                0x10000e6c                sleep_until
 .text.sleep_us
                0x10000f68       0x58 CMakeFiles/main.dir/C_/Users/Daniel/Desktop/pico/pico-sdk/src/common/pico_time/time.c.obj
                0x10000f68                sleep_us
 .text.sleep_ms
                0x10000fc0       0x14 CMakeFiles/main.dir/C_/Users/Daniel/Desktop/pico/pico-sdk/src/common/pico_time/time.c.obj
                0x10000fc0                sleep_ms
 .text.best_effort_wfe_or_timeout
                0x10000fd4       0x80 CMakeFiles/main.dir/C_/Users/Daniel/Desktop/pico/pico-sdk/src/common/pico_time/time.c.obj
                0x10000fd4                best_effort_wfe_or_timeout
 .text.hardware_alarm_irq_handler
                0x10001054       0x8c CMakeFiles/main.dir/C_/Users/Daniel/Desktop/pico/pico-sdk/src/rp2_common/hardware_timer/timer.c.obj
 .text.hardware_alarm_claim
                0x100010e0       0x18 CMakeFiles/main.dir/C_/Users/Daniel/Desktop/pico/pico-sdk/src/rp2_common/hardware_timer/timer.c.obj
                0x100010e0                hardware_alarm_claim
 .text.time_us_64
                0x100010f8       0x18 CMakeFiles/main.dir/C_/Users/Daniel/Desktop/pico/pico-sdk/src/rp2_common/hardware_timer/timer.c.obj
                0x100010f8                time_us_64
 .text.busy_wait_until
                0x10001110       0x28 CMakeFiles/main.dir/C_/Users/Daniel/Desktop/pico/pico-sdk/src/rp2_common/hardware_timer/timer.c.obj
                0x10001110                busy_wait_until
 .text.busy_wait_us
                0x10001138       0x48 CMakeFiles/main.dir/C_/Users/Daniel/Desktop/pico/pico-sdk/src/rp2_common/hardware_timer/timer.c.obj
                0x10001138                busy_wait_us
 .text.hardware_alarm_set_callback
                0x10001180       0x90 CMakeFiles/main.dir/C_/Users/Daniel/Desktop/pico/pico-sdk/src/rp2_common/hardware_timer/timer.c.obj
                0x10001180                hardware_alarm_set_callback
 .text.hardware_alarm_set_target
                0x10001210       0xe8 CMakeFiles/main.dir/C_/Users/Daniel/Desktop/pico/pico-sdk/src/rp2_common/hardware_timer/timer.c.obj
                0x10001210                hardware_alarm_set_target
 .text.hardware_alarm_cancel
                0x100012f8       0x40 CMakeFiles/main.dir/C_/Users/Daniel/Desktop/pico/pico-sdk/src/rp2_common/hardware_timer/timer.c.obj
                0x100012f8                hardware_alarm_cancel
 .text.lock_init
                0x10001338       0x10 CMakeFiles/main.dir/C_/Users/Daniel/Desktop/pico/pico-sdk/src/common/pico_sync/lock_core.c.obj
                0x10001338                lock_init
 .text.mutex_init
                0x10001348       0x1a CMakeFiles/main.dir/C_/Users/Daniel/Desktop/pico/pico-sdk/src/common/pico_sync/mutex.c.obj
                0x10001348                mutex_init
 .text.recursive_mutex_init
                0x10001362       0x1e CMakeFiles/main.dir/C_/Users/Daniel/Desktop/pico/pico-sdk/src/common/pico_sync/mutex.c.obj
                0x10001362                recursive_mutex_init
 .text.critical_section_init_with_lock_num
                0x10001380       0x14 CMakeFiles/main.dir/C_/Users/Daniel/Desktop/pico/pico-sdk/src/common/pico_sync/critical_section.c.obj
                0x10001380                critical_section_init_with_lock_num
 .text.critical_section_init
                0x10001394       0x14 CMakeFiles/main.dir/C_/Users/Daniel/Desktop/pico/pico-sdk/src/common/pico_sync/critical_section.c.obj
                0x10001394                critical_section_init
 .text.ph_add_child_node
                0x100013a8       0xa4 CMakeFiles/main.dir/C_/Users/Daniel/Desktop/pico/pico-sdk/src/common/pico_util/pheap.c.obj
 .text.ph_merge_nodes
                0x1000144c       0x3e CMakeFiles/main.dir/C_/Users/Daniel/Desktop/pico/pico-sdk/src/common/pico_util/pheap.c.obj
 *fill*         0x1000148a        0x2 
 .text.ph_clear
                0x1000148c       0x70 CMakeFiles/main.dir/C_/Users/Daniel/Desktop/pico/pico-sdk/src/common/pico_util/pheap.c.obj
                0x1000148c                ph_clear
 .text.ph_post_alloc_init
                0x100014fc        0xe CMakeFiles/main.dir/C_/Users/Daniel/Desktop/pico/pico-sdk/src/common/pico_util/pheap.c.obj
                0x100014fc                ph_post_alloc_init
 *fill*         0x1000150a        0x2 
 .text.ph_merge_two_pass
                0x1000150c       0xa8 CMakeFiles/main.dir/C_/Users/Daniel/Desktop/pico/pico-sdk/src/common/pico_util/pheap.c.obj
                0x1000150c                ph_merge_two_pass
 .text.ph_remove_any_head
                0x100015b4      0x108 CMakeFiles/main.dir/C_/Users/Daniel/Desktop/pico/pico-sdk/src/common/pico_util/pheap.c.obj
 .text.ph_remove_head
                0x100016bc       0x14 CMakeFiles/main.dir/C_/Users/Daniel/Desktop/pico/pico-sdk/src/common/pico_util/pheap.c.obj
                0x100016bc                ph_remove_head
 .text.ph_remove_and_free_node
                0x100016d0       0xf8 CMakeFiles/main.dir/C_/Users/Daniel/Desktop/pico/pico-sdk/src/common/pico_util/pheap.c.obj
                0x100016d0                ph_remove_and_free_node
 .text._exit    0x100017c8        0x4 CMakeFiles/main.dir/C_/Users/Daniel/Desktop/pico/pico-sdk/src/rp2_common/pico_runtime/runtime.c.obj
                0x100017c8                _exit
 .text.exit     0x100017cc        0x6 CMakeFiles/main.dir/C_/Users/Daniel/Desktop/pico/pico-sdk/src/rp2_common/pico_runtime/runtime.c.obj
                0x100017cc                exit
 *fill*         0x100017d2        0x2 
 .text.__assert_func
                0x100017d4       0x3c CMakeFiles/main.dir/C_/Users/Daniel/Desktop/pico/pico-sdk/src/rp2_common/pico_runtime/runtime.c.obj
                0x100017d4                __assert_func
 .text.runtime_init
                0x10001810       0xf8 CMakeFiles/main.dir/C_/Users/Daniel/Desktop/pico/pico-sdk/src/rp2_common/pico_runtime/runtime.c.obj
                0x10001810                runtime_init
 .text.panic    0x10001908       0x30 CMakeFiles/main.dir/C_/Users/Daniel/Desktop/pico/pico-sdk/src/rp2_common/pico_runtime/runtime.c.obj
                0x10001908                panic
 .text.clock_configure
                0x10001938      0x104 CMakeFiles/main.dir/C_/Users/Daniel/Desktop/pico/pico-sdk/src/rp2_common/hardware_clocks/clocks.c.obj
                0x10001938                clock_configure
 .text.clocks_init
                0x10001a3c      0x100 CMakeFiles/main.dir/C_/Users/Daniel/Desktop/pico/pico-sdk/src/rp2_common/hardware_clocks/clocks.c.obj
                0x10001a3c                clocks_init
 .text.set_raw_irq_handler_and_unlock
                0x10001b3c       0x28 CMakeFiles/main.dir/C_/Users/Daniel/Desktop/pico/pico-sdk/src/rp2_common/hardware_irq/irq.c.obj
 .text.make_branch
                0x10001b64       0x34 CMakeFiles/main.dir/C_/Users/Daniel/Desktop/pico/pico-sdk/src/rp2_common/hardware_irq/irq.c.obj
 .text.insert_branch_and_link
                0x10001b98       0x40 CMakeFiles/main.dir/C_/Users/Daniel/Desktop/pico/pico-sdk/src/rp2_common/hardware_irq/irq.c.obj
 .text.irq_is_enabled
                0x10001bd8       0x18 CMakeFiles/main.dir/C_/Users/Daniel/Desktop/pico/pico-sdk/src/rp2_common/hardware_irq/irq.c.obj
                0x10001bd8                irq_is_enabled
 .text.irq_set_mask_enabled
                0x10001bf0       0x20 CMakeFiles/main.dir/C_/Users/Daniel/Desktop/pico/pico-sdk/src/rp2_common/hardware_irq/irq.c.obj
                0x10001bf0                irq_set_mask_enabled
 .text.irq_set_enabled
                0x10001c10        0xe CMakeFiles/main.dir/C_/Users/Daniel/Desktop/pico/pico-sdk/src/rp2_common/hardware_irq/irq.c.obj
                0x10001c10                irq_set_enabled
 *fill*         0x10001c1e        0x2 
 .text.irq_set_pending
                0x10001c20       0x10 CMakeFiles/main.dir/C_/Users/Daniel/Desktop/pico/pico-sdk/src/rp2_common/hardware_irq/irq.c.obj
                0x10001c20                irq_set_pending
 .text.irq_get_vtable_handler
                0x10001c30       0x10 CMakeFiles/main.dir/C_/Users/Daniel/Desktop/pico/pico-sdk/src/rp2_common/hardware_irq/irq.c.obj
                0x10001c30                irq_get_vtable_handler
 .text.irq_set_exclusive_handler
                0x10001c40       0x54 CMakeFiles/main.dir/C_/Users/Daniel/Desktop/pico/pico-sdk/src/rp2_common/hardware_irq/irq.c.obj
                0x10001c40                irq_set_exclusive_handler
 .text.irq_remove_handler
                0x10001c94      0x1ac CMakeFiles/main.dir/C_/Users/Daniel/Desktop/pico/pico-sdk/src/rp2_common/hardware_irq/irq.c.obj
                0x10001c94                irq_remove_handler
 .text.irq_add_tail_to_free_list
                0x10001e40       0xf0 CMakeFiles/main.dir/C_/Users/Daniel/Desktop/pico/pico-sdk/src/rp2_common/hardware_irq/irq.c.obj
                0x10001e40                irq_add_tail_to_free_list
 .text.irq_init_priorities
                0x10001f30       0x1c CMakeFiles/main.dir/C_/Users/Daniel/Desktop/pico/pico-sdk/src/rp2_common/hardware_irq/irq.c.obj
                0x10001f30                irq_init_priorities
 .text.pll_init
                0x10001f4c      0x118 CMakeFiles/main.dir/C_/Users/Daniel/Desktop/pico/pico-sdk/src/rp2_common/hardware_pll/pll.c.obj
                0x10001f4c                pll_init
 .text.watchdog_start_tick
                0x10002064       0x10 CMakeFiles/main.dir/C_/Users/Daniel/Desktop/pico/pico-sdk/src/rp2_common/hardware_watchdog/watchdog.c.obj
                0x10002064                watchdog_start_tick
 .text.watchdog_update
                0x10002074       0x14 CMakeFiles/main.dir/C_/Users/Daniel/Desktop/pico/pico-sdk/src/rp2_common/hardware_watchdog/watchdog.c.obj
                0x10002074                watchdog_update
 .text._watchdog_enable
                0x10002088       0x78 CMakeFiles/main.dir/C_/Users/Daniel/Desktop/pico/pico-sdk/src/rp2_common/hardware_watchdog/watchdog.c.obj
                0x10002088                _watchdog_enable
 .text.watchdog_reboot
                0x10002100       0x48 CMakeFiles/main.dir/C_/Users/Daniel/Desktop/pico/pico-sdk/src/rp2_common/hardware_watchdog/watchdog.c.obj
                0x10002100                watchdog_reboot
 .text.xosc_init
                0x10002148       0x28 CMakeFiles/main.dir/C_/Users/Daniel/Desktop/pico/pico-sdk/src/rp2_common/hardware_xosc/xosc.c.obj
                0x10002148                xosc_init
 .text._out_null
                0x10002170        0x2 CMakeFiles/main.dir/C_/Users/Daniel/Desktop/pico/pico-sdk/src/rp2_common/pico_printf/printf.c.obj
 .text._out_fct
                0x10002172        0xe CMakeFiles/main.dir/C_/Users/Daniel/Desktop/pico/pico-sdk/src/rp2_common/pico_printf/printf.c.obj
 .text._atoi    0x10002180       0x24 CMakeFiles/main.dir/C_/Users/Daniel/Desktop/pico/pico-sdk/src/rp2_common/pico_printf/printf.c.obj
 .text._out_rev
                0x100021a4       0xae CMakeFiles/main.dir/C_/Users/Daniel/Desktop/pico/pico-sdk/src/rp2_common/pico_printf/printf.c.obj
 .text._ntoa_format
                0x10002252      0x112 CMakeFiles/main.dir/C_/Users/Daniel/Desktop/pico/pico-sdk/src/rp2_common/pico_printf/printf.c.obj
 .text._ntoa_long
                0x10002364       0xbc CMakeFiles/main.dir/C_/Users/Daniel/Desktop/pico/pico-sdk/src/rp2_common/pico_printf/printf.c.obj
 .text._ntoa_long_long
                0x10002420       0xe2 CMakeFiles/main.dir/C_/Users/Daniel/Desktop/pico/pico-sdk/src/rp2_common/pico_printf/printf.c.obj
 *fill*         0x10002502        0x2 
 .text._etoa    0x10002504      0x414 CMakeFiles/main.dir/C_/Users/Daniel/Desktop/pico/pico-sdk/src/rp2_common/pico_printf/printf.c.obj
 .text._ftoa    0x10002918      0x354 CMakeFiles/main.dir/C_/Users/Daniel/Desktop/pico/pico-sdk/src/rp2_common/pico_printf/printf.c.obj
 .text._vsnprintf
                0x10002c6c      0x624 CMakeFiles/main.dir/C_/Users/Daniel/Desktop/pico/pico-sdk/src/rp2_common/pico_printf/printf.c.obj
 .text.vfctprintf
                0x10003290       0x20 CMakeFiles/main.dir/C_/Users/Daniel/Desktop/pico/pico-sdk/src/rp2_common/pico_printf/printf.c.obj
                0x10003290                vfctprintf
 .text          0x100032b0       0x10 CMakeFiles/main.dir/C_/Users/Daniel/Desktop/pico/pico-sdk/src/rp2_common/pico_bit_ops/bit_ops_aeabi.S.obj
 .text.rom_func_lookup
                0x100032c0       0x10 CMakeFiles/main.dir/C_/Users/Daniel/Desktop/pico/pico-sdk/src/rp2_common/pico_bootrom/bootrom.c.obj
                0x100032c0                rom_func_lookup
 .text.rom_data_lookup
                0x100032d0       0x10 CMakeFiles/main.dir/C_/Users/Daniel/Desktop/pico/pico-sdk/src/rp2_common/pico_bootrom/bootrom.c.obj
                0x100032d0                rom_data_lookup
 .text.rom_funcs_lookup
                0x100032e0       0x36 CMakeFiles/main.dir/C_/Users/Daniel/Desktop/pico/pico-sdk/src/rp2_common/pico_bootrom/bootrom.c.obj
                0x100032e0                rom_funcs_lookup
 *fill*         0x10003316        0x2 
 .text.__wrap___aeabi_idiv
                0x10003318       0x50 CMakeFiles/main.dir/C_/Users/Daniel/Desktop/pico/pico-sdk/src/rp2_common/pico_divider/divider.S.obj
                0x10003318                __wrap___aeabi_idivmod
                0x10003318                divmod_s32s32
                0x10003318                div_s32s32
                0x10003318                __wrap___aeabi_idiv
                0x10003320                divmod_s32s32_unsafe
                0x1000334c                divmod_s32s32_savestate
 .text.__wrap___aeabi_uidiv
                0x10003368       0x4c CMakeFiles/main.dir/C_/Users/Daniel/Desktop/pico/pico-sdk/src/rp2_common/pico_divider/divider.S.obj
                0x10003368                __wrap___aeabi_uidiv
                0x10003368                __wrap___aeabi_uidivmod
                0x10003368                div_u32u32
                0x10003368                divmod_u32u32
                0x10003370                divmod_u32u32_unsafe
                0x10003398                divmod_u32u32_savestate
 .text.__wrap___aeabi_ldiv
                0x100033b4      0x434 CMakeFiles/main.dir/C_/Users/Daniel/Desktop/pico/pico-sdk/src/rp2_common/pico_divider/divider.S.obj
                0x100033b4                div_s64s64
                0x100033b4                divmod_s64s64
                0x100033b4                __wrap___aeabi_ldivmod
                0x100033ec                divmod_u64u64
                0x100033ec                div_u64u64
                0x100033ec                __wrap___aeabi_uldivmod
                0x100033fc                divmod_u64u64_savestate
                0x10003424                divmod_s64s64_unsafe
                0x100034ac                divmod_u64u64_unsafe
 .text.__wrap___aeabi_darithmetic
                0x100037e8       0x80 CMakeFiles/main.dir/C_/Users/Daniel/Desktop/pico/pico-sdk/src/rp2_common/pico_double/double_aeabi.S.obj
                0x100037e8                __wrap___aeabi_drsub
                0x100037ee                __wrap___aeabi_dsub
                0x10003800                __wrap___aeabi_dadd
                0x10003812                __wrap___aeabi_ddiv
                0x1000384e                __wrap___aeabi_dmul
 .text.__wrap___aeabi_cdcmple
                0x10003868       0x6c CMakeFiles/main.dir/C_/Users/Daniel/Desktop/pico/pico-sdk/src/rp2_common/pico_double/double_aeabi.S.obj
                0x10003868                __wrap___aeabi_cdrcmple
                0x10003878                __wrap___aeabi_cdcmpeq
                0x10003878                __wrap___aeabi_cdcmple
 .text.__wrap___aeabi_dcmplt
                0x100038d4        0xc CMakeFiles/main.dir/C_/Users/Daniel/Desktop/pico/pico-sdk/src/rp2_common/pico_double/double_aeabi.S.obj
                0x100038d4                __wrap___aeabi_dcmplt
 .text.__wrap___aeabi_dcmple
                0x100038e0       0x10 CMakeFiles/main.dir/C_/Users/Daniel/Desktop/pico/pico-sdk/src/rp2_common/pico_double/double_aeabi.S.obj
                0x100038e0                __wrap___aeabi_dcmple
 .text.__wrap___aeabi_dcmpge
                0x100038f0       0x10 CMakeFiles/main.dir/C_/Users/Daniel/Desktop/pico/pico-sdk/src/rp2_common/pico_double/double_aeabi.S.obj
                0x100038f0                __wrap___aeabi_dcmpge
 .text.__wrap___aeabi_dcmpgt
                0x10003900        0xa CMakeFiles/main.dir/C_/Users/Daniel/Desktop/pico/pico-sdk/src/rp2_common/pico_double/double_aeabi.S.obj
                0x10003900                __wrap___aeabi_dcmpgt
 .text.__wrap___aeabi_dcmpun
                0x1000390a       0x1c CMakeFiles/main.dir/C_/Users/Daniel/Desktop/pico/pico-sdk/src/rp2_common/pico_double/double_aeabi.S.obj
                0x1000390a                __wrap___aeabi_dcmpun
 *fill*         0x10003926        0x2 
 .text.__wrap___aeabi_i2d
                0x10003928       0x38 CMakeFiles/main.dir/C_/Users/Daniel/Desktop/pico/pico-sdk/src/rp2_common/pico_double/double_aeabi.S.obj
                0x10003928                __wrap___aeabi_ui2d
                0x10003930                __wrap___aeabi_i2d
 .text.__wrap___aeabi_d2iz
                0x10003960       0x48 CMakeFiles/main.dir/C_/Users/Daniel/Desktop/pico/pico-sdk/src/rp2_common/pico_double/double_aeabi.S.obj
                0x10003960                double2int_z
                0x10003960                __wrap___aeabi_d2iz
 .text.__wrap___aeabi_d2uiz
                0x100039a8       0x18 CMakeFiles/main.dir/C_/Users/Daniel/Desktop/pico/pico-sdk/src/rp2_common/pico_double/double_aeabi.S.obj
                0x100039a8                __wrap___aeabi_d2uiz
                0x100039a8                double2uint
 .text.__aeabi_double_init
                0x100039c0       0xc8 CMakeFiles/main.dir/C_/Users/Daniel/Desktop/pico/pico-sdk/src/rp2_common/pico_double/double_init_rom.c.obj
                0x100039c0                __aeabi_double_init
 .text.double_table_shim_on_use_helper
                0x10003a88       0x34 CMakeFiles/main.dir/C_/Users/Daniel/Desktop/pico/pico-sdk/src/rp2_common/pico_double/double_v1_rom_shim.S.obj
                0x10003a88                double_table_shim_on_use_helper
 .text.__wrap___aeabi_dsub
                0x10003abc       0x10 CMakeFiles/main.dir/C_/Users/Daniel/Desktop/pico/pico-sdk/src/rp2_common/pico_double/double_v1_rom_shim.S.obj
                0x10003abc                drsub_shim
                0x10003ac2                dsub_shim
 .text.dadd_shim
                0x10003acc      0x15c CMakeFiles/main.dir/C_/Users/Daniel/Desktop/pico/pico-sdk/src/rp2_common/pico_double/double_v1_rom_shim.S.obj
                0x10003acc                dadd_shim
 .text.dmul_shim
                0x10003c28      0x15c CMakeFiles/main.dir/C_/Users/Daniel/Desktop/pico/pico-sdk/src/rp2_common/pico_double/double_v1_rom_shim.S.obj
                0x10003c28                dmul_shim
 .text.ddiv_shim
                0x10003d84      0x1b0 CMakeFiles/main.dir/C_/Users/Daniel/Desktop/pico/pico-sdk/src/rp2_common/pico_double/double_v1_rom_shim.S.obj
                0x10003d84                ddiv_shim
 .text.double2uint_shim
                0x10003f34        0xe CMakeFiles/main.dir/C_/Users/Daniel/Desktop/pico/pico-sdk/src/rp2_common/pico_double/double_v1_rom_shim.S.obj
                0x10003f34                double2uint_shim
                0x10003f36                double2ufix_shim
 *fill*         0x10003f42        0x2 
 .text.double2uint64_shim
                0x10003f44       0x70 CMakeFiles/main.dir/C_/Users/Daniel/Desktop/pico/pico-sdk/src/rp2_common/pico_double/double_v1_rom_shim.S.obj
                0x10003f44                double2uint64_shim
                0x10003f46                double2ufix64_shim
                0x10003f66                d2fix_a
 .text.dunpacks
                0x10003fb4       0x3c CMakeFiles/main.dir/C_/Users/Daniel/Desktop/pico/pico-sdk/src/rp2_common/pico_double/double_v1_rom_shim.S.obj
                0x10003fb4                dunpacks
 .text.__aeabi_lmul
                0x10003ff0       0x32 CMakeFiles/main.dir/C_/Users/Daniel/Desktop/pico/pico-sdk/src/rp2_common/pico_int64_ops/pico_int64_ops_aeabi.S.obj
                0x10003ff0                __wrap___aeabi_lmul
 *fill*         0x10004022        0x2 
 .text.__aeabi_float_init
                0x10004024       0xfc CMakeFiles/main.dir/C_/Users/Daniel/Desktop/pico/pico-sdk/src/rp2_common/pico_float/float_init_rom.c.obj
                0x10004024                __aeabi_float_init
 .text.float_table_shim_on_use_helper
                0x10004120       0x34 CMakeFiles/main.dir/C_/Users/Daniel/Desktop/pico/pico-sdk/src/rp2_common/pico_float/float_v1_rom_shim.S.obj
                0x10004120                float_table_shim_on_use_helper
 .text          0x10004154       0x10 CMakeFiles/main.dir/C_/Users/Daniel/Desktop/pico/pico-sdk/src/rp2_common/pico_mem_ops/mem_ops_aeabi.S.obj
                0x10004154                __aeabi_mem_init
 .text.memset   0x10004164        0xc CMakeFiles/main.dir/C_/Users/Daniel/Desktop/pico/pico-sdk/src/rp2_common/pico_mem_ops/mem_ops_aeabi.S.obj
                0x10004164                __wrap_memset
 .text.memcpy   0x10004170        0xc CMakeFiles/main.dir/C_/Users/Daniel/Desktop/pico/pico-sdk/src/rp2_common/pico_mem_ops/mem_ops_aeabi.S.obj
                0x10004170                __wrap_memcpy
                0x10004170                __wrap___aeabi_memcpy
 .text.stdio_out_chars_no_crlf
                0x1000417c        0xe CMakeFiles/main.dir/C_/Users/Daniel/Desktop/pico/pico-sdk/src/rp2_common/pico_stdio/stdio.c.obj
 *fill*         0x1000418a        0x2 
 .text.stdio_out_chars_crlf
                0x1000418c       0x80 CMakeFiles/main.dir/C_/Users/Daniel/Desktop/pico/pico-sdk/src/rp2_common/pico_stdio/stdio.c.obj
 .text.stdio_stack_buffer_flush
                0x1000420c       0x44 CMakeFiles/main.dir/C_/Users/Daniel/Desktop/pico/pico-sdk/src/rp2_common/pico_stdio/stdio.c.obj
 .text.stdio_buffered_printer
                0x10004250       0x20 CMakeFiles/main.dir/C_/Users/Daniel/Desktop/pico/pico-sdk/src/rp2_common/pico_stdio/stdio.c.obj
 .text.stdio_get_until
                0x10004270       0x80 CMakeFiles/main.dir/C_/Users/Daniel/Desktop/pico/pico-sdk/src/rp2_common/pico_stdio/stdio.c.obj
 .text.stdout_serialize_begin
                0x100042f0       0x30 CMakeFiles/main.dir/C_/Users/Daniel/Desktop/pico/pico-sdk/src/rp2_common/pico_stdio/stdio.c.obj
                0x100042f0                stdout_serialize_begin
 .text.stdout_serialize_end
                0x10004320       0x10 CMakeFiles/main.dir/C_/Users/Daniel/Desktop/pico/pico-sdk/src/rp2_common/pico_stdio/stdio.c.obj
                0x10004320                stdout_serialize_end
 .text.stdio_put_string
                0x10004330       0x98 CMakeFiles/main.dir/C_/Users/Daniel/Desktop/pico/pico-sdk/src/rp2_common/pico_stdio/stdio.c.obj
 .text.stdio_set_driver_enabled
                0x100043c8       0x38 CMakeFiles/main.dir/C_/Users/Daniel/Desktop/pico/pico-sdk/src/rp2_common/pico_stdio/stdio.c.obj
                0x100043c8                stdio_set_driver_enabled
 .text.stdio_flush
                0x10004400       0x20 CMakeFiles/main.dir/C_/Users/Daniel/Desktop/pico/pico-sdk/src/rp2_common/pico_stdio/stdio.c.obj
                0x10004400                stdio_flush
 .text.__wrap_puts
                0x10004420       0x1e CMakeFiles/main.dir/C_/Users/Daniel/Desktop/pico/pico-sdk/src/rp2_common/pico_stdio/stdio.c.obj
                0x10004420                __wrap_puts
 *fill*         0x1000443e        0x2 
 .text.__wrap_vprintf
                0x10004440       0x44 CMakeFiles/main.dir/C_/Users/Daniel/Desktop/pico/pico-sdk/src/rp2_common/pico_stdio/stdio.c.obj
                0x10004440                __wrap_vprintf
 .text.__wrap_printf
                0x10004484       0x18 CMakeFiles/main.dir/C_/Users/Daniel/Desktop/pico/pico-sdk/src/rp2_common/pico_stdio/stdio.c.obj
                0x10004484                __wrap_printf
 .text.stdio_init_all
                0x1000449c        0x8 CMakeFiles/main.dir/C_/Users/Daniel/Desktop/pico/pico-sdk/src/rp2_common/pico_stdio/stdio.c.obj
                0x1000449c                stdio_init_all
 .text.getchar_timeout_us
                0x100044a4       0x80 CMakeFiles/main.dir/C_/Users/Daniel/Desktop/pico/pico-sdk/src/rp2_common/pico_stdio/stdio.c.obj
                0x100044a4                getchar_timeout_us
 .text.resetd_init
                0x10004524        0x2 CMakeFiles/main.dir/C_/Users/Daniel/Desktop/pico/pico-sdk/src/rp2_common/pico_stdio_usb/reset_interface.c.obj
 *fill*         0x10004526        0x2 
 .text.resetd_reset
                0x10004528        0xc CMakeFiles/main.dir/C_/Users/Daniel/Desktop/pico/pico-sdk/src/rp2_common/pico_stdio_usb/reset_interface.c.obj
 .text.resetd_open
                0x10004534       0x34 CMakeFiles/main.dir/C_/Users/Daniel/Desktop/pico/pico-sdk/src/rp2_common/pico_stdio_usb/reset_interface.c.obj
 .text.resetd_xfer_cb
                0x10004568        0x4 CMakeFiles/main.dir/C_/Users/Daniel/Desktop/pico/pico-sdk/src/rp2_common/pico_stdio_usb/reset_interface.c.obj
 .text.reset_usb_boot
                0x1000456c       0x18 CMakeFiles/main.dir/C_/Users/Daniel/Desktop/pico/pico-sdk/src/rp2_common/pico_stdio_usb/reset_interface.c.obj
 .text.resetd_control_xfer_cb
                0x10004584       0x5c CMakeFiles/main.dir/C_/Users/Daniel/Desktop/pico/pico-sdk/src/rp2_common/pico_stdio_usb/reset_interface.c.obj
 .text.usbd_app_driver_get_cb
                0x100045e0        0xc CMakeFiles/main.dir/C_/Users/Daniel/Desktop/pico/pico-sdk/src/rp2_common/pico_stdio_usb/reset_interface.c.obj
                0x100045e0                usbd_app_driver_get_cb
 .text.tud_cdc_line_coding_cb
                0x100045ec       0x28 CMakeFiles/main.dir/C_/Users/Daniel/Desktop/pico/pico-sdk/src/rp2_common/pico_stdio_usb/reset_interface.c.obj
                0x100045ec                tud_cdc_line_coding_cb
 .text.stdio_usb_in_chars
                0x10004614       0x70 CMakeFiles/main.dir/C_/Users/Daniel/Desktop/pico/pico-sdk/src/rp2_common/pico_stdio_usb/stdio_usb.c.obj
                0x10004614                stdio_usb_in_chars
 .text.low_priority_worker_irq
                0x10004684       0x20 CMakeFiles/main.dir/C_/Users/Daniel/Desktop/pico/pico-sdk/src/rp2_common/pico_stdio_usb/stdio_usb.c.obj
 .text.stdio_usb_out_chars
                0x100046a4       0xd4 CMakeFiles/main.dir/C_/Users/Daniel/Desktop/pico/pico-sdk/src/rp2_common/pico_stdio_usb/stdio_usb.c.obj
 .text.timer_task
                0x10004778       0x10 CMakeFiles/main.dir/C_/Users/Daniel/Desktop/pico/pico-sdk/src/rp2_common/pico_stdio_usb/stdio_usb.c.obj
 .text.stdio_usb_init
                0x10004788       0xb8 CMakeFiles/main.dir/C_/Users/Daniel/Desktop/pico/pico-sdk/src/rp2_common/pico_stdio_usb/stdio_usb.c.obj
                0x10004788                stdio_usb_init
 .text.tud_descriptor_device_cb
                0x10004840        0x8 CMakeFiles/main.dir/C_/Users/Daniel/Desktop/pico/pico-sdk/src/rp2_common/pico_stdio_usb/stdio_usb_descriptors.c.obj
                0x10004840                tud_descriptor_device_cb
 .text.tud_descriptor_configuration_cb
                0x10004848        0x8 CMakeFiles/main.dir/C_/Users/Daniel/Desktop/pico/pico-sdk/src/rp2_common/pico_stdio_usb/stdio_usb_descriptors.c.obj
                0x10004848                tud_descriptor_configuration_cb
 .text.tud_descriptor_string_cb
                0x10004850       0x6c CMakeFiles/main.dir/C_/Users/Daniel/Desktop/pico/pico-sdk/src/rp2_common/pico_stdio_usb/stdio_usb_descriptors.c.obj
                0x10004850                tud_descriptor_string_cb
 .text.hw_endpoint_get_by_addr
                0x100048bc       0x18 CMakeFiles/main.dir/C_/Users/Daniel/Desktop/pico/pico-sdk/lib/tinyusb/src/portable/raspberrypi/rp2040/dcd_rp2040.c.obj
 .text.reset_ep0_pid
                0x100048d4       0x28 CMakeFiles/main.dir/C_/Users/Daniel/Desktop/pico/pico-sdk/lib/tinyusb/src/portable/raspberrypi/rp2040/dcd_rp2040.c.obj
 .text._hw_endpoint_alloc
                0x100048fc       0x70 CMakeFiles/main.dir/C_/Users/Daniel/Desktop/pico/pico-sdk/lib/tinyusb/src/portable/raspberrypi/rp2040/dcd_rp2040.c.obj
 .text.hw_endpoint_init
                0x1000496c       0x88 CMakeFiles/main.dir/C_/Users/Daniel/Desktop/pico/pico-sdk/lib/tinyusb/src/portable/raspberrypi/rp2040/dcd_rp2040.c.obj
 .text.reset_non_control_endpoints
                0x100049f4       0x40 CMakeFiles/main.dir/C_/Users/Daniel/Desktop/pico/pico-sdk/lib/tinyusb/src/portable/raspberrypi/rp2040/dcd_rp2040.c.obj
 .text.hw_handle_buff_status
                0x10004a34       0x8c CMakeFiles/main.dir/C_/Users/Daniel/Desktop/pico/pico-sdk/lib/tinyusb/src/portable/raspberrypi/rp2040/dcd_rp2040.c.obj
 .text.dcd_rp2040_irq
                0x10004ac0       0xc0 CMakeFiles/main.dir/C_/Users/Daniel/Desktop/pico/pico-sdk/lib/tinyusb/src/portable/raspberrypi/rp2040/dcd_rp2040.c.obj
 .text.hw_endpoint_xfer
                0x10004b80       0x14 CMakeFiles/main.dir/C_/Users/Daniel/Desktop/pico/pico-sdk/lib/tinyusb/src/portable/raspberrypi/rp2040/dcd_rp2040.c.obj
 .text.dcd_int_enable
                0x10004b94       0x2c CMakeFiles/main.dir/C_/Users/Daniel/Desktop/pico/pico-sdk/lib/tinyusb/src/portable/raspberrypi/rp2040/dcd_rp2040.c.obj
                0x10004b94                dcd_int_enable
 .text.dcd_set_address
                0x10004bc0       0x2c CMakeFiles/main.dir/C_/Users/Daniel/Desktop/pico/pico-sdk/lib/tinyusb/src/portable/raspberrypi/rp2040/dcd_rp2040.c.obj
                0x10004bc0                dcd_set_address
 .text.dcd_connect
                0x10004bec       0x10 CMakeFiles/main.dir/C_/Users/Daniel/Desktop/pico/pico-sdk/lib/tinyusb/src/portable/raspberrypi/rp2040/dcd_rp2040.c.obj
                0x10004bec                dcd_connect
 .text.dcd_init
                0x10004bfc       0x7c CMakeFiles/main.dir/C_/Users/Daniel/Desktop/pico/pico-sdk/lib/tinyusb/src/portable/raspberrypi/rp2040/dcd_rp2040.c.obj
                0x10004bfc                dcd_init
 .text.dcd_edpt0_status_complete
                0x10004c78       0x1c CMakeFiles/main.dir/C_/Users/Daniel/Desktop/pico/pico-sdk/lib/tinyusb/src/portable/raspberrypi/rp2040/dcd_rp2040.c.obj
                0x10004c78                dcd_edpt0_status_complete
 .text.dcd_edpt_open
                0x10004c94       0x40 CMakeFiles/main.dir/C_/Users/Daniel/Desktop/pico/pico-sdk/lib/tinyusb/src/portable/raspberrypi/rp2040/dcd_rp2040.c.obj
                0x10004c94                dcd_edpt_open
 .text.dcd_edpt_close_all
                0x10004cd4        0x8 CMakeFiles/main.dir/C_/Users/Daniel/Desktop/pico/pico-sdk/lib/tinyusb/src/portable/raspberrypi/rp2040/dcd_rp2040.c.obj
                0x10004cd4                dcd_edpt_close_all
 .text.dcd_edpt_xfer
                0x10004cdc       0x30 CMakeFiles/main.dir/C_/Users/Daniel/Desktop/pico/pico-sdk/lib/tinyusb/src/portable/raspberrypi/rp2040/dcd_rp2040.c.obj
                0x10004cdc                dcd_edpt_xfer
 .text.dcd_edpt_stall
                0x10004d0c       0x2c CMakeFiles/main.dir/C_/Users/Daniel/Desktop/pico/pico-sdk/lib/tinyusb/src/portable/raspberrypi/rp2040/dcd_rp2040.c.obj
                0x10004d0c                dcd_edpt_stall
 .text.dcd_edpt_clear_stall
                0x10004d38       0x20 CMakeFiles/main.dir/C_/Users/Daniel/Desktop/pico/pico-sdk/lib/tinyusb/src/portable/raspberrypi/rp2040/dcd_rp2040.c.obj
                0x10004d38                dcd_edpt_clear_stall
 .text.prepare_ep_buffer
                0x10004d58       0x70 CMakeFiles/main.dir/C_/Users/Daniel/Desktop/pico/pico-sdk/lib/tinyusb/src/portable/raspberrypi/rp2040/rp2040_usb.c.obj
 .text.sync_ep_buffer
                0x10004dc8       0x7c CMakeFiles/main.dir/C_/Users/Daniel/Desktop/pico/pico-sdk/lib/tinyusb/src/portable/raspberrypi/rp2040/rp2040_usb.c.obj
 .text._hw_endpoint_xfer_sync
                0x10004e44       0x28 CMakeFiles/main.dir/C_/Users/Daniel/Desktop/pico/pico-sdk/lib/tinyusb/src/portable/raspberrypi/rp2040/rp2040_usb.c.obj
 .text.rp2040_usb_init
                0x10004e6c       0x4c CMakeFiles/main.dir/C_/Users/Daniel/Desktop/pico/pico-sdk/lib/tinyusb/src/portable/raspberrypi/rp2040/rp2040_usb.c.obj
                0x10004e6c                rp2040_usb_init
 .text.hw_endpoint_reset_transfer
                0x10004eb8        0xc CMakeFiles/main.dir/C_/Users/Daniel/Desktop/pico/pico-sdk/lib/tinyusb/src/portable/raspberrypi/rp2040/rp2040_usb.c.obj
                0x10004eb8                hw_endpoint_reset_transfer
 .text._hw_endpoint_buffer_control_update32
                0x10004ec4       0x58 CMakeFiles/main.dir/C_/Users/Daniel/Desktop/pico/pico-sdk/lib/tinyusb/src/portable/raspberrypi/rp2040/rp2040_usb.c.obj
                0x10004ec4                _hw_endpoint_buffer_control_update32
 .text._hw_endpoint_start_next_buffer
                0x10004f1c       0x74 CMakeFiles/main.dir/C_/Users/Daniel/Desktop/pico/pico-sdk/lib/tinyusb/src/portable/raspberrypi/rp2040/rp2040_usb.c.obj
 .text.hw_endpoint_xfer_start
                0x10004f90       0x48 CMakeFiles/main.dir/C_/Users/Daniel/Desktop/pico/pico-sdk/lib/tinyusb/src/portable/raspberrypi/rp2040/rp2040_usb.c.obj
                0x10004f90                hw_endpoint_xfer_start
 .text.hw_endpoint_xfer_continue
                0x10004fd8       0x38 CMakeFiles/main.dir/C_/Users/Daniel/Desktop/pico/pico-sdk/lib/tinyusb/src/portable/raspberrypi/rp2040/rp2040_usb.c.obj
                0x10004fd8                hw_endpoint_xfer_continue
 .text.configuration_reset
                0x10005010       0x84 CMakeFiles/main.dir/C_/Users/Daniel/Desktop/pico/pico-sdk/lib/tinyusb/src/device/usbd.c.obj
 .text.usbd_reset
                0x10005094        0xc CMakeFiles/main.dir/C_/Users/Daniel/Desktop/pico/pico-sdk/lib/tinyusb/src/device/usbd.c.obj
 .text.invoke_class_control
                0x100050a0       0x1a CMakeFiles/main.dir/C_/Users/Daniel/Desktop/pico/pico-sdk/lib/tinyusb/src/device/usbd.c.obj
 *fill*         0x100050ba        0x2 
 .text.process_set_config
                0x100050bc      0x1b0 CMakeFiles/main.dir/C_/Users/Daniel/Desktop/pico/pico-sdk/lib/tinyusb/src/device/usbd.c.obj
 .text.process_get_descriptor
                0x1000526c       0xec CMakeFiles/main.dir/C_/Users/Daniel/Desktop/pico/pico-sdk/lib/tinyusb/src/device/usbd.c.obj
 .text.tud_mounted
                0x10005358       0x10 CMakeFiles/main.dir/C_/Users/Daniel/Desktop/pico/pico-sdk/lib/tinyusb/src/device/usbd.c.obj
                0x10005358                tud_mounted
 .text.tud_suspended
                0x10005368       0x10 CMakeFiles/main.dir/C_/Users/Daniel/Desktop/pico/pico-sdk/lib/tinyusb/src/device/usbd.c.obj
                0x10005368                tud_suspended
 .text.tud_inited
                0x10005378        0xc CMakeFiles/main.dir/C_/Users/Daniel/Desktop/pico/pico-sdk/lib/tinyusb/src/device/usbd.c.obj
                0x10005378                tud_inited
 .text.tud_init
                0x10005384       0xcc CMakeFiles/main.dir/C_/Users/Daniel/Desktop/pico/pico-sdk/lib/tinyusb/src/device/usbd.c.obj
                0x10005384                tud_init
 .text.dcd_event_handler
                0x10005450      0x1e0 CMakeFiles/main.dir/C_/Users/Daniel/Desktop/pico/pico-sdk/lib/tinyusb/src/device/usbd.c.obj
                0x10005450                dcd_event_handler
 .text.dcd_event_bus_signal
                0x10005630       0x26 CMakeFiles/main.dir/C_/Users/Daniel/Desktop/pico/pico-sdk/lib/tinyusb/src/device/usbd.c.obj
                0x10005630                dcd_event_bus_signal
 .text.dcd_event_bus_reset
                0x10005656       0x2a CMakeFiles/main.dir/C_/Users/Daniel/Desktop/pico/pico-sdk/lib/tinyusb/src/device/usbd.c.obj
                0x10005656                dcd_event_bus_reset
 .text.dcd_event_setup_received
                0x10005680       0x34 CMakeFiles/main.dir/C_/Users/Daniel/Desktop/pico/pico-sdk/lib/tinyusb/src/device/usbd.c.obj
                0x10005680                dcd_event_setup_received
 .text.dcd_event_xfer_complete
                0x100056b4       0x44 CMakeFiles/main.dir/C_/Users/Daniel/Desktop/pico/pico-sdk/lib/tinyusb/src/device/usbd.c.obj
                0x100056b4                dcd_event_xfer_complete
 .text.usbd_edpt_open
                0x100056f8       0x58 CMakeFiles/main.dir/C_/Users/Daniel/Desktop/pico/pico-sdk/lib/tinyusb/src/device/usbd.c.obj
                0x100056f8                usbd_edpt_open
 .text.usbd_open_edpt_pair
                0x10005750       0x8c CMakeFiles/main.dir/C_/Users/Daniel/Desktop/pico/pico-sdk/lib/tinyusb/src/device/usbd.c.obj
                0x10005750                usbd_open_edpt_pair
 .text.usbd_edpt_claim
                0x100057dc       0x8c CMakeFiles/main.dir/C_/Users/Daniel/Desktop/pico/pico-sdk/lib/tinyusb/src/device/usbd.c.obj
                0x100057dc                usbd_edpt_claim
 .text.usbd_edpt_release
                0x10005868       0x68 CMakeFiles/main.dir/C_/Users/Daniel/Desktop/pico/pico-sdk/lib/tinyusb/src/device/usbd.c.obj
                0x10005868                usbd_edpt_release
 .text.usbd_edpt_xfer
                0x100058d0       0x80 CMakeFiles/main.dir/C_/Users/Daniel/Desktop/pico/pico-sdk/lib/tinyusb/src/device/usbd.c.obj
                0x100058d0                usbd_edpt_xfer
 .text.usbd_edpt_stall
                0x10005950       0x40 CMakeFiles/main.dir/C_/Users/Daniel/Desktop/pico/pico-sdk/lib/tinyusb/src/device/usbd.c.obj
                0x10005950                usbd_edpt_stall
 .text.usbd_edpt_clear_stall
                0x10005990       0x40 CMakeFiles/main.dir/C_/Users/Daniel/Desktop/pico/pico-sdk/lib/tinyusb/src/device/usbd.c.obj
                0x10005990                usbd_edpt_clear_stall
 .text.usbd_edpt_stalled
                0x100059d0       0x1c CMakeFiles/main.dir/C_/Users/Daniel/Desktop/pico/pico-sdk/lib/tinyusb/src/device/usbd.c.obj
                0x100059d0                usbd_edpt_stalled
 .text.process_control_request
                0x100059ec      0x3b8 CMakeFiles/main.dir/C_/Users/Daniel/Desktop/pico/pico-sdk/lib/tinyusb/src/device/usbd.c.obj
 .text.tud_task
                0x10005da4      0x218 CMakeFiles/main.dir/C_/Users/Daniel/Desktop/pico/pico-sdk/lib/tinyusb/src/device/usbd.c.obj
                0x10005da4                tud_task
 .text._data_stage_xact
                0x10005fbc       0x58 CMakeFiles/main.dir/C_/Users/Daniel/Desktop/pico/pico-sdk/lib/tinyusb/src/device/usbd_control.c.obj
 .text.tud_control_status
                0x10006014       0x38 CMakeFiles/main.dir/C_/Users/Daniel/Desktop/pico/pico-sdk/lib/tinyusb/src/device/usbd_control.c.obj
                0x10006014                tud_control_status
 .text.tud_control_xfer
                0x1000604c       0xa8 CMakeFiles/main.dir/C_/Users/Daniel/Desktop/pico/pico-sdk/lib/tinyusb/src/device/usbd_control.c.obj
                0x1000604c                tud_control_xfer
 .text.usbd_control_reset
                0x100060f4       0x14 CMakeFiles/main.dir/C_/Users/Daniel/Desktop/pico/pico-sdk/lib/tinyusb/src/device/usbd_control.c.obj
                0x100060f4                usbd_control_reset
 .text.usbd_control_set_complete_callback
                0x10006108        0xc CMakeFiles/main.dir/C_/Users/Daniel/Desktop/pico/pico-sdk/lib/tinyusb/src/device/usbd_control.c.obj
                0x10006108                usbd_control_set_complete_callback
 .text.usbd_control_set_request
                0x10006114       0x1c CMakeFiles/main.dir/C_/Users/Daniel/Desktop/pico/pico-sdk/lib/tinyusb/src/device/usbd_control.c.obj
                0x10006114                usbd_control_set_request
 .text.usbd_control_xfer_cb
                0x10006130       0xfc CMakeFiles/main.dir/C_/Users/Daniel/Desktop/pico/pico-sdk/lib/tinyusb/src/device/usbd_control.c.obj
                0x10006130                usbd_control_xfer_cb
 .text._prep_out_transaction
                0x1000622c       0x46 CMakeFiles/main.dir/C_/Users/Daniel/Desktop/pico/pico-sdk/lib/tinyusb/src/class/cdc/cdc_device.c.obj
 *fill*         0x10006272        0x2 
 .text.tud_cdc_n_connected
                0x10006274       0x44 CMakeFiles/main.dir/C_/Users/Daniel/Desktop/pico/pico-sdk/lib/tinyusb/src/class/cdc/cdc_device.c.obj
                0x10006274                tud_cdc_n_connected
 .text.tud_cdc_n_available
                0x100062b8       0x18 CMakeFiles/main.dir/C_/Users/Daniel/Desktop/pico/pico-sdk/lib/tinyusb/src/class/cdc/cdc_device.c.obj
                0x100062b8                tud_cdc_n_available
 .text.tud_cdc_n_read
                0x100062d0       0x28 CMakeFiles/main.dir/C_/Users/Daniel/Desktop/pico/pico-sdk/lib/tinyusb/src/class/cdc/cdc_device.c.obj
                0x100062d0                tud_cdc_n_read
 .text.tud_cdc_n_write_flush
                0x100062f8       0xcc CMakeFiles/main.dir/C_/Users/Daniel/Desktop/pico/pico-sdk/lib/tinyusb/src/class/cdc/cdc_device.c.obj
                0x100062f8                tud_cdc_n_write_flush
 .text.tud_cdc_n_write
                0x100063c4       0x38 CMakeFiles/main.dir/C_/Users/Daniel/Desktop/pico/pico-sdk/lib/tinyusb/src/class/cdc/cdc_device.c.obj
                0x100063c4                tud_cdc_n_write
 .text.tud_cdc_n_write_available
                0x100063fc       0x1c CMakeFiles/main.dir/C_/Users/Daniel/Desktop/pico/pico-sdk/lib/tinyusb/src/class/cdc/cdc_device.c.obj
                0x100063fc                tud_cdc_n_write_available
 .text.cdcd_init
                0x10006418       0xbc CMakeFiles/main.dir/C_/Users/Daniel/Desktop/pico/pico-sdk/lib/tinyusb/src/class/cdc/cdc_device.c.obj
                0x10006418                cdcd_init
 .text.cdcd_reset
                0x100064d4       0x44 CMakeFiles/main.dir/C_/Users/Daniel/Desktop/pico/pico-sdk/lib/tinyusb/src/class/cdc/cdc_device.c.obj
                0x100064d4                cdcd_reset
 .text.cdcd_open
                0x10006518       0xf8 CMakeFiles/main.dir/C_/Users/Daniel/Desktop/pico/pico-sdk/lib/tinyusb/src/class/cdc/cdc_device.c.obj
                0x10006518                cdcd_open
 .text.cdcd_control_xfer_cb
                0x10006610      0x134 CMakeFiles/main.dir/C_/Users/Daniel/Desktop/pico/pico-sdk/lib/tinyusb/src/class/cdc/cdc_device.c.obj
                0x10006610                cdcd_control_xfer_cb
 .text.cdcd_xfer_cb
                0x10006744      0x144 CMakeFiles/main.dir/C_/Users/Daniel/Desktop/pico/pico-sdk/lib/tinyusb/src/class/cdc/cdc_device.c.obj
                0x10006744                cdcd_xfer_cb
 .text.tusb_init
                0x10006888       0x24 CMakeFiles/main.dir/C_/Users/Daniel/Desktop/pico/pico-sdk/lib/tinyusb/src/tusb.c.obj
                0x10006888                tusb_init
 .text.tusb_inited
                0x100068ac        0xe CMakeFiles/main.dir/C_/Users/Daniel/Desktop/pico/pico-sdk/lib/tinyusb/src/tusb.c.obj
                0x100068ac                tusb_inited
 *fill*         0x100068ba        0x2 
 .text.tu_edpt_validate
                0x100068bc       0xa8 CMakeFiles/main.dir/C_/Users/Daniel/Desktop/pico/pico-sdk/lib/tinyusb/src/tusb.c.obj
                0x100068bc                tu_edpt_validate
 .text.tu_edpt_bind_driver
                0x10006964       0x2a CMakeFiles/main.dir/C_/Users/Daniel/Desktop/pico/pico-sdk/lib/tinyusb/src/tusb.c.obj
                0x10006964                tu_edpt_bind_driver
 .text.advance_pointer
                0x1000698e       0x18 CMakeFiles/main.dir/C_/Users/Daniel/Desktop/pico/pico-sdk/lib/tinyusb/src/common/tusb_fifo.c.obj
 .text.backward_pointer
                0x100069a6       0x1e CMakeFiles/main.dir/C_/Users/Daniel/Desktop/pico/pico-sdk/lib/tinyusb/src/common/tusb_fifo.c.obj
 .text.get_relative_pointer
                0x100069c4       0x10 CMakeFiles/main.dir/C_/Users/Daniel/Desktop/pico/pico-sdk/lib/tinyusb/src/common/tusb_fifo.c.obj
 .text._tu_fifo_peek
                0x100069d4       0x50 CMakeFiles/main.dir/C_/Users/Daniel/Desktop/pico/pico-sdk/lib/tinyusb/src/common/tusb_fifo.c.obj
 .text._ff_pull_const_addr
                0x10006a24       0x4c CMakeFiles/main.dir/C_/Users/Daniel/Desktop/pico/pico-sdk/lib/tinyusb/src/common/tusb_fifo.c.obj
 .text._ff_pull_n
                0x10006a70      0x10c CMakeFiles/main.dir/C_/Users/Daniel/Desktop/pico/pico-sdk/lib/tinyusb/src/common/tusb_fifo.c.obj
 .text._tu_fifo_peek_n
                0x10006b7c       0x5e CMakeFiles/main.dir/C_/Users/Daniel/Desktop/pico/pico-sdk/lib/tinyusb/src/common/tusb_fifo.c.obj
 .text._tu_fifo_read_n
                0x10006bda       0x4e CMakeFiles/main.dir/C_/Users/Daniel/Desktop/pico/pico-sdk/lib/tinyusb/src/common/tusb_fifo.c.obj
 .text._ff_push_const_addr
                0x10006c28       0x40 CMakeFiles/main.dir/C_/Users/Daniel/Desktop/pico/pico-sdk/lib/tinyusb/src/common/tusb_fifo.c.obj
 .text._ff_push_n
                0x10006c68      0x108 CMakeFiles/main.dir/C_/Users/Daniel/Desktop/pico/pico-sdk/lib/tinyusb/src/common/tusb_fifo.c.obj
 .text._tu_fifo_write_n
                0x10006d70       0x9e CMakeFiles/main.dir/C_/Users/Daniel/Desktop/pico/pico-sdk/lib/tinyusb/src/common/tusb_fifo.c.obj
 .text.tu_fifo_config
                0x10006e0e       0x72 CMakeFiles/main.dir/C_/Users/Daniel/Desktop/pico/pico-sdk/lib/tinyusb/src/common/tusb_fifo.c.obj
                0x10006e0e                tu_fifo_config
 .text.tu_fifo_count
                0x10006e80       0x26 CMakeFiles/main.dir/C_/Users/Daniel/Desktop/pico/pico-sdk/lib/tinyusb/src/common/tusb_fifo.c.obj
                0x10006e80                tu_fifo_count
 .text.tu_fifo_empty
                0x10006ea6       0x10 CMakeFiles/main.dir/C_/Users/Daniel/Desktop/pico/pico-sdk/lib/tinyusb/src/common/tusb_fifo.c.obj
                0x10006ea6                tu_fifo_empty
 .text.tu_fifo_remaining
                0x10006eb6       0x20 CMakeFiles/main.dir/C_/Users/Daniel/Desktop/pico/pico-sdk/lib/tinyusb/src/common/tusb_fifo.c.obj
                0x10006eb6                tu_fifo_remaining
 .text.tu_fifo_read
                0x10006ed6       0x42 CMakeFiles/main.dir/C_/Users/Daniel/Desktop/pico/pico-sdk/lib/tinyusb/src/common/tusb_fifo.c.obj
                0x10006ed6                tu_fifo_read
 .text.tu_fifo_read_n
                0x10006f18        0xa CMakeFiles/main.dir/C_/Users/Daniel/Desktop/pico/pico-sdk/lib/tinyusb/src/common/tusb_fifo.c.obj
                0x10006f18                tu_fifo_read_n
 .text.tu_fifo_write
                0x10006f22       0x6c CMakeFiles/main.dir/C_/Users/Daniel/Desktop/pico/pico-sdk/lib/tinyusb/src/common/tusb_fifo.c.obj
                0x10006f22                tu_fifo_write
 .text.tu_fifo_write_n
                0x10006f8e        0xa CMakeFiles/main.dir/C_/Users/Daniel/Desktop/pico/pico-sdk/lib/tinyusb/src/common/tusb_fifo.c.obj
                0x10006f8e                tu_fifo_write_n
 .text.tu_fifo_clear
                0x10006f98       0x4c CMakeFiles/main.dir/C_/Users/Daniel/Desktop/pico/pico-sdk/lib/tinyusb/src/common/tusb_fifo.c.obj
                0x10006f98                tu_fifo_clear
 .text.tu_fifo_set_overwritable
                0x10006fe4       0x3c CMakeFiles/main.dir/C_/Users/Daniel/Desktop/pico/pico-sdk/lib/tinyusb/src/common/tusb_fifo.c.obj
                0x10006fe4                tu_fifo_set_overwritable
 .text._retrieve_unique_id_on_boot
                0x10007020       0x10 CMakeFiles/main.dir/C_/Users/Daniel/Desktop/pico/pico-sdk/src/rp2_common/pico_unique_id/unique_id.c.obj
 .text.pico_get_unique_board_id_string
                0x10007030       0x60 CMakeFiles/main.dir/C_/Users/Daniel/Desktop/pico/pico-sdk/src/rp2_common/pico_unique_id/unique_id.c.obj
                0x10007030                pico_get_unique_board_id_string
 .text.flash_get_unique_id
                0x10007090       0x46 CMakeFiles/main.dir/C_/Users/Daniel/Desktop/pico/pico-sdk/src/rp2_common/hardware_flash/flash.c.obj
                0x10007090                flash_get_unique_id
 *fill*         0x100070d6        0x2 
 .text.adc_init
                0x100070d8       0x34 CMakeFiles/main.dir/C_/Users/Daniel/Desktop/pico/pico-sdk/src/rp2_common/hardware_adc/adc.c.obj
                0x100070d8                adc_init
 .text.strlen   0x1000710c       0x5c d:/progra~2/gbuarm~1/bin/../lib/gcc/arm-none-eabi/10.3.1/../../../../arm-none-eabi/lib/thumb/v6-m/nofp\libg.a(lib_a-strlen-stub.o)
                0x1000710c                strlen
 *(.fini)
 .fini          0x10007168        0x4 d:/progra~2/gbuarm~1/bin/../lib/gcc/arm-none-eabi/10.3.1/thumb/v6-m/nofp/crti.o
                0x10007168                _fini
 *fill*         0x1000716c        0x4 
 .fini.__stub   0x10007170       0x70 linker stubs
 *crtbegin.o(.ctors)
 *crtbegin?.o(.ctors)
 *(EXCLUDE_FILE(*crtend.o *crtend?.o) .ctors)
 *(SORT_BY_NAME(.ctors.*))
 *(.ctors)
 *crtbegin.o(.dtors)
 *crtbegin?.o(.dtors)
 *(EXCLUDE_FILE(*crtend.o *crtend?.o) .dtors)
 *(SORT_BY_NAME(.dtors.*))
 *(.dtors)
 *(.eh_frame*)
 .eh_frame      0x100071e0        0x0 d:/progra~2/gbuarm~1/bin/../lib/gcc/arm-none-eabi/10.3.1/thumb/v6-m/nofp/crtbegin.o
                0x100071e0                . = ALIGN (0x4)

.glue_7         0x100071e0        0x0
 .glue_7        0x100071e0        0x0 linker stubs

.glue_7t        0x100071e0        0x0
 .glue_7t       0x100071e0        0x0 linker stubs

.vfp11_veneer   0x100071e0        0x0
 .vfp11_veneer  0x100071e0        0x0 linker stubs

.v4_bx          0x100071e0        0x0
 .v4_bx         0x100071e0        0x0 linker stubs

.iplt           0x100071e0        0x0
 .iplt          0x100071e0        0x0 d:/progra~2/gbuarm~1/bin/../lib/gcc/arm-none-eabi/10.3.1/thumb/v6-m/nofp/crtbegin.o

.rodata         0x100071e0     0x16d0
 *(EXCLUDE_FILE(*libm.a: *libc.a:*lib_a-mem*.o *libgcc.a:) .rodata*)
 .rodata.main.str1.4
                0x100071e0        0x3 CMakeFiles/main.dir/main.c.obj
 *fill*         0x100071e3        0x1 
 .rodata.spin_lock_claim_unused.str1.4
                0x100071e4       0x1b CMakeFiles/main.dir/C_/Users/Daniel/Desktop/pico/pico-sdk/src/rp2_common/hardware_sync/sync.c.obj
 *fill*         0x100071ff        0x1 
 .rodata.repeating_timer_callback.str1.4
                0x10007200       0x56 CMakeFiles/main.dir/C_/Users/Daniel/Desktop/pico/pico-sdk/src/common/pico_time/time.c.obj
 *fill*         0x10007256        0x2 
 .rodata.alarm_pool_dump_key.str1.4
                0x10007258       0x33 CMakeFiles/main.dir/C_/Users/Daniel/Desktop/pico/pico-sdk/src/common/pico_time/time.c.obj
 *fill*         0x1000728b        0x1 
 .rodata.ph_add_child_node.str1.4
                0x1000728c       0xa2 CMakeFiles/main.dir/C_/Users/Daniel/Desktop/pico/pico-sdk/src/common/pico_time/time.c.obj
 *fill*         0x1000732e        0x2 
 .rodata.add_alarm_under_lock.str1.4
                0x10007330       0x28 CMakeFiles/main.dir/C_/Users/Daniel/Desktop/pico/pico-sdk/src/common/pico_time/time.c.obj
                                 0x2b (size before relaxing)
 .rodata.alarm_pool_alarm_callback.str1.4
                0x10007358       0xee CMakeFiles/main.dir/C_/Users/Daniel/Desktop/pico/pico-sdk/src/common/pico_time/time.c.obj
 *fill*         0x10007446        0x2 
 .rodata.alarm_pool_get_default.str1.4
                0x10007448       0x21 CMakeFiles/main.dir/C_/Users/Daniel/Desktop/pico/pico-sdk/src/common/pico_time/time.c.obj
 *fill*         0x10007469        0x3 
 .rodata.alarm_pool_cancel_alarm.str1.4
                0x1000746c       0x27 CMakeFiles/main.dir/C_/Users/Daniel/Desktop/pico/pico-sdk/src/common/pico_time/time.c.obj
 *fill*         0x10007493        0x1 
 .rodata.sleep_until.str1.4
                0x10007494       0x4d CMakeFiles/main.dir/C_/Users/Daniel/Desktop/pico/pico-sdk/src/common/pico_time/time.c.obj
 *fill*         0x100074e1        0x3 
 .rodata.__func__.1
                0x100074e4       0x18 CMakeFiles/main.dir/C_/Users/Daniel/Desktop/pico/pico-sdk/src/common/pico_time/time.c.obj
 .rodata.__func__.10
                0x100074fc       0x15 CMakeFiles/main.dir/C_/Users/Daniel/Desktop/pico/pico-sdk/src/common/pico_time/time.c.obj
 *fill*         0x10007511        0x3 
 .rodata.__func__.11
                0x10007514       0x1a CMakeFiles/main.dir/C_/Users/Daniel/Desktop/pico/pico-sdk/src/common/pico_time/time.c.obj
 *fill*         0x1000752e        0x2 
 .rodata.__func__.12
                0x10007530        0xa CMakeFiles/main.dir/C_/Users/Daniel/Desktop/pico/pico-sdk/src/common/pico_time/time.c.obj
 *fill*         0x1000753a        0x2 
 .rodata.__func__.3
                0x1000753c       0x17 CMakeFiles/main.dir/C_/Users/Daniel/Desktop/pico/pico-sdk/src/common/pico_time/time.c.obj
 *fill*         0x10007553        0x1 
 .rodata.__func__.4
                0x10007554       0x12 CMakeFiles/main.dir/C_/Users/Daniel/Desktop/pico/pico-sdk/src/common/pico_time/time.c.obj
 *fill*         0x10007566        0x2 
 .rodata.__func__.5
                0x10007568        0xd CMakeFiles/main.dir/C_/Users/Daniel/Desktop/pico/pico-sdk/src/common/pico_time/time.c.obj
 *fill*         0x10007575        0x3 
 .rodata.__func__.6
                0x10007578       0x12 CMakeFiles/main.dir/C_/Users/Daniel/Desktop/pico/pico-sdk/src/common/pico_time/time.c.obj
 *fill*         0x1000758a        0x2 
 .rodata.__func__.7
                0x1000758c        0xf CMakeFiles/main.dir/C_/Users/Daniel/Desktop/pico/pico-sdk/src/common/pico_time/time.c.obj
 *fill*         0x1000759b        0x1 
 .rodata.__func__.8
                0x1000759c        0xc CMakeFiles/main.dir/C_/Users/Daniel/Desktop/pico/pico-sdk/src/common/pico_time/time.c.obj
 .rodata.__func__.9
                0x100075a8       0x15 CMakeFiles/main.dir/C_/Users/Daniel/Desktop/pico/pico-sdk/src/common/pico_time/time.c.obj
 *fill*         0x100075bd        0x3 
 .rodata.hardware_alarm_claim.str1.4
                0x100075c0       0x22 CMakeFiles/main.dir/C_/Users/Daniel/Desktop/pico/pico-sdk/src/rp2_common/hardware_timer/timer.c.obj
 .rodata.busy_wait_us.str1.4
                0x100075e2       0x6c CMakeFiles/main.dir/C_/Users/Daniel/Desktop/pico/pico-sdk/src/rp2_common/hardware_timer/timer.c.obj
 *fill*         0x100075e2        0x2 
 .rodata.hardware_alarm_set_target.str1.4
                0x100075e4       0x70 CMakeFiles/main.dir/C_/Users/Daniel/Desktop/pico/pico-sdk/src/rp2_common/hardware_timer/timer.c.obj
 .rodata.__func__.0
                0x10007654       0x1a CMakeFiles/main.dir/C_/Users/Daniel/Desktop/pico/pico-sdk/src/rp2_common/hardware_timer/timer.c.obj
 *fill*         0x1000766e        0x2 
 .rodata.__func__.1
                0x10007670       0x15 CMakeFiles/main.dir/C_/Users/Daniel/Desktop/pico/pico-sdk/src/rp2_common/hardware_timer/timer.c.obj
 *fill*         0x10007685        0x3 
 .rodata.str1.4
                0x10007688       0x95 CMakeFiles/main.dir/C_/Users/Daniel/Desktop/pico/pico-sdk/src/common/pico_sync/mutex.c.obj
                                0x101 (size before relaxing)
 *fill*         0x1000771d        0x3 
 .rodata.__func__.1
                0x10007720        0xb CMakeFiles/main.dir/C_/Users/Daniel/Desktop/pico/pico-sdk/src/common/pico_sync/mutex.c.obj
 *fill*         0x1000772b        0x1 
 .rodata.__func__.3
                0x1000772c       0x18 CMakeFiles/main.dir/C_/Users/Daniel/Desktop/pico/pico-sdk/src/common/pico_sync/mutex.c.obj
 .rodata.__func__.4
                0x10007744       0x15 CMakeFiles/main.dir/C_/Users/Daniel/Desktop/pico/pico-sdk/src/common/pico_sync/mutex.c.obj
 .rodata.ph_add_child_node.str1.4
                0x10007759       0xa2 CMakeFiles/main.dir/C_/Users/Daniel/Desktop/pico/pico-sdk/src/common/pico_util/pheap.c.obj
 *fill*         0x10007759        0x3 
 .rodata.ph_remove_any_head.str1.4
                0x1000775c       0x98 CMakeFiles/main.dir/C_/Users/Daniel/Desktop/pico/pico-sdk/src/common/pico_util/pheap.c.obj
 .rodata.ph_remove_and_free_node.str1.4
                0x100077f4       0x26 CMakeFiles/main.dir/C_/Users/Daniel/Desktop/pico/pico-sdk/src/common/pico_util/pheap.c.obj
 *fill*         0x1000781a        0x2 
 .rodata.__func__.0
                0x1000781c       0x18 CMakeFiles/main.dir/C_/Users/Daniel/Desktop/pico/pico-sdk/src/common/pico_util/pheap.c.obj
 .rodata.__func__.1
                0x10007834       0x13 CMakeFiles/main.dir/C_/Users/Daniel/Desktop/pico/pico-sdk/src/common/pico_util/pheap.c.obj
 *fill*         0x10007847        0x1 
 .rodata.__func__.2
                0x10007848       0x12 CMakeFiles/main.dir/C_/Users/Daniel/Desktop/pico/pico-sdk/src/common/pico_util/pheap.c.obj
 *fill*         0x1000785a        0x2 
 .rodata.__func__.3
                0x1000785c        0xc CMakeFiles/main.dir/C_/Users/Daniel/Desktop/pico/pico-sdk/src/common/pico_util/pheap.c.obj
 .rodata.__assert_func.str1.4
                0x10007868       0x3f CMakeFiles/main.dir/C_/Users/Daniel/Desktop/pico/pico-sdk/src/rp2_common/pico_runtime/runtime.c.obj
                                 0x43 (size before relaxing)
 *fill*         0x100078a7        0x1 
 .rodata.runtime_init.str1.4
                0x100078a8       0x6c CMakeFiles/main.dir/C_/Users/Daniel/Desktop/pico/pico-sdk/src/rp2_common/pico_runtime/runtime.c.obj
 .rodata.panic.str1.4
                0x10007914       0x12 CMakeFiles/main.dir/C_/Users/Daniel/Desktop/pico/pico-sdk/src/rp2_common/pico_runtime/runtime.c.obj
 *fill*         0x10007926        0x2 
 .rodata.__func__.1
                0x10007928        0xd CMakeFiles/main.dir/C_/Users/Daniel/Desktop/pico/pico-sdk/src/rp2_common/pico_runtime/runtime.c.obj
 *fill*         0x10007935        0x3 
 .rodata.clock_configure.str1.4
                0x10007938       0x62 CMakeFiles/main.dir/C_/Users/Daniel/Desktop/pico/pico-sdk/src/rp2_common/hardware_clocks/clocks.c.obj
 *fill*         0x1000799a        0x2 
 .rodata.__func__.1
                0x1000799c       0x10 CMakeFiles/main.dir/C_/Users/Daniel/Desktop/pico/pico-sdk/src/rp2_common/hardware_clocks/clocks.c.obj
 .rodata.make_branch.str1.4
                0x100079ac       0x58 CMakeFiles/main.dir/C_/Users/Daniel/Desktop/pico/pico-sdk/src/rp2_common/hardware_irq/irq.c.obj
 .rodata.irq_set_exclusive_handler.str1.4
                0x10007a04       0x36 CMakeFiles/main.dir/C_/Users/Daniel/Desktop/pico/pico-sdk/src/rp2_common/hardware_irq/irq.c.obj
 *fill*         0x10007a3a        0x2 
 .rodata.irq_add_shared_handler.str1.4
                0x10007a3c       0xd9 CMakeFiles/main.dir/C_/Users/Daniel/Desktop/pico/pico-sdk/src/rp2_common/hardware_irq/irq.c.obj
 *fill*         0x10007b15        0x3 
 .rodata.irq_remove_handler.str1.4
                0x10007b18       0x2a CMakeFiles/main.dir/C_/Users/Daniel/Desktop/pico/pico-sdk/src/rp2_common/hardware_irq/irq.c.obj
 *fill*         0x10007b42        0x2 
 .rodata.irq_add_tail_to_free_list.str1.4
                0x10007b44       0x32 CMakeFiles/main.dir/C_/Users/Daniel/Desktop/pico/pico-sdk/src/rp2_common/hardware_irq/irq.c.obj
                                 0x3a (size before relaxing)
 *fill*         0x10007b76        0x2 
 .rodata.__func__.0
                0x10007b78       0x1a CMakeFiles/main.dir/C_/Users/Daniel/Desktop/pico/pico-sdk/src/rp2_common/hardware_irq/irq.c.obj
 *fill*         0x10007b92        0x2 
 .rodata.__func__.1
                0x10007b94       0x17 CMakeFiles/main.dir/C_/Users/Daniel/Desktop/pico/pico-sdk/src/rp2_common/hardware_irq/irq.c.obj
 *fill*         0x10007bab        0x1 
 .rodata.__func__.2
                0x10007bac       0x13 CMakeFiles/main.dir/C_/Users/Daniel/Desktop/pico/pico-sdk/src/rp2_common/hardware_irq/irq.c.obj
 *fill*         0x10007bbf        0x1 
 .rodata.__func__.3
                0x10007bc0        0xc CMakeFiles/main.dir/C_/Users/Daniel/Desktop/pico/pico-sdk/src/rp2_common/hardware_irq/irq.c.obj
 .rodata.__func__.4
                0x10007bcc        0xf CMakeFiles/main.dir/C_/Users/Daniel/Desktop/pico/pico-sdk/src/rp2_common/hardware_irq/irq.c.obj
 *fill*         0x10007bdb        0x1 
 .rodata.__func__.6
                0x10007bdc       0x1a CMakeFiles/main.dir/C_/Users/Daniel/Desktop/pico/pico-sdk/src/rp2_common/hardware_irq/irq.c.obj
 *fill*         0x10007bf6        0x2 
 .rodata.pll_init.str1.4
                0x10007bf8       0xe3 CMakeFiles/main.dir/C_/Users/Daniel/Desktop/pico/pico-sdk/src/rp2_common/hardware_pll/pll.c.obj
 *fill*         0x10007cdb        0x1 
 .rodata.__func__.0
                0x10007cdc        0x9 CMakeFiles/main.dir/C_/Users/Daniel/Desktop/pico/pico-sdk/src/rp2_common/hardware_pll/pll.c.obj
 *fill*         0x10007ce5        0x3 
 .rodata._ftoa.str1.4
                0x10007ce8       0x15 CMakeFiles/main.dir/C_/Users/Daniel/Desktop/pico/pico-sdk/src/rp2_common/pico_printf/printf.c.obj
 *fill*         0x10007cfd        0x3 
 .rodata._vsnprintf
                0x10007d00      0x1e0 CMakeFiles/main.dir/C_/Users/Daniel/Desktop/pico/pico-sdk/src/rp2_common/pico_printf/printf.c.obj
 .rodata.pow10.0
                0x10007ee0       0x50 CMakeFiles/main.dir/C_/Users/Daniel/Desktop/pico/pico-sdk/src/rp2_common/pico_printf/printf.c.obj
 .rodata.__aeabi_double_init.str1.4
                0x10007f30       0xb3 CMakeFiles/main.dir/C_/Users/Daniel/Desktop/pico/pico-sdk/src/rp2_common/pico_double/double_init_rom.c.obj
 *fill*         0x10007fe3        0x1 
 .rodata.__func__.0
                0x10007fe4       0x14 CMakeFiles/main.dir/C_/Users/Daniel/Desktop/pico/pico-sdk/src/rp2_common/pico_double/double_init_rom.c.obj
 .rodata.__aeabi_float_init.str1.4
                0x10007ff8       0x85 CMakeFiles/main.dir/C_/Users/Daniel/Desktop/pico/pico-sdk/src/rp2_common/pico_float/float_init_rom.c.obj
                                 0x89 (size before relaxing)
 *fill*         0x1000807d        0x3 
 .rodata.__func__.0
                0x10008080       0x13 CMakeFiles/main.dir/C_/Users/Daniel/Desktop/pico/pico-sdk/src/rp2_common/pico_float/float_init_rom.c.obj
 *fill*         0x10008093        0x1 
 .rodata.str1.4
                0x10008094       0x3c CMakeFiles/main.dir/C_/Users/Daniel/Desktop/pico/pico-sdk/src/rp2_common/pico_standard_link/binary_info.c.obj
 .rodata.__bi_44
                0x100080d0        0xc CMakeFiles/main.dir/C_/Users/Daniel/Desktop/pico/pico-sdk/src/rp2_common/pico_standard_link/binary_info.c.obj
 .rodata.__bi_75
                0x100080dc        0xc CMakeFiles/main.dir/C_/Users/Daniel/Desktop/pico/pico-sdk/src/rp2_common/pico_standard_link/binary_info.c.obj
 .rodata.__bi_81
                0x100080e8        0xc CMakeFiles/main.dir/C_/Users/Daniel/Desktop/pico/pico-sdk/src/rp2_common/pico_standard_link/binary_info.c.obj
 .rodata.__wrap_getchar.str1.4
                0x100080f4       0x54 CMakeFiles/main.dir/C_/Users/Daniel/Desktop/pico/pico-sdk/src/rp2_common/pico_stdio/stdio.c.obj
 .rodata.getchar_timeout_us.str1.4
                0x10008148       0x6f CMakeFiles/main.dir/C_/Users/Daniel/Desktop/pico/pico-sdk/src/rp2_common/pico_stdio/stdio.c.obj
 .rodata.__func__.0
                0x10008148       0x15 CMakeFiles/main.dir/C_/Users/Daniel/Desktop/pico/pico-sdk/src/rp2_common/pico_stdio/stdio.c.obj
 *fill*         0x1000815d        0x3 
 .rodata.__func__.1
                0x10008160       0x13 CMakeFiles/main.dir/C_/Users/Daniel/Desktop/pico/pico-sdk/src/rp2_common/pico_stdio/stdio.c.obj
 *fill*         0x10008173        0x1 
 .rodata.crlf_str.3
                0x10008174        0x2 CMakeFiles/main.dir/C_/Users/Daniel/Desktop/pico/pico-sdk/src/rp2_common/pico_stdio/stdio.c.obj
 *fill*         0x10008176        0x2 
 .rodata._resetd_driver
                0x10008178       0x18 CMakeFiles/main.dir/C_/Users/Daniel/Desktop/pico/pico-sdk/src/rp2_common/pico_stdio_usb/reset_interface.c.obj
 .rodata.stdio_usb_init.str1.4
                0x10008190       0x6c CMakeFiles/main.dir/C_/Users/Daniel/Desktop/pico/pico-sdk/src/rp2_common/pico_stdio_usb/stdio_usb.c.obj
 .rodata.str1.4
                0x10008190       0x13 CMakeFiles/main.dir/C_/Users/Daniel/Desktop/pico/pico-sdk/src/rp2_common/pico_stdio_usb/stdio_usb.c.obj
 *fill*         0x100081a3        0x1 
 .rodata.__bi_93.1
                0x100081a4        0xc CMakeFiles/main.dir/C_/Users/Daniel/Desktop/pico/pico-sdk/src/rp2_common/pico_stdio_usb/stdio_usb.c.obj
 .rodata.__func__.0
                0x100081b0       0x15 CMakeFiles/main.dir/C_/Users/Daniel/Desktop/pico/pico-sdk/src/rp2_common/pico_stdio_usb/stdio_usb.c.obj
 *fill*         0x100081c5        0x3 
 .rodata.str1.4
                0x100081c8       0x2a CMakeFiles/main.dir/C_/Users/Daniel/Desktop/pico/pico-sdk/src/rp2_common/pico_stdio_usb/stdio_usb_descriptors.c.obj
 *fill*         0x100081f2        0x2 
 .rodata.usbd_desc_cfg
                0x100081f4       0x54 CMakeFiles/main.dir/C_/Users/Daniel/Desktop/pico/pico-sdk/src/rp2_common/pico_stdio_usb/stdio_usb_descriptors.c.obj
 .rodata.usbd_desc_device
                0x10008248       0x12 CMakeFiles/main.dir/C_/Users/Daniel/Desktop/pico/pico-sdk/src/rp2_common/pico_stdio_usb/stdio_usb_descriptors.c.obj
 *fill*         0x1000825a        0x2 
 .rodata.usbd_desc_str
                0x1000825c       0x18 CMakeFiles/main.dir/C_/Users/Daniel/Desktop/pico/pico-sdk/src/rp2_common/pico_stdio_usb/stdio_usb_descriptors.c.obj
 .rodata._hw_endpoint_alloc.str1.4
                0x10008274       0xc1 CMakeFiles/main.dir/C_/Users/Daniel/Desktop/pico/pico-sdk/lib/tinyusb/src/portable/raspberrypi/rp2040/dcd_rp2040.c.obj
 *fill*         0x10008335        0x3 
 .rodata.dcd_rp2040_irq.str1.4
                0x10008338       0x14 CMakeFiles/main.dir/C_/Users/Daniel/Desktop/pico/pico-sdk/lib/tinyusb/src/portable/raspberrypi/rp2040/dcd_rp2040.c.obj
 .rodata.dcd_int_enable.str1.4
                0x1000834c        0xc CMakeFiles/main.dir/C_/Users/Daniel/Desktop/pico/pico-sdk/lib/tinyusb/src/portable/raspberrypi/rp2040/dcd_rp2040.c.obj
 .rodata.__func__.0
                0x10008358        0xe CMakeFiles/main.dir/C_/Users/Daniel/Desktop/pico/pico-sdk/lib/tinyusb/src/portable/raspberrypi/rp2040/dcd_rp2040.c.obj
 *fill*         0x10008366        0x2 
 .rodata.__func__.1
                0x10008368        0xe CMakeFiles/main.dir/C_/Users/Daniel/Desktop/pico/pico-sdk/lib/tinyusb/src/portable/raspberrypi/rp2040/dcd_rp2040.c.obj
 *fill*         0x10008376        0x2 
 .rodata.__func__.3
                0x10008378       0x10 CMakeFiles/main.dir/C_/Users/Daniel/Desktop/pico/pico-sdk/lib/tinyusb/src/portable/raspberrypi/rp2040/dcd_rp2040.c.obj
 .rodata.__func__.5
                0x10008388        0xf CMakeFiles/main.dir/C_/Users/Daniel/Desktop/pico/pico-sdk/lib/tinyusb/src/portable/raspberrypi/rp2040/dcd_rp2040.c.obj
 *fill*         0x10008397        0x1 
 .rodata.__func__.6
                0x10008398       0x13 CMakeFiles/main.dir/C_/Users/Daniel/Desktop/pico/pico-sdk/lib/tinyusb/src/portable/raspberrypi/rp2040/dcd_rp2040.c.obj
 *fill*         0x100083ab        0x1 
 .rodata.__func__.7
                0x100083ac        0x9 CMakeFiles/main.dir/C_/Users/Daniel/Desktop/pico/pico-sdk/lib/tinyusb/src/portable/raspberrypi/rp2040/dcd_rp2040.c.obj
 *fill*         0x100083b5        0x3 
 .rodata.sync_ep_buffer.str1.4
                0x100083b8       0x9d CMakeFiles/main.dir/C_/Users/Daniel/Desktop/pico/pico-sdk/lib/tinyusb/src/portable/raspberrypi/rp2040/rp2040_usb.c.obj
 *fill*         0x10008455        0x3 
 .rodata._hw_endpoint_buffer_control_update32.str1.4
                0x10008458       0x1f CMakeFiles/main.dir/C_/Users/Daniel/Desktop/pico/pico-sdk/lib/tinyusb/src/portable/raspberrypi/rp2040/rp2040_usb.c.obj
 *fill*         0x10008477        0x1 
 .rodata.hw_endpoint_xfer_start.str1.4
                0x10008478       0x38 CMakeFiles/main.dir/C_/Users/Daniel/Desktop/pico/pico-sdk/lib/tinyusb/src/portable/raspberrypi/rp2040/rp2040_usb.c.obj
 .rodata.hw_endpoint_xfer_continue.str1.4
                0x100084b0       0x29 CMakeFiles/main.dir/C_/Users/Daniel/Desktop/pico/pico-sdk/lib/tinyusb/src/portable/raspberrypi/rp2040/rp2040_usb.c.obj
 *fill*         0x100084d9        0x3 
 .rodata.str1.4
                0x100084dc        0x7 CMakeFiles/main.dir/C_/Users/Daniel/Desktop/pico/pico-sdk/lib/tinyusb/src/portable/raspberrypi/rp2040/rp2040_usb.c.obj
 *fill*         0x100084e3        0x1 
 .rodata.__func__.0
                0x100084e4        0xf CMakeFiles/main.dir/C_/Users/Daniel/Desktop/pico/pico-sdk/lib/tinyusb/src/portable/raspberrypi/rp2040/rp2040_usb.c.obj
 *fill*         0x100084f3        0x1 
 .rodata.process_set_config.str1.4
                0x100084f4       0x17 CMakeFiles/main.dir/C_/Users/Daniel/Desktop/pico/pico-sdk/lib/tinyusb/src/device/usbd.c.obj
 *fill*         0x1000850b        0x1 
 .rodata.process_get_descriptor
                0x1000850c       0x40 CMakeFiles/main.dir/C_/Users/Daniel/Desktop/pico/pico-sdk/lib/tinyusb/src/device/usbd.c.obj
 .rodata.process_control_request
                0x1000854c       0x28 CMakeFiles/main.dir/C_/Users/Daniel/Desktop/pico/pico-sdk/lib/tinyusb/src/device/usbd.c.obj
 .rodata.tud_task
                0x10008574       0x24 CMakeFiles/main.dir/C_/Users/Daniel/Desktop/pico/pico-sdk/lib/tinyusb/src/device/usbd.c.obj
 .rodata.__func__.2
                0x10008598        0xf CMakeFiles/main.dir/C_/Users/Daniel/Desktop/pico/pico-sdk/lib/tinyusb/src/device/usbd.c.obj
 *fill*         0x100085a7        0x1 
 .rodata.__func__.3
                0x100085a8        0xf CMakeFiles/main.dir/C_/Users/Daniel/Desktop/pico/pico-sdk/lib/tinyusb/src/device/usbd.c.obj
 *fill*         0x100085b7        0x1 
 .rodata.__func__.4
                0x100085b8       0x14 CMakeFiles/main.dir/C_/Users/Daniel/Desktop/pico/pico-sdk/lib/tinyusb/src/device/usbd.c.obj
 .rodata.__func__.5
                0x100085cc       0x10 CMakeFiles/main.dir/C_/Users/Daniel/Desktop/pico/pico-sdk/lib/tinyusb/src/device/usbd.c.obj
 .rodata.__func__.6
                0x100085dc       0x17 CMakeFiles/main.dir/C_/Users/Daniel/Desktop/pico/pico-sdk/lib/tinyusb/src/device/usbd.c.obj
 *fill*         0x100085f3        0x1 
 .rodata.__func__.7
                0x100085f4       0x13 CMakeFiles/main.dir/C_/Users/Daniel/Desktop/pico/pico-sdk/lib/tinyusb/src/device/usbd.c.obj
 *fill*         0x10008607        0x1 
 .rodata.__func__.8
                0x10008608       0x18 CMakeFiles/main.dir/C_/Users/Daniel/Desktop/pico/pico-sdk/lib/tinyusb/src/device/usbd.c.obj
 .rodata.__func__.9
                0x10008620        0x9 CMakeFiles/main.dir/C_/Users/Daniel/Desktop/pico/pico-sdk/lib/tinyusb/src/device/usbd.c.obj
 *fill*         0x10008629        0x3 
 .rodata._usbd_driver
                0x1000862c       0x18 CMakeFiles/main.dir/C_/Users/Daniel/Desktop/pico/pico-sdk/lib/tinyusb/src/device/usbd.c.obj
 .rodata.tud_control_xfer.str1.4
                0x10008644       0x17 CMakeFiles/main.dir/C_/Users/Daniel/Desktop/pico/pico-sdk/lib/tinyusb/src/device/usbd_control.c.obj
 .rodata.__func__.0
                0x10008644       0x15 CMakeFiles/main.dir/C_/Users/Daniel/Desktop/pico/pico-sdk/lib/tinyusb/src/device/usbd_control.c.obj
 *fill*         0x10008659        0x3 
 .rodata.__func__.1
                0x1000865c       0x11 CMakeFiles/main.dir/C_/Users/Daniel/Desktop/pico/pico-sdk/lib/tinyusb/src/device/usbd_control.c.obj
 .rodata.tud_cdc_n_write_flush.str1.4
                0x1000866d       0x17 CMakeFiles/main.dir/C_/Users/Daniel/Desktop/pico/pico-sdk/lib/tinyusb/src/class/cdc/cdc_device.c.obj
 *fill*         0x1000866d        0x3 
 .rodata.__func__.0
                0x10008670        0xd CMakeFiles/main.dir/C_/Users/Daniel/Desktop/pico/pico-sdk/lib/tinyusb/src/class/cdc/cdc_device.c.obj
 *fill*         0x1000867d        0x3 
 .rodata.__func__.1
                0x10008680        0xa CMakeFiles/main.dir/C_/Users/Daniel/Desktop/pico/pico-sdk/lib/tinyusb/src/class/cdc/cdc_device.c.obj
 *fill*         0x1000868a        0x2 
 .rodata.__func__.2
                0x1000868c       0x16 CMakeFiles/main.dir/C_/Users/Daniel/Desktop/pico/pico-sdk/lib/tinyusb/src/class/cdc/cdc_device.c.obj
 .rodata.tusb_init.str1.4
                0x100086a2       0x17 CMakeFiles/main.dir/C_/Users/Daniel/Desktop/pico/pico-sdk/lib/tinyusb/src/tusb.c.obj
 *fill*         0x100086a2        0x2 
 .rodata.__func__.0
                0x100086a4       0x11 CMakeFiles/main.dir/C_/Users/Daniel/Desktop/pico/pico-sdk/lib/tinyusb/src/tusb.c.obj
 *fill*         0x100086b5        0x3 
 .rodata.__func__.1
                0x100086b8        0xa CMakeFiles/main.dir/C_/Users/Daniel/Desktop/pico/pico-sdk/lib/tinyusb/src/tusb.c.obj
 *fill*         0x100086c2        0x2 
 .rodata.pico_get_unique_board_id_string.str1.4
                0x100086c4       0x58 CMakeFiles/main.dir/C_/Users/Daniel/Desktop/pico/pico-sdk/src/rp2_common/pico_unique_id/unique_id.c.obj
 .rodata.__func__.0
                0x1000871c       0x20 CMakeFiles/main.dir/C_/Users/Daniel/Desktop/pico/pico-sdk/src/rp2_common/pico_unique_id/unique_id.c.obj
 .rodata.str1.4
                0x1000873c      0x162 CMakeFiles/main.dir/C_/Users/Daniel/Desktop/pico/pico-sdk/src/rp2_common/hardware_flash/flash.c.obj
 *fill*         0x1000889e        0x2 
 .rodata.__func__.0
                0x100088a0        0xd CMakeFiles/main.dir/C_/Users/Daniel/Desktop/pico/pico-sdk/src/rp2_common/hardware_flash/flash.c.obj
                0x100088b0                . = ALIGN (0x4)
 *fill*         0x100088ad        0x3 
 *(SORT_BY_ALIGNMENT(SORT_BY_NAME(.flashdata*)))
                0x100088b0                . = ALIGN (0x4)

.rel.dyn        0x100088b0        0x0
 .rel.iplt      0x100088b0        0x0 d:/progra~2/gbuarm~1/bin/../lib/gcc/arm-none-eabi/10.3.1/thumb/v6-m/nofp/crtbegin.o

.ARM.extab
 *(.ARM.extab* .gnu.linkonce.armextab.*)
                0x100088b0                __exidx_start = .

.ARM.exidx
 *(.ARM.exidx* .gnu.linkonce.armexidx.*)
                0x100088b0                __exidx_end = .
                0x100088b0                . = ALIGN (0x4)
                0x100088b0                __binary_info_start = .

.binary_info    0x100088b0       0x20
 *(.binary_info.keep.*)
 .binary_info.keep.__bi_ptr22
                0x100088b0        0x4 CMakeFiles/main.dir/C_/Users/Daniel/Desktop/pico/pico-sdk/src/rp2_common/pico_standard_link/binary_info.c.obj
 .binary_info.keep.__bi_ptr30
                0x100088b4        0x4 CMakeFiles/main.dir/C_/Users/Daniel/Desktop/pico/pico-sdk/src/rp2_common/pico_standard_link/binary_info.c.obj
 .binary_info.keep.__bi_ptr38
                0x100088b8        0x4 CMakeFiles/main.dir/C_/Users/Daniel/Desktop/pico/pico-sdk/src/rp2_common/pico_standard_link/binary_info.c.obj
 .binary_info.keep.__bi_ptr44
                0x100088bc        0x4 CMakeFiles/main.dir/C_/Users/Daniel/Desktop/pico/pico-sdk/src/rp2_common/pico_standard_link/binary_info.c.obj
 .binary_info.keep.__bi_ptr50
                0x100088c0        0x4 CMakeFiles/main.dir/C_/Users/Daniel/Desktop/pico/pico-sdk/src/rp2_common/pico_standard_link/binary_info.c.obj
 .binary_info.keep.__bi_ptr75
                0x100088c4        0x4 CMakeFiles/main.dir/C_/Users/Daniel/Desktop/pico/pico-sdk/src/rp2_common/pico_standard_link/binary_info.c.obj
 .binary_info.keep.__bi_ptr81
                0x100088c8        0x4 CMakeFiles/main.dir/C_/Users/Daniel/Desktop/pico/pico-sdk/src/rp2_common/pico_standard_link/binary_info.c.obj
 *(.binary_info.*)
 .binary_info.__bi_ptr93
                0x100088cc        0x4 CMakeFiles/main.dir/C_/Users/Daniel/Desktop/pico/pico-sdk/src/rp2_common/pico_stdio_usb/stdio_usb.c.obj
                0x100088d0                __binary_info_end = .
                0x100088d0                . = ALIGN (0x4)
                0x100088d0                __etext = .

.ram_vector_table
                0x20000000       0xc0
 *(.ram_vector_table)
 .ram_vector_table
                0x20000000       0xc0 CMakeFiles/main.dir/C_/Users/Daniel/Desktop/pico/pico-sdk/src/rp2_common/pico_runtime/runtime.c.obj
                0x20000000                ram_vector_table

.data           0x200000c0      0x460 load address 0x100088d0
                0x200000c0                __data_start__ = .
 *(vtable)
 *(.time_critical*)
 .time_critical.mutex_enter_blocking
                0x200000c0       0x48 CMakeFiles/main.dir/C_/Users/Daniel/Desktop/pico/pico-sdk/src/common/pico_sync/mutex.c.obj
                0x200000c0                mutex_enter_blocking
 .time_critical.mutex_try_enter
                0x20000108       0x46 CMakeFiles/main.dir/C_/Users/Daniel/Desktop/pico/pico-sdk/src/common/pico_sync/mutex.c.obj
                0x20000108                mutex_try_enter
 *fill*         0x2000014e        0x2 
 .time_critical.mutex_enter_block_until
                0x20000150       0x8c CMakeFiles/main.dir/C_/Users/Daniel/Desktop/pico/pico-sdk/src/common/pico_sync/mutex.c.obj
                0x20000150                mutex_enter_block_until
 .time_critical.mutex_enter_timeout_ms
                0x200001dc       0x74 CMakeFiles/main.dir/C_/Users/Daniel/Desktop/pico/pico-sdk/src/common/pico_sync/mutex.c.obj
                0x200001dc                mutex_enter_timeout_ms
 .time_critical.mutex_exit
                0x20000250       0x4c CMakeFiles/main.dir/C_/Users/Daniel/Desktop/pico/pico-sdk/src/common/pico_sync/mutex.c.obj
                0x20000250                mutex_exit
 .time_critical.flash_init_boot2_copyout
                0x2000029c       0x30 CMakeFiles/main.dir/C_/Users/Daniel/Desktop/pico/pico-sdk/src/rp2_common/hardware_flash/flash.c.obj
 .time_critical.flash_enable_xip_via_boot2
                0x200002cc       0x10 CMakeFiles/main.dir/C_/Users/Daniel/Desktop/pico/pico-sdk/src/rp2_common/hardware_flash/flash.c.obj
 .time_critical.flash_cs_force
                0x200002dc       0x28 CMakeFiles/main.dir/C_/Users/Daniel/Desktop/pico/pico-sdk/src/rp2_common/hardware_flash/flash.c.obj
 .time_critical.flash_do_cmd
                0x20000304       0xd8 CMakeFiles/main.dir/C_/Users/Daniel/Desktop/pico/pico-sdk/src/rp2_common/hardware_flash/flash.c.obj
                0x20000304                flash_do_cmd
 *(.text*)
 .text          0x200003dc        0x4 d:/progra~2/gbuarm~1/bin/../lib/gcc/arm-none-eabi/10.3.1/thumb/v6-m/nofp\libgcc.a(_dvmd_tls.o)
                0x200003dc                __aeabi_idiv0
                0x200003dc                __aeabi_ldiv0
 .text.__stub   0x200003e0       0x40 linker stubs
                0x20000420                . = ALIGN (0x4)
 *(.rodata*)
                0x20000420                . = ALIGN (0x4)
 *(.data*)
 .data.striped_spin_lock_num
                0x20000420        0x1 CMakeFiles/main.dir/C_/Users/Daniel/Desktop/pico/pico-sdk/src/rp2_common/hardware_sync/sync.c.obj
 *fill*         0x20000421        0x3 
 .data.default_alarm_pool
                0x20000424       0x18 CMakeFiles/main.dir/C_/Users/Daniel/Desktop/pico/pico-sdk/src/common/pico_time/time.c.obj
 .data.default_alarm_pool_heap
                0x2000043c       0x10 CMakeFiles/main.dir/C_/Users/Daniel/Desktop/pico/pico-sdk/src/common/pico_time/time.c.obj
 .data          0x2000044c       0x48 CMakeFiles/main.dir/C_/Users/Daniel/Desktop/pico/pico-sdk/src/rp2_common/hardware_irq/irq_handler_chain.S.obj
                0x2000044c                irq_handler_chain_slots
                0x2000047c                irq_handler_chain_first_slot
                0x20000486                irq_handler_chain_remove_tail
 *fill*         0x20000494        0xc 
 .data.aeabi_bits_funcs
                0x200004a0       0x10 CMakeFiles/main.dir/C_/Users/Daniel/Desktop/pico/pico-sdk/src/rp2_common/pico_bit_ops/bit_ops_aeabi.S.obj
                0x200004a0                aeabi_bits_funcs
                0x200004b0                aeabi_bits_funcs_end
 .data.aeabi_mem_funcs
                0x200004b0       0x10 CMakeFiles/main.dir/C_/Users/Daniel/Desktop/pico/pico-sdk/src/rp2_common/pico_mem_ops/mem_ops_aeabi.S.obj
                0x200004b0                aeabi_mem_funcs
                0x200004c0                aeabi_mem_funcs_end
 .data.stdio_usb
                0x200004c0       0x14 CMakeFiles/main.dir/C_/Users/Daniel/Desktop/pico/pico-sdk/src/rp2_common/pico_stdio_usb/stdio_usb.c.obj
                0x200004c0                stdio_usb
 .data.ep_dir_string
                0x200004d4        0x8 CMakeFiles/main.dir/C_/Users/Daniel/Desktop/pico/pico-sdk/lib/tinyusb/src/portable/raspberrypi/rp2040/rp2040_usb.c.obj
                0x200004d4                ep_dir_string
 .data._usbd_qdef
                0x200004dc       0x24 CMakeFiles/main.dir/C_/Users/Daniel/Desktop/pico/pico-sdk/lib/tinyusb/src/device/usbd.c.obj
                0x200004dc                _usbd_qdef
                0x20000500                . = ALIGN (0x4)
 *(.after_data.*)
                0x20000500                . = ALIGN (0x4)
                0x20000500                PROVIDE (__mutex_array_start = .)
 *(SORT_BY_NAME(.mutex_array.*))
 *(.mutex_array)
 .mutex_array   0x20000500        0x8 CMakeFiles/main.dir/C_/Users/Daniel/Desktop/pico/pico-sdk/src/rp2_common/pico_stdio/stdio.c.obj
                0x20000508                PROVIDE (__mutex_array_end = .)
                0x20000508                . = ALIGN (0x4)
                0x20000508                PROVIDE (__preinit_array_start = .)
 *(SORT_BY_NAME(.preinit_array.*))
 .preinit_array.00001
                0x20000508        0x4 CMakeFiles/main.dir/C_/Users/Daniel/Desktop/pico/pico-sdk/src/rp2_common/pico_mem_ops/mem_ops_aeabi.S.obj
 .preinit_array.00010
                0x2000050c        0x4 CMakeFiles/main.dir/C_/Users/Daniel/Desktop/pico/pico-sdk/src/rp2_common/pico_bit_ops/bit_ops_aeabi.S.obj
 .preinit_array.00020
                0x20000510        0x4 CMakeFiles/main.dir/C_/Users/Daniel/Desktop/pico/pico-sdk/src/rp2_common/pico_double/double_aeabi.S.obj
 .preinit_array.00020
                0x20000514        0x4 CMakeFiles/main.dir/C_/Users/Daniel/Desktop/pico/pico-sdk/src/rp2_common/pico_float/float_aeabi.S.obj
 *(.preinit_array)
                0x20000518                PROVIDE (__preinit_array_end = .)
                0x20000518                . = ALIGN (0x4)
                0x20000518                PROVIDE (__init_array_start = .)
 *(SORT_BY_NAME(.init_array.*))
 *(.init_array)
 .init_array    0x20000518        0x4 d:/progra~2/gbuarm~1/bin/../lib/gcc/arm-none-eabi/10.3.1/thumb/v6-m/nofp/crtbegin.o
 .init_array    0x2000051c        0x4 CMakeFiles/main.dir/C_/Users/Daniel/Desktop/pico/pico-sdk/src/rp2_common/pico_unique_id/unique_id.c.obj
                0x20000520                PROVIDE (__init_array_end = .)
                0x20000520                . = ALIGN (0x4)
                [!provide]                PROVIDE (__fini_array_start = .)
 *(SORT_BY_NAME(.fini_array.*))
 *(.fini_array)
                [!provide]                PROVIDE (__fini_array_end = .)
 *(.jcr)
                0x20000520                . = ALIGN (0x4)
                0x20000520                __data_end__ = .

.igot.plt       0x20000520        0x0 load address 0x10008d30
 .igot.plt      0x20000520        0x0 d:/progra~2/gbuarm~1/bin/../lib/gcc/arm-none-eabi/10.3.1/thumb/v6-m/nofp/crtbegin.o

.uninitialized_data
                0x20000520        0x0 load address 0x10008d30
                0x20000520                . = ALIGN (0x4)
 *(.uninitialized_data*)

.scratch_x      0x20040000        0x0 load address 0x10008d30
                0x20040000                __scratch_x_start__ = .
 *(.scratch_x.*)
                0x20040000                . = ALIGN (0x4)
                0x20040000                __scratch_x_end__ = .
                0x10008d30                __scratch_x_source__ = LOADADDR (.scratch_x)

.scratch_y      0x20041000        0x0 load address 0x10008d30
                0x20041000                __scratch_y_start__ = .
 *(.scratch_y.*)
                0x20041000                . = ALIGN (0x4)
                0x20041000                __scratch_y_end__ = .
                0x10008d30                __scratch_y_source__ = LOADADDR (.scratch_y)

.bss            0x20000520      0xd7c
                0x20000520                . = ALIGN (0x4)
                0x20000520                __bss_start__ = .
 *(SORT_BY_ALIGNMENT(SORT_BY_NAME(.bss*)))
 .bss.default_alarm_pool_entries
                0x20000520      0x100 CMakeFiles/main.dir/C_/Users/Daniel/Desktop/pico/pico-sdk/src/common/pico_time/time.c.obj
 .bss.last_avail_time.2
                0x20000620        0x8 CMakeFiles/main.dir/C_/Users/Daniel/Desktop/pico/pico-sdk/src/rp2_common/pico_stdio_usb/stdio_usb.c.obj
 .bss           0x20000628       0x1c d:/progra~2/gbuarm~1/bin/../lib/gcc/arm-none-eabi/10.3.1/thumb/v6-m/nofp/crtbegin.o
 .bss._app_driver
                0x20000644        0x4 CMakeFiles/main.dir/C_/Users/Daniel/Desktop/pico/pico-sdk/lib/tinyusb/src/device/usbd.c.obj
 .bss._cdcd_itf
                0x20000648      0x2d8 CMakeFiles/main.dir/C_/Users/Daniel/Desktop/pico/pico-sdk/lib/tinyusb/src/class/cdc/cdc_device.c.obj
 .bss._ctrl_xfer
                0x20000920       0x14 CMakeFiles/main.dir/C_/Users/Daniel/Desktop/pico/pico-sdk/lib/tinyusb/src/device/usbd_control.c.obj
 .bss._ubsd_mutexdef
                0x20000934        0x8 CMakeFiles/main.dir/C_/Users/Daniel/Desktop/pico/pico-sdk/lib/tinyusb/src/device/usbd.c.obj
 .bss._usbd_ctrl_buf
                0x2000093c       0x40 CMakeFiles/main.dir/C_/Users/Daniel/Desktop/pico/pico-sdk/lib/tinyusb/src/device/usbd_control.c.obj
 .bss._usbd_dev